
Running 285 tests using 8 workers

[1A[2K[1/285] [chromium] › tests\e2e\accessibility\a11y-compliance.spec.ts:67:7 › Accessibility (A11y) Compliance Tests › Keyboard navigation should work throughout the app
[1A[2K[2/285] [chromium] › tests\e2e\accessibility\a11y-compliance.spec.ts:111:7 › Accessibility (A11y) Compliance Tests › ARIA attributes should be properly implemented
[1A[2K[3/285] [chromium] › tests\e2e\accessibility\a11y-compliance.spec.ts:346:7 › Accessibility (A11y) Compliance Tests › Skip links should be present
[1A[2K[4/285] [chromium] › tests\e2e\accessibility\a11y-compliance.spec.ts:6:7 › Accessibility (A11y) Compliance Tests › Color contrast should meet WCAG AA requirements
[1A[2K[5/285] [chromium] › tests\e2e\accessibility\a11y-compliance.spec.ts:183:7 › Accessibility (A11y) Compliance Tests › Images should have appropriate alt text
[1A[2K[6/285] [chromium] › tests\e2e\accessibility\a11y-compliance.spec.ts:293:7 › Accessibility (A11y) Compliance Tests › Screen reader announcements should be present
[1A[2K[7/285] [chromium] › tests\e2e\accessibility\a11y-compliance.spec.ts:222:7 › Accessibility (A11y) Compliance Tests › Focus management should work correctly
[1A[2K[8/285] [chromium] › tests\e2e\accessibility\a11y-compliance.spec.ts:385:7 › Accessibility (A11y) Compliance Tests › Error messages should be accessible
[1A[2K[chromium] › tests\e2e\accessibility\a11y-compliance.spec.ts:385:7 › Accessibility (A11y) Compliance Tests › Error messages should be accessible
✓ wondernails: Error message accessibility validated

[1A[2K[chromium] › tests\e2e\accessibility\a11y-compliance.spec.ts:293:7 › Accessibility (A11y) Compliance Tests › Screen reader announcements should be present
✓ wondernails: Screen reader announcements validated

[1A[2K[chromium] › tests\e2e\accessibility\a11y-compliance.spec.ts:183:7 › Accessibility (A11y) Compliance Tests › Images should have appropriate alt text
✓ wondernails: Image alt text validated

[1A[2K[chromium] › tests\e2e\accessibility\a11y-compliance.spec.ts:6:7 › Accessibility (A11y) Compliance Tests › Color contrast should meet WCAG AA requirements
✓ wondernails: Color contrast validated

[1A[2K[chromium] › tests\e2e\accessibility\a11y-compliance.spec.ts:111:7 › Accessibility (A11y) Compliance Tests › ARIA attributes should be properly implemented
✓ wondernails: ARIA attributes validated

[1A[2K  1) [chromium] › tests\e2e\accessibility\a11y-compliance.spec.ts:67:7 › Accessibility (A11y) Compliance Tests › Keyboard navigation should work throughout the app 

    Error: locator.isVisible: Error: strict mode violation: locator(':focus') resolved to 2 elements:
        1) <nextjs-portal></nextjs-portal> aka locator('nextjs-portal')
        2) <button id="next-logo" aria-haspopup="menu" data-next-mark="true" aria-expanded="false" data-next-mark-loading="false" aria-label="Open Next.js Dev Tools" data-nextjs-dev-tools-button="true" aria-controls="nextjs-dev-tools-menu">…</button> aka getByRole('button', { name: 'Open Next.js Dev Tools' })

    Call log:
    [2m    - checking visibility of locator(':focus')[22m


      78 |
      79 |         const focusedElement = page.locator(':focus');
    > 80 |         const isVisible = await focusedElement.isVisible();
         |                                                ^
      81 |         expect(isVisible).toBeTruthy();
      82 |
      83 |         // Check focus indicator
        at c:\Dev\Zo\sass-store\tests\e2e\accessibility\a11y-compliance.spec.ts:80:48

    attachment #1: screenshot (image/png) ──────────────────────────────────────────────────────────
    test-results\accessibility-a11y-complia-01ae0-uld-work-throughout-the-app-chromium\test-failed-1.png
    ────────────────────────────────────────────────────────────────────────────────────────────────

    attachment #2: video (video/webm) ──────────────────────────────────────────────────────────────
    test-results\accessibility-a11y-complia-01ae0-uld-work-throughout-the-app-chromium\video.webm
    ────────────────────────────────────────────────────────────────────────────────────────────────

    Error Context: test-results\accessibility-a11y-complia-01ae0-uld-work-throughout-the-app-chromium\error-context.md


[1A[2K  2) [chromium] › tests\e2e\accessibility\a11y-compliance.spec.ts:222:7 › Accessibility (A11y) Compliance Tests › Focus management should work correctly 

    Error: locator.click: Element is outside of the viewport
    Call log:
    [2m  - waiting for locator('[data-testid*="modal"], [data-testid*="dialog"], button:has-text("Ver más")').first()[22m
    [2m    - locator resolved to <button data-testid="see-more-button" aria-label="Ver más del producto" class="HeroWondernailsGSAP_seeMore__ZOWCC">VER MÁS ↗</button>[22m
    [2m  - attempting click action[22m
    [2m    - scrolling into view if needed[22m
    [2m    - done scrolling[22m


      235 |         await trigger.scrollIntoViewIfNeeded();
      236 |         await page.waitForTimeout(300);
    > 237 |         await trigger.click({ force: true });
          |                       ^
      238 |
      239 |         // Focus should move to modal
      240 |         await page.waitForTimeout(500);
        at c:\Dev\Zo\sass-store\tests\e2e\accessibility\a11y-compliance.spec.ts:237:23

    attachment #1: screenshot (image/png) ──────────────────────────────────────────────────────────
    test-results\accessibility-a11y-complia-89bf9-ement-should-work-correctly-chromium\test-failed-1.png
    ────────────────────────────────────────────────────────────────────────────────────────────────

    attachment #2: video (video/webm) ──────────────────────────────────────────────────────────────
    test-results\accessibility-a11y-complia-89bf9-ement-should-work-correctly-chromium\video.webm
    ────────────────────────────────────────────────────────────────────────────────────────────────

    Error Context: test-results\accessibility-a11y-complia-89bf9-ement-should-work-correctly-chromium\error-context.md


[1A[2K[9/285] [chromium] › tests\e2e\accessibility\keyboard-only-flows.spec.ts:10:7 › Keyboard-Only Purchase Flow › should complete entire purchase using only keyboard navigation
[1A[2K[10/285] [chromium] › tests\e2e\accessibility\keyboard-only-flows.spec.ts:74:7 › Keyboard-Only Purchase Flow › should support keyboard navigation in product filters
[1A[2K[chromium] › tests\e2e\accessibility\a11y-compliance.spec.ts:346:7 › Accessibility (A11y) Compliance Tests › Skip links should be present
✓ wondernails: Skip links validated

[1A[2K✓ nom-nom: Skip links validated

[1A[2K[11/285] [chromium] › tests\e2e\accessibility\keyboard-only-flows.spec.ts:105:7 › Keyboard-Only Purchase Flow › should navigate product carousel with keyboard
[1A[2K[12/285] [chromium] › tests\e2e\accessibility\keyboard-only-flows.spec.ts:132:7 › Keyboard-Only Purchase Flow › should allow keyboard input in search
[1A[2K[13/285] [chromium] › tests\e2e\accessibility\keyboard-only-flows.spec.ts:155:7 › Screen Reader Booking Flow › should announce booking form properly for screen readers
[1A[2K  3) [chromium] › tests\e2e\accessibility\a11y-compliance.spec.ts:111:7 › Accessibility (A11y) Compliance Tests › ARIA attributes should be properly implemented 

    [31mTest timeout of 30000ms exceeded.[39m

    Error: page.waitForLoadState: Test timeout of 30000ms exceeded.

      112 |     for (const tenant of tenants) {
      113 |       await page.goto(`/t/${tenant}`);
    > 114 |       await page.waitForLoadState('networkidle');
          |                  ^
      115 |
      116 |       // Check for proper ARIA labels on interactive elements
      117 |       const buttons = page.locator('button');
        at c:\Dev\Zo\sass-store\tests\e2e\accessibility\a11y-compliance.spec.ts:114:18

    attachment #1: screenshot (image/png) ──────────────────────────────────────────────────────────
    test-results\accessibility-a11y-complia-66c35-uld-be-properly-implemented-chromium\test-failed-1.png
    ────────────────────────────────────────────────────────────────────────────────────────────────

    attachment #2: video (video/webm) ──────────────────────────────────────────────────────────────
    test-results\accessibility-a11y-complia-66c35-uld-be-properly-implemented-chromium\video.webm
    ────────────────────────────────────────────────────────────────────────────────────────────────

    Error Context: test-results\accessibility-a11y-complia-66c35-uld-be-properly-implemented-chromium\error-context.md


[1A[2K  4) [chromium] › tests\e2e\accessibility\a11y-compliance.spec.ts:293:7 › Accessibility (A11y) Compliance Tests › Screen reader announcements should be present 

    [31mTest timeout of 30000ms exceeded.[39m

    Error: page.waitForLoadState: Test timeout of 30000ms exceeded.

      294 |     for (const tenant of tenants.slice(0, 2)) {
      295 |       await page.goto(`/t/${tenant}`);
    > 296 |       await page.waitForLoadState('networkidle');
          |                  ^
      297 |
      298 |       // Check for live regions
      299 |       const liveRegions = page.locator('[aria-live], [role="status"], [role="alert"]');
        at c:\Dev\Zo\sass-store\tests\e2e\accessibility\a11y-compliance.spec.ts:296:18

    attachment #1: screenshot (image/png) ──────────────────────────────────────────────────────────
    test-results\accessibility-a11y-complia-7124d-uncements-should-be-present-chromium\test-failed-1.png
    ────────────────────────────────────────────────────────────────────────────────────────────────

    attachment #2: video (video/webm) ──────────────────────────────────────────────────────────────
    test-results\accessibility-a11y-complia-7124d-uncements-should-be-present-chromium\video.webm
    ────────────────────────────────────────────────────────────────────────────────────────────────

    Error Context: test-results\accessibility-a11y-complia-7124d-uncements-should-be-present-chromium\error-context.md


[1A[2K  5) [chromium] › tests\e2e\accessibility\a11y-compliance.spec.ts:6:7 › Accessibility (A11y) Compliance Tests › Color contrast should meet WCAG AA requirements 

    [31mTest timeout of 30000ms exceeded.[39m

    Error: page.waitForLoadState: Test timeout of 30000ms exceeded.

       7 |     for (const tenant of tenants) {
       8 |       await page.goto(`/t/${tenant}`);
    >  9 |       await page.waitForLoadState('networkidle');
         |                  ^
      10 |
      11 |       // Get all text elements and check contrast
      12 |       const textElements = page.locator('p, h1, h2, h3, h4, h5, h6, span, a, button, label');
        at c:\Dev\Zo\sass-store\tests\e2e\accessibility\a11y-compliance.spec.ts:9:18

    attachment #1: screenshot (image/png) ──────────────────────────────────────────────────────────
    test-results\accessibility-a11y-complia-b3437-d-meet-WCAG-AA-requirements-chromium\test-failed-1.png
    ────────────────────────────────────────────────────────────────────────────────────────────────

    attachment #2: video (video/webm) ──────────────────────────────────────────────────────────────
    test-results\accessibility-a11y-complia-b3437-d-meet-WCAG-AA-requirements-chromium\video.webm
    ────────────────────────────────────────────────────────────────────────────────────────────────

    Error Context: test-results\accessibility-a11y-complia-b3437-d-meet-WCAG-AA-requirements-chromium\error-context.md


[1A[2K  6) [chromium] › tests\e2e\accessibility\a11y-compliance.spec.ts:183:7 › Accessibility (A11y) Compliance Tests › Images should have appropriate alt text 

    [31mTest timeout of 30000ms exceeded.[39m

    Error: page.waitForLoadState: Test timeout of 30000ms exceeded.

      184 |     for (const tenant of tenants.slice(0, 2)) { // Test 2 tenants for performance
      185 |       await page.goto(`/t/${tenant}`);
    > 186 |       await page.waitForLoadState('networkidle');
          |                  ^
      187 |
      188 |       const images = page.locator('img');
      189 |       const imageCount = await images.count();
        at c:\Dev\Zo\sass-store\tests\e2e\accessibility\a11y-compliance.spec.ts:186:18

    attachment #1: screenshot (image/png) ──────────────────────────────────────────────────────────
    test-results\accessibility-a11y-complia-69d43-d-have-appropriate-alt-text-chromium\test-failed-1.png
    ────────────────────────────────────────────────────────────────────────────────────────────────

    attachment #2: video (video/webm) ──────────────────────────────────────────────────────────────
    test-results\accessibility-a11y-complia-69d43-d-have-appropriate-alt-text-chromium\video.webm
    ────────────────────────────────────────────────────────────────────────────────────────────────

    Error Context: test-results\accessibility-a11y-complia-69d43-d-have-appropriate-alt-text-chromium\error-context.md


[1A[2K  7) [chromium] › tests\e2e\accessibility\a11y-compliance.spec.ts:385:7 › Accessibility (A11y) Compliance Tests › Error messages should be accessible 

    [31mTest timeout of 30000ms exceeded.[39m

    Error: page.waitForLoadState: Test timeout of 30000ms exceeded.

      386 |     for (const tenant of tenants.slice(0, 2)) {
      387 |       await page.goto(`/t/${tenant}`);
    > 388 |       await page.waitForLoadState('networkidle');
          |                  ^
      389 |
      390 |       // Look for forms to test error handling
      391 |       const forms = page.locator('form');
        at c:\Dev\Zo\sass-store\tests\e2e\accessibility\a11y-compliance.spec.ts:388:18

    attachment #1: screenshot (image/png) ──────────────────────────────────────────────────────────
    test-results\accessibility-a11y-complia-1040e-ssages-should-be-accessible-chromium\test-failed-1.png
    ────────────────────────────────────────────────────────────────────────────────────────────────

    attachment #2: video (video/webm) ──────────────────────────────────────────────────────────────
    test-results\accessibility-a11y-complia-1040e-ssages-should-be-accessible-chromium\video.webm
    ────────────────────────────────────────────────────────────────────────────────────────────────

    Error Context: test-results\accessibility-a11y-complia-1040e-ssages-should-be-accessible-chromium\error-context.md


[1A[2K[14/285] [chromium] › tests\e2e\accessibility\keyboard-only-flows.spec.ts:214:7 › Screen Reader Booking Flow › should have descriptive labels for all form inputs
[1A[2K[15/285] [chromium] › tests\e2e\accessibility\keyboard-only-flows.spec.ts:250:7 › Screen Reader Booking Flow › should announce time slot availability
[1A[2K[16/285] [chromium] › tests\e2e\accessibility\keyboard-only-flows.spec.ts:274:7 › Screen Reader Booking Flow › should have proper focus indicators
[1A[2K[17/285] [chromium] › tests\e2e\accessibility\keyboard-only-flows.spec.ts:304:7 › Screen Reader Booking Flow › should support ARIA live regions for dynamic content
[1A[2K[18/285] [chromium] › tests\e2e\accessibility.spec.ts:4:7 › Accessibility Tests › Screen reader support should be comprehensive
[1A[2K  8) [chromium] › tests\e2e\accessibility\keyboard-only-flows.spec.ts:10:7 › Keyboard-Only Purchase Flow › should complete entire purchase using only keyboard navigation 

    Error: [2mexpect([22m[31mpage[39m[2m).[22mtoHaveURL[2m([22m[32mexpected[39m[2m)[22m failed

    Expected pattern: [32m/\/products\/.+/[39m
    Received string:  [31m""[39m
    Timeout: 5000ms

    Call log:
    [2m  - Expect "toHaveURL" with timeout 5000ms[22m
    [2m    - waiting for" http://localhost:3001/t/wondernails/services" navigation to finish...[22m


      19 |     // Select product via keyboard
      20 |     await page.keyboard.press('Enter');
    > 21 |     await expect(page).toHaveURL(/\/products\/.+/);
         |                        ^
      22 |
      23 |     await page.waitForTimeout(500);
      24 |
        at c:\Dev\Zo\sass-store\tests\e2e\accessibility\keyboard-only-flows.spec.ts:21:24

    attachment #1: video (video/webm) ──────────────────────────────────────────────────────────────
    test-results\accessibility-keyboard-onl-b38b3-ng-only-keyboard-navigation-chromium\video.webm
    ────────────────────────────────────────────────────────────────────────────────────────────────


[1A[2K[19/285] [chromium] › tests\e2e\accessibility.spec.ts:75:7 › Accessibility Tests › ARIA attributes should be properly implemented
[1A[2K  9) [chromium] › tests\e2e\accessibility.spec.ts:4:7 › Accessibility Tests › Screen reader support should be comprehensive 

    Error: [2mexpect([22m[31mreceived[39m[2m).[22mtoBeGreaterThan[2m([22m[32mexpected[39m[2m)[22m

    Expected: > [32m0[39m
    Received:   [31m0[39m

      16 |     const srOnlyElements = page.locator('.sr-only, .screen-reader-text, .visually-hidden');
      17 |     const srCount = await srOnlyElements.count();
    > 18 |     expect(srCount).toBeGreaterThan(0); // Should have screen reader elements
         |                     ^
      19 |
      20 |     // Validate that screen reader elements are properly hidden
      21 |     for (let i = 0; i < Math.min(5, srCount); i++) {
        at c:\Dev\Zo\sass-store\tests\e2e\accessibility.spec.ts:18:21

    attachment #1: screenshot (image/png) ──────────────────────────────────────────────────────────
    test-results\accessibility-Accessibilit-e27a0-ort-should-be-comprehensive-chromium\test-failed-1.png
    ────────────────────────────────────────────────────────────────────────────────────────────────

    attachment #2: video (video/webm) ──────────────────────────────────────────────────────────────
    test-results\accessibility-Accessibilit-e27a0-ort-should-be-comprehensive-chromium\video.webm
    ────────────────────────────────────────────────────────────────────────────────────────────────

    Error Context: test-results\accessibility-Accessibilit-e27a0-ort-should-be-comprehensive-chromium\error-context.md


[1A[2K  10) [chromium] › tests\e2e\accessibility.spec.ts:75:7 › Accessibility Tests › ARIA attributes should be properly implemented 

    Error: [2mexpect([22m[31mreceived[39m[2m).[22mtoBeGreaterThan[2m([22m[32mexpected[39m[2m)[22m

    Expected: > [32m0[39m
    Received:   [31m0[39m

      78 |     // Check for proper ARIA landmarks
      79 |     const landmarks = page.locator('[role="main"], [role="navigation"], [role="banner"], [role="contentinfo"], main, nav, header, footer');
    > 80 |     expect(await landmarks.count()).toBeGreaterThan(0);
         |                                     ^
      81 |
      82 |     // Check interactive elements have proper ARIA attributes
      83 |     const buttons = page.locator('button');
        at c:\Dev\Zo\sass-store\tests\e2e\accessibility.spec.ts:80:37

    attachment #1: screenshot (image/png) ──────────────────────────────────────────────────────────
    test-results\accessibility-Accessibilit-99716-uld-be-properly-implemented-chromium\test-failed-1.png
    ────────────────────────────────────────────────────────────────────────────────────────────────

    attachment #2: video (video/webm) ──────────────────────────────────────────────────────────────
    test-results\accessibility-Accessibilit-99716-uld-be-properly-implemented-chromium\video.webm
    ────────────────────────────────────────────────────────────────────────────────────────────────

    Error Context: test-results\accessibility-Accessibilit-99716-uld-be-properly-implemented-chromium\error-context.md


[1A[2K  11) [chromium] › tests\e2e\accessibility\keyboard-only-flows.spec.ts:105:7 › Keyboard-Only Purchase Flow › should navigate product carousel with keyboard 

    [31mTest timeout of 30000ms exceeded.[39m

    Error: locator.click: Test timeout of 30000ms exceeded.
    Call log:
    [2m  - waiting for locator('[data-testid="product-card"]').first()[22m
    [2m    - waiting for" http://localhost:3001/t/wondernails/products" navigation to finish...[22m
    [2m    - navigated to "http://localhost:3001/t/wondernails/products"[22m


      107 |
      108 |     const productCard = page.locator('[data-testid="product-card"]').first();
    > 109 |     await productCard.click();
          |                       ^
      110 |
      111 |     const imageCarousel = page.locator('[data-testid="product-carousel"], [data-testid="image-gallery"]');
      112 |     if (await imageCarousel.isVisible()) {
        at c:\Dev\Zo\sass-store\tests\e2e\accessibility\keyboard-only-flows.spec.ts:109:23

    attachment #1: screenshot (image/png) ──────────────────────────────────────────────────────────
    test-results\accessibility-keyboard-onl-097f9-duct-carousel-with-keyboard-chromium\test-failed-1.png
    ────────────────────────────────────────────────────────────────────────────────────────────────

    attachment #2: video (video/webm) ──────────────────────────────────────────────────────────────
    test-results\accessibility-keyboard-onl-097f9-duct-carousel-with-keyboard-chromium\video.webm
    ────────────────────────────────────────────────────────────────────────────────────────────────

    Error Context: test-results\accessibility-keyboard-onl-097f9-duct-carousel-with-keyboard-chromium\error-context.md


[1A[2K[20/285] [chromium] › tests\e2e\accessibility.spec.ts:132:7 › Accessibility Tests › Color contrast should meet WCAG requirements
[1A[2K[21/285] [chromium] › tests\e2e\accessibility.spec.ts:191:7 › Accessibility Tests › Keyboard navigation should work throughout the app
[1A[2K[22/285] [chromium] › tests\e2e\accessibility.spec.ts:233:7 › Accessibility Tests › Focus management should work correctly
[1A[2K  12) [chromium] › tests\e2e\accessibility.spec.ts:191:7 › Accessibility Tests › Keyboard navigation should work throughout the app 

    Error: [2mexpect([22m[31mreceived[39m[2m).[22mtoBe[2m([22m[32mexpected[39m[2m) // Object.is equality[22m

    Expected: [32m1[39m
    Received: [31m2[39m

      200 |     await page.keyboard.press('Tab');
      201 |     let focused = page.locator(':focus');
    > 202 |     expect(await focused.count()).toBe(1);
          |                                   ^
      203 |
      204 |     // Test that focus is visible
      205 |     const focusedElement = focused.first();
        at c:\Dev\Zo\sass-store\tests\e2e\accessibility.spec.ts:202:35

    attachment #1: screenshot (image/png) ──────────────────────────────────────────────────────────
    test-results\accessibility-Accessibilit-c4f34-uld-work-throughout-the-app-chromium\test-failed-1.png
    ────────────────────────────────────────────────────────────────────────────────────────────────

    attachment #2: video (video/webm) ──────────────────────────────────────────────────────────────
    test-results\accessibility-Accessibilit-c4f34-uld-work-throughout-the-app-chromium\video.webm
    ────────────────────────────────────────────────────────────────────────────────────────────────

    Error Context: test-results\accessibility-Accessibilit-c4f34-uld-work-throughout-the-app-chromium\error-context.md


[1A[2K[23/285] [chromium] › tests\e2e\auth\forgot-password.spec.ts:7:7 › Forgot Password Flow › should display forgot password page correctly
[1A[2K  13) [chromium] › tests\e2e\accessibility\keyboard-only-flows.spec.ts:155:7 › Screen Reader Booking Flow › should announce booking form properly for screen readers 

    [31mTest timeout of 30000ms exceeded.[39m

    Error: locator.textContent: Test timeout of 30000ms exceeded.
    Call log:
    [2m  - waiting for locator('h1')[22m


      172 |
      173 |     // Verify service page heading is announced
    > 174 |     const serviceHeading = await page.locator('h1').textContent();
          |                                                     ^
      175 |     expect(serviceHeading).toContain('Services');
      176 |
      177 |     // Select service via screen reader
        at c:\Dev\Zo\sass-store\tests\e2e\accessibility\keyboard-only-flows.spec.ts:174:53

    attachment #1: screenshot (image/png) ──────────────────────────────────────────────────────────
    test-results\accessibility-keyboard-onl-73acb-properly-for-screen-readers-chromium\test-failed-1.png
    ────────────────────────────────────────────────────────────────────────────────────────────────

    attachment #2: video (video/webm) ──────────────────────────────────────────────────────────────
    test-results\accessibility-keyboard-onl-73acb-properly-for-screen-readers-chromium\video.webm
    ────────────────────────────────────────────────────────────────────────────────────────────────

    Error Context: test-results\accessibility-keyboard-onl-73acb-properly-for-screen-readers-chromium\error-context.md


[1A[2K[24/285] [chromium] › tests\e2e\accessibility.spec.ts:270:7 › Accessibility Tests › Screen reader announcements should be present
[1A[2K[25/285] [chromium] › tests\e2e\auth\forgot-password.spec.ts:17:7 › Forgot Password Flow › should show validation error for empty email
[1A[2K  14) [chromium] › tests\e2e\accessibility.spec.ts:270:7 › Accessibility Tests › Screen reader announcements should be present 

    Error: [2mexpect([22m[31mreceived[39m[2m).[22mtoBeTruthy[2m()[22m

    Received: [31m""[39m

      277 |     // Check for proper page title
      278 |     const title = await page.title();
    > 279 |     expect(title).toBeTruthy();
          |                   ^
      280 |     expect(title.length).toBeGreaterThan(0);
      281 |
      282 |     // Check for language attribute
        at c:\Dev\Zo\sass-store\tests\e2e\accessibility.spec.ts:279:19

    attachment #1: screenshot (image/png) ──────────────────────────────────────────────────────────
    test-results\accessibility-Accessibilit-e9f41-uncements-should-be-present-chromium\test-failed-1.png
    ────────────────────────────────────────────────────────────────────────────────────────────────

    attachment #2: video (video/webm) ──────────────────────────────────────────────────────────────
    test-results\accessibility-Accessibilit-e9f41-uncements-should-be-present-chromium\video.webm
    ────────────────────────────────────────────────────────────────────────────────────────────────

    Error Context: test-results\accessibility-Accessibilit-e9f41-uncements-should-be-present-chromium\error-context.md


[1A[2K[26/285] [chromium] › tests\e2e\auth\forgot-password.spec.ts:29:7 › Forgot Password Flow › should show validation error for invalid email format
[1A[2K  15) [chromium] › tests\e2e\auth\forgot-password.spec.ts:7:7 › Forgot Password Flow › should display forgot password page correctly 

    Error: [2mexpect([22m[31mlocator[39m[2m).[22mtoContainText[2m([22m[32mexpected[39m[2m)[22m failed

    Locator: locator('h2')
    Expected string: [32m"Recuperar Contraseña"[39m
    Received: <element(s) not found>
    Timeout: 5000ms

    Call log:
    [2m  - Expect "toContainText" with timeout 5000ms[22m
    [2m  - waiting for locator('h2')[22m


       9 |
      10 |     // Check page elements
    > 11 |     await expect(page.locator('h2')).toContainText('Recuperar Contraseña');
         |                                      ^
      12 |     await expect(page.locator('input[type="email"]')).toBeVisible();
      13 |     await expect(page.locator('button[type="submit"]')).toBeVisible();
      14 |     await expect(page.locator('a[href*="login"]')).toBeVisible();
        at c:\Dev\Zo\sass-store\tests\e2e\auth\forgot-password.spec.ts:11:38

    attachment #1: screenshot (image/png) ──────────────────────────────────────────────────────────
    test-results\auth-forgot-password-Forgo-b8109-got-password-page-correctly-chromium\test-failed-1.png
    ────────────────────────────────────────────────────────────────────────────────────────────────

    attachment #2: video (video/webm) ──────────────────────────────────────────────────────────────
    test-results\auth-forgot-password-Forgo-b8109-got-password-page-correctly-chromium\video.webm
    ────────────────────────────────────────────────────────────────────────────────────────────────

    Error Context: test-results\auth-forgot-password-Forgo-b8109-got-password-page-correctly-chromium\error-context.md


[1A[2K  16) [chromium] › tests\e2e\accessibility\keyboard-only-flows.spec.ts:250:7 › Screen Reader Booking Flow › should announce time slot availability 

    [31mTest timeout of 30000ms exceeded.[39m

    Error: locator.click: Test timeout of 30000ms exceeded.
    Call log:
    [2m  - waiting for locator('[data-testid="service-card"]').first()[22m


      252 |
      253 |     const serviceCard = page.locator('[data-testid="service-card"]').first();
    > 254 |     await serviceCard.click();
          |                       ^
      255 |
      256 |     // Time slots should have aria-labels describing availability
      257 |     const timeSlots = page.locator('[data-testid="time-slot"]');
        at c:\Dev\Zo\sass-store\tests\e2e\accessibility\keyboard-only-flows.spec.ts:254:23

    attachment #1: screenshot (image/png) ──────────────────────────────────────────────────────────
    test-results\accessibility-keyboard-onl-516ff-unce-time-slot-availability-chromium\test-failed-1.png
    ────────────────────────────────────────────────────────────────────────────────────────────────

    attachment #2: video (video/webm) ──────────────────────────────────────────────────────────────
    test-results\accessibility-keyboard-onl-516ff-unce-time-slot-availability-chromium\video.webm
    ────────────────────────────────────────────────────────────────────────────────────────────────

    Error Context: test-results\accessibility-keyboard-onl-516ff-unce-time-slot-availability-chromium\error-context.md


[1A[2K  17) [chromium] › tests\e2e\accessibility\keyboard-only-flows.spec.ts:214:7 › Screen Reader Booking Flow › should have descriptive labels for all form inputs 

    [31mTest timeout of 30000ms exceeded.[39m

    Error: locator.click: Test timeout of 30000ms exceeded.
    Call log:
    [2m  - waiting for locator('[data-testid="service-card"]').first()[22m


      216 |
      217 |     const serviceCard = page.locator('[data-testid="service-card"]').first();
    > 218 |     await serviceCard.click();
          |                       ^
      219 |
      220 |     const bookButton = page.locator('[data-testid="book-service-btn"], button:has-text("Book")');
      221 |     if (await bookButton.isVisible()) {
        at c:\Dev\Zo\sass-store\tests\e2e\accessibility\keyboard-only-flows.spec.ts:218:23

    attachment #1: screenshot (image/png) ──────────────────────────────────────────────────────────
    test-results\accessibility-keyboard-onl-b44d9--labels-for-all-form-inputs-chromium\test-failed-1.png
    ────────────────────────────────────────────────────────────────────────────────────────────────

    attachment #2: video (video/webm) ──────────────────────────────────────────────────────────────
    test-results\accessibility-keyboard-onl-b44d9--labels-for-all-form-inputs-chromium\video.webm
    ────────────────────────────────────────────────────────────────────────────────────────────────

    Error Context: test-results\accessibility-keyboard-onl-b44d9--labels-for-all-form-inputs-chromium\error-context.md


[1A[2K  18) [chromium] › tests\e2e\accessibility\keyboard-only-flows.spec.ts:274:7 › Screen Reader Booking Flow › should have proper focus indicators 

    [31mTest timeout of 30000ms exceeded.[39m

    Error: locator.focus: Test timeout of 30000ms exceeded.
    Call log:
    [2m  - waiting for locator('[data-testid="service-card"]').first()[22m


      278 |
      279 |     // Focus element
    > 280 |     await serviceCard.focus();
          |                       ^
      281 |
      282 |     // Check for visible focus indicator
      283 |     const focusedElement = await page.evaluate(() => {
        at c:\Dev\Zo\sass-store\tests\e2e\accessibility\keyboard-only-flows.spec.ts:280:23

    attachment #1: screenshot (image/png) ──────────────────────────────────────────────────────────
    test-results\accessibility-keyboard-onl-b2084-ave-proper-focus-indicators-chromium\test-failed-1.png
    ────────────────────────────────────────────────────────────────────────────────────────────────

    attachment #2: video (video/webm) ──────────────────────────────────────────────────────────────
    test-results\accessibility-keyboard-onl-b2084-ave-proper-focus-indicators-chromium\video.webm
    ────────────────────────────────────────────────────────────────────────────────────────────────

    Error Context: test-results\accessibility-keyboard-onl-b2084-ave-proper-focus-indicators-chromium\error-context.md


[1A[2K  19) [chromium] › tests\e2e\accessibility\keyboard-only-flows.spec.ts:304:7 › Screen Reader Booking Flow › should support ARIA live regions for dynamic content 

    [31mTest timeout of 30000ms exceeded.[39m

    Error: locator.click: Test timeout of 30000ms exceeded.
    Call log:
    [2m  - waiting for locator('[data-testid="service-card"]').first()[22m


      306 |
      307 |     const serviceCard = page.locator('[data-testid="service-card"]').first();
    > 308 |     await serviceCard.click();
          |                       ^
      309 |
      310 |     const timeSlotPicker = page.locator('[data-testid="time-slot-picker"]');
      311 |     if (await timeSlotPicker.isVisible()) {
        at c:\Dev\Zo\sass-store\tests\e2e\accessibility\keyboard-only-flows.spec.ts:308:23

    attachment #1: screenshot (image/png) ──────────────────────────────────────────────────────────
    test-results\accessibility-keyboard-onl-ab35a-regions-for-dynamic-content-chromium\test-failed-1.png
    ────────────────────────────────────────────────────────────────────────────────────────────────

    attachment #2: video (video/webm) ──────────────────────────────────────────────────────────────
    test-results\accessibility-keyboard-onl-ab35a-regions-for-dynamic-content-chromium\video.webm
    ────────────────────────────────────────────────────────────────────────────────────────────────

    Error Context: test-results\accessibility-keyboard-onl-ab35a-regions-for-dynamic-content-chromium\error-context.md


[1A[2K[27/285] [chromium] › tests\e2e\auth\forgot-password.spec.ts:41:7 › Forgot Password Flow › should successfully submit forgot password request
[1A[2K[28/285] [chromium] › tests\e2e\auth\forgot-password.spec.ts:55:7 › Forgot Password Flow › should navigate back to login from forgot password
[1A[2K[29/285] [chromium] › tests\e2e\auth\forgot-password.spec.ts:64:7 › Forgot Password Flow › should display forgot password link on login page
[1A[2K[30/285] [chromium] › tests\e2e\auth\forgot-password.spec.ts:72:7 › Forgot Password Flow › should navigate from login to forgot password
[1A[2K[31/285] [chromium] › tests\e2e\auth\forgot-password.spec.ts:87:7 › Reset Password Flow › should display error for missing token
[1A[2K  20) [chromium] › tests\e2e\auth\forgot-password.spec.ts:87:7 › Reset Password Flow › should display error for missing token 

    Error: [2mexpect([22m[31mlocator[39m[2m).[22mtoBeVisible[2m()[22m failed

    Locator:  locator('text=Token de recuperación no válido')
    Expected: visible
    Received: <element(s) not found>
    Timeout:  5000ms

    Call log:
    [2m  - Expect "toBeVisible" with timeout 5000ms[22m
    [2m  - waiting for locator('text=Token de recuperación no válido')[22m


      88 |     await page.goto('/t/wondernails/reset-password');
      89 |
    > 90 |     await expect(page.locator('text=Token de recuperación no válido')).toBeVisible();
         |                                                                        ^
      91 |     await expect(page.locator('a[href*="forgot-password"]')).toBeVisible();
      92 |   });
      93 |
        at c:\Dev\Zo\sass-store\tests\e2e\auth\forgot-password.spec.ts:90:72

    attachment #1: screenshot (image/png) ──────────────────────────────────────────────────────────
    test-results\auth-forgot-password-Reset-35322-lay-error-for-missing-token-chromium\test-failed-1.png
    ────────────────────────────────────────────────────────────────────────────────────────────────

    attachment #2: video (video/webm) ──────────────────────────────────────────────────────────────
    test-results\auth-forgot-password-Reset-35322-lay-error-for-missing-token-chromium\video.webm
    ────────────────────────────────────────────────────────────────────────────────────────────────

    Error Context: test-results\auth-forgot-password-Reset-35322-lay-error-for-missing-token-chromium\error-context.md


[1A[2K  21) [chromium] › tests\e2e\auth\forgot-password.spec.ts:64:7 › Forgot Password Flow › should display forgot password link on login page 

    Error: [2mexpect([22m[31mlocator[39m[2m).[22mtoBeVisible[2m()[22m failed

    Locator:  locator('a[href*="forgot-password"]')
    Expected: visible
    Received: <element(s) not found>
    Timeout:  5000ms

    Call log:
    [2m  - Expect "toBeVisible" with timeout 5000ms[22m
    [2m  - waiting for locator('a[href*="forgot-password"]')[22m


      66 |
      67 |     const forgotPasswordLink = page.locator('a[href*="forgot-password"]');
    > 68 |     await expect(forgotPasswordLink).toBeVisible();
         |                                      ^
      69 |     await expect(forgotPasswordLink).toContainText('Olvidaste');
      70 |   });
      71 |
        at c:\Dev\Zo\sass-store\tests\e2e\auth\forgot-password.spec.ts:68:38

    attachment #1: screenshot (image/png) ──────────────────────────────────────────────────────────
    test-results\auth-forgot-password-Forgo-1e77d-password-link-on-login-page-chromium\test-failed-1.png
    ────────────────────────────────────────────────────────────────────────────────────────────────

    attachment #2: video (video/webm) ──────────────────────────────────────────────────────────────
    test-results\auth-forgot-password-Forgo-1e77d-password-link-on-login-page-chromium\video.webm
    ────────────────────────────────────────────────────────────────────────────────────────────────

    Error Context: test-results\auth-forgot-password-Forgo-1e77d-password-link-on-login-page-chromium\error-context.md


[1A[2K[32/285] [chromium] › tests\e2e\auth\forgot-password.spec.ts:94:7 › Reset Password Flow › should display error for invalid token
[1A[2K[33/285] [chromium] › tests\e2e\auth\forgot-password.spec.ts:101:7 › Reset Password Flow › should display reset password form with valid token
[1A[2K  22) [chromium] › tests\e2e\auth\forgot-password.spec.ts:94:7 › Reset Password Flow › should display error for invalid token 

    Error: [2mexpect([22m[31mlocator[39m[2m).[22mtoContainText[2m([22m[32mexpected[39m[2m)[22m failed

    Locator: locator('h2')
    Expected string: [32m"Restablecer Contraseña"[39m
    Received: <element(s) not found>
    Timeout: 5000ms

    Call log:
    [2m  - Expect "toContainText" with timeout 5000ms[22m
    [2m  - waiting for locator('h2')[22m


       96 |
       97 |     // Page should load
    >  98 |     await expect(page.locator('h2')).toContainText('Restablecer Contraseña');
          |                                      ^
       99 |   });
      100 |
      101 |   test('should display reset password form with valid token', async ({ page }) => {
        at c:\Dev\Zo\sass-store\tests\e2e\auth\forgot-password.spec.ts:98:38

    attachment #1: screenshot (image/png) ──────────────────────────────────────────────────────────
    test-results\auth-forgot-password-Reset-215d8-lay-error-for-invalid-token-chromium\test-failed-1.png
    ────────────────────────────────────────────────────────────────────────────────────────────────

    attachment #2: video (video/webm) ──────────────────────────────────────────────────────────────
    test-results\auth-forgot-password-Reset-215d8-lay-error-for-invalid-token-chromium\video.webm
    ────────────────────────────────────────────────────────────────────────────────────────────────

    Error Context: test-results\auth-forgot-password-Reset-215d8-lay-error-for-invalid-token-chromium\error-context.md


[1A[2K  23) [chromium] › tests\e2e\auth\forgot-password.spec.ts:101:7 › Reset Password Flow › should display reset password form with valid token 

    Error: [2mexpect([22m[31mlocator[39m[2m).[22mtoContainText[2m([22m[32mexpected[39m[2m)[22m failed

    Locator: locator('h2')
    Expected string: [32m"Restablecer Contraseña"[39m
    Received: <element(s) not found>
    Timeout: 5000ms

    Call log:
    [2m  - Expect "toContainText" with timeout 5000ms[22m
    [2m  - waiting for locator('h2')[22m


      103 |
      104 |     // Check form elements
    > 105 |     await expect(page.locator('h2')).toContainText('Restablecer Contraseña');
          |                                      ^
      106 |     await expect(page.locator('input[name="password"]')).toBeVisible();
      107 |     await expect(page.locator('input[name="confirmPassword"]')).toBeVisible();
      108 |     await expect(page.locator('button[type="submit"]')).toBeVisible();
        at c:\Dev\Zo\sass-store\tests\e2e\auth\forgot-password.spec.ts:105:38

    attachment #1: screenshot (image/png) ──────────────────────────────────────────────────────────
    test-results\auth-forgot-password-Reset-c9a62-sword-form-with-valid-token-chromium\test-failed-1.png
    ────────────────────────────────────────────────────────────────────────────────────────────────

    attachment #2: video (video/webm) ──────────────────────────────────────────────────────────────
    test-results\auth-forgot-password-Reset-c9a62-sword-form-with-valid-token-chromium\video.webm
    ────────────────────────────────────────────────────────────────────────────────────────────────

    Error Context: test-results\auth-forgot-password-Reset-c9a62-sword-form-with-valid-token-chromium\error-context.md


[1A[2K[34/285] [chromium] › tests\e2e\auth\forgot-password.spec.ts:111:7 › Reset Password Flow › should toggle password visibility
[1A[2K[35/285] [chromium] › tests\e2e\auth\forgot-password.spec.ts:131:7 › Reset Password Flow › should show error when passwords do not match
[1A[2K  24) [chromium] › tests\e2e\accessibility.spec.ts:233:7 › Accessibility Tests › Focus management should work correctly 

    [31mTest timeout of 30000ms exceeded.[39m

    Error: page.click: Test timeout of 30000ms exceeded.
    Call log:
    [2m  - waiting for locator('body')[22m
    [2m    - locator resolved to <body>…</body>[22m
    [2m  - attempting click action[22m
    [2m    2 × waiting for element to be visible, enabled and stable[22m
    [2m      - element is not visible[22m
    [2m    - retrying click action[22m
    [2m    - waiting 20ms[22m
    [2m    2 × waiting for element to be visible, enabled and stable[22m
    [2m      - element is not visible[22m
    [2m    - retrying click action[22m
    [2m      - waiting 100ms[22m
    [2m    52 × waiting for element to be visible, enabled and stable[22m
    [2m       - element is not visible[22m
    [2m     - retrying click action[22m
    [2m       - waiting 500ms[22m


      261 |
      262 |     // Test that clicking outside elements doesn't break focus
    > 263 |     await page.click('body');
          |                ^
      264 |     await page.keyboard.press('Tab');
      265 |
      266 |     const newFocused = page.locator(':focus');
        at c:\Dev\Zo\sass-store\tests\e2e\accessibility.spec.ts:263:16

    attachment #1: screenshot (image/png) ──────────────────────────────────────────────────────────
    test-results\accessibility-Accessibilit-ebd5e-ement-should-work-correctly-chromium\test-failed-1.png
    ────────────────────────────────────────────────────────────────────────────────────────────────

    attachment #2: video (video/webm) ──────────────────────────────────────────────────────────────
    test-results\accessibility-Accessibilit-ebd5e-ement-should-work-correctly-chromium\video.webm
    ────────────────────────────────────────────────────────────────────────────────────────────────

    Error Context: test-results\accessibility-Accessibilit-ebd5e-ement-should-work-correctly-chromium\error-context.md


[1A[2K[36/285] [chromium] › tests\e2e\auth\forgot-password.spec.ts:142:7 › Reset Password Flow › should show error for password less than 8 characters
[1A[2K  25) [chromium] › tests\e2e\auth\forgot-password.spec.ts:17:7 › Forgot Password Flow › should show validation error for empty email 

    [31mTest timeout of 30000ms exceeded.[39m

    Error: locator.click: Test timeout of 30000ms exceeded.
    Call log:
    [2m  - waiting for locator('button[type="submit"]')[22m


      19 |
      20 |     // Try to submit without email
    > 21 |     await page.locator('button[type="submit"]').click();
         |                                                 ^
      22 |
      23 |     // HTML5 validation should prevent submission
      24 |     const emailInput = page.locator('input[type="email"]');
        at c:\Dev\Zo\sass-store\tests\e2e\auth\forgot-password.spec.ts:21:49

    attachment #1: screenshot (image/png) ──────────────────────────────────────────────────────────
    test-results\auth-forgot-password-Forgo-92db9-ation-error-for-empty-email-chromium\test-failed-1.png
    ────────────────────────────────────────────────────────────────────────────────────────────────

    attachment #2: video (video/webm) ──────────────────────────────────────────────────────────────
    test-results\auth-forgot-password-Forgo-92db9-ation-error-for-empty-email-chromium\video.webm
    ────────────────────────────────────────────────────────────────────────────────────────────────

    Error Context: test-results\auth-forgot-password-Forgo-92db9-ation-error-for-empty-email-chromium\error-context.md


[1A[2K[37/285] [chromium] › tests\e2e\auth\forgot-password.spec.ts:154:7 › Reset Password Flow › should show loading state when submitting
[1A[2K  26) [chromium] › tests\e2e\auth\forgot-password.spec.ts:29:7 › Forgot Password Flow › should show validation error for invalid email format 

    [31mTest timeout of 30000ms exceeded.[39m

    Error: locator.fill: Test timeout of 30000ms exceeded.
    Call log:
    [2m  - waiting for locator('input[type="email"]')[22m


      30 |     await page.goto('/t/wondernails/forgot-password');
      31 |
    > 32 |     await page.locator('input[type="email"]').fill('invalid-email');
         |                                               ^
      33 |     await page.locator('button[type="submit"]').click();
      34 |
      35 |     // HTML5 validation should prevent submission
        at c:\Dev\Zo\sass-store\tests\e2e\auth\forgot-password.spec.ts:32:47

    attachment #1: screenshot (image/png) ──────────────────────────────────────────────────────────
    test-results\auth-forgot-password-Forgo-4688c-or-for-invalid-email-format-chromium\test-failed-1.png
    ────────────────────────────────────────────────────────────────────────────────────────────────

    attachment #2: video (video/webm) ──────────────────────────────────────────────────────────────
    test-results\auth-forgot-password-Forgo-4688c-or-for-invalid-email-format-chromium\video.webm
    ────────────────────────────────────────────────────────────────────────────────────────────────

    Error Context: test-results\auth-forgot-password-Forgo-4688c-or-for-invalid-email-format-chromium\error-context.md


[1A[2K  27) [chromium] › tests\e2e\auth\forgot-password.spec.ts:111:7 › Reset Password Flow › should toggle password visibility 

    Error: [2mexpect([22m[31mlocator[39m[2m).[22mtoHaveAttribute[2m([22m[32mexpected[39m[2m)[22m failed

    Locator: locator('input[name="password"]')
    Expected string: [32m"password"[39m
    Received: <element(s) not found>
    Timeout: 5000ms

    Call log:
    [2m  - Expect "toHaveAttribute" with timeout 5000ms[22m
    [2m  - waiting for locator('input[name="password"]')[22m


      116 |
      117 |     // Initially should be password type
    > 118 |     await expect(passwordInput).toHaveAttribute('type', 'password');
          |                                 ^
      119 |
      120 |     // Click toggle
      121 |     await toggleButton.click();
        at c:\Dev\Zo\sass-store\tests\e2e\auth\forgot-password.spec.ts:118:33

    attachment #1: screenshot (image/png) ──────────────────────────────────────────────────────────
    test-results\auth-forgot-password-Reset-cd96a--toggle-password-visibility-chromium\test-failed-1.png
    ────────────────────────────────────────────────────────────────────────────────────────────────

    attachment #2: video (video/webm) ──────────────────────────────────────────────────────────────
    test-results\auth-forgot-password-Reset-cd96a--toggle-password-visibility-chromium\video.webm
    ────────────────────────────────────────────────────────────────────────────────────────────────

    Error Context: test-results\auth-forgot-password-Reset-cd96a--toggle-password-visibility-chromium\error-context.md


[1A[2K[38/285] [chromium] › tests\e2e\auth\forgot-password.spec.ts:169:7 › Reset Password Flow › should navigate back to login from reset password
[1A[2K[39/285] [chromium] › tests\e2e\auth\forgot-password.spec.ts:178:7 › Reset Password Flow › should have proper form accessibility
[1A[2K  28) [chromium] › tests\e2e\auth\forgot-password.spec.ts:41:7 › Forgot Password Flow › should successfully submit forgot password request 

    [31mTest timeout of 30000ms exceeded.[39m

    Error: locator.fill: Test timeout of 30000ms exceeded.
    Call log:
    [2m  - waiting for locator('input[type="email"]')[22m


      42 |     await page.goto('/t/wondernails/forgot-password');
      43 |
    > 44 |     await page.locator('input[type="email"]').fill(testEmail);
         |                                               ^
      45 |     await page.locator('button[type="submit"]').click();
      46 |
      47 |     // Should show success message
        at c:\Dev\Zo\sass-store\tests\e2e\auth\forgot-password.spec.ts:44:47

    attachment #1: screenshot (image/png) ──────────────────────────────────────────────────────────
    test-results\auth-forgot-password-Forgo-f80cd-mit-forgot-password-request-chromium\test-failed-1.png
    ────────────────────────────────────────────────────────────────────────────────────────────────

    attachment #2: video (video/webm) ──────────────────────────────────────────────────────────────
    test-results\auth-forgot-password-Forgo-f80cd-mit-forgot-password-request-chromium\video.webm
    ────────────────────────────────────────────────────────────────────────────────────────────────

    Error Context: test-results\auth-forgot-password-Forgo-f80cd-mit-forgot-password-request-chromium\error-context.md


[1A[2K  29) [chromium] › tests\e2e\auth\forgot-password.spec.ts:55:7 › Forgot Password Flow › should navigate back to login from forgot password 

    [31mTest timeout of 30000ms exceeded.[39m

    Error: locator.click: Test timeout of 30000ms exceeded.
    Call log:
    [2m  - waiting for locator('a[href*="login"]').first()[22m


      56 |     await page.goto('/t/wondernails/forgot-password');
      57 |
    > 58 |     await page.locator('a[href*="login"]').first().click();
         |                                                    ^
      59 |     await page.waitForURL('**/login');
      60 |
      61 |     expect(page.url()).toContain('/login');
        at c:\Dev\Zo\sass-store\tests\e2e\auth\forgot-password.spec.ts:58:52

    attachment #1: screenshot (image/png) ──────────────────────────────────────────────────────────
    test-results\auth-forgot-password-Forgo-b9124--login-from-forgot-password-chromium\test-failed-1.png
    ────────────────────────────────────────────────────────────────────────────────────────────────

    attachment #2: video (video/webm) ──────────────────────────────────────────────────────────────
    test-results\auth-forgot-password-Forgo-b9124--login-from-forgot-password-chromium\video.webm
    ────────────────────────────────────────────────────────────────────────────────────────────────

    Error Context: test-results\auth-forgot-password-Forgo-b9124--login-from-forgot-password-chromium\error-context.md


[1A[2K[40/285] [chromium] › tests\e2e\auth\forgot-password.spec.ts:193:7 › Reset Password Flow › should handle keyboard navigation
[1A[2K  30) [chromium] › tests\e2e\auth\forgot-password.spec.ts:72:7 › Forgot Password Flow › should navigate from login to forgot password 

    [31mTest timeout of 30000ms exceeded.[39m

    Error: locator.click: Test timeout of 30000ms exceeded.
    Call log:
    [2m  - waiting for locator('a[href*="forgot-password"]')[22m


      73 |     await page.goto('/t/wondernails/login');
      74 |
    > 75 |     await page.locator('a[href*="forgot-password"]').click();
         |                                                      ^
      76 |     await page.waitForURL('**/forgot-password');
      77 |
      78 |     expect(page.url()).toContain('/forgot-password');
        at c:\Dev\Zo\sass-store\tests\e2e\auth\forgot-password.spec.ts:75:54

    attachment #1: screenshot (image/png) ──────────────────────────────────────────────────────────
    test-results\auth-forgot-password-Forgo-a79f0-om-login-to-forgot-password-chromium\test-failed-1.png
    ────────────────────────────────────────────────────────────────────────────────────────────────

    attachment #2: video (video/webm) ──────────────────────────────────────────────────────────────
    test-results\auth-forgot-password-Forgo-a79f0-om-login-to-forgot-password-chromium\video.webm
    ────────────────────────────────────────────────────────────────────────────────────────────────

    Error Context: test-results\auth-forgot-password-Forgo-a79f0-om-login-to-forgot-password-chromium\error-context.md


[1A[2K[41/285] [chromium] › tests\e2e\auth\forgot-password.spec.ts:213:7 › Forgot Password - Multiple Tenants › should work correctly for all tenants
[1A[2K  31) [chromium] › tests\e2e\auth\forgot-password.spec.ts:178:7 › Reset Password Flow › should have proper form accessibility 

    Error: [2mexpect([22m[31mlocator[39m[2m).[22mtoBeVisible[2m()[22m failed

    Locator:  locator('label[for="password"]')
    Expected: visible
    Received: <element(s) not found>
    Timeout:  5000ms

    Call log:
    [2m  - Expect "toBeVisible" with timeout 5000ms[22m
    [2m  - waiting for locator('label[for="password"]')[22m


      183 |     const confirmLabel = page.locator('label[for="confirmPassword"]');
      184 |
    > 185 |     await expect(passwordLabel).toBeVisible();
          |                                 ^
      186 |     await expect(confirmLabel).toBeVisible();
      187 |
      188 |     // Check required attributes
        at c:\Dev\Zo\sass-store\tests\e2e\auth\forgot-password.spec.ts:185:33

    attachment #1: screenshot (image/png) ──────────────────────────────────────────────────────────
    test-results\auth-forgot-password-Reset-23b15-e-proper-form-accessibility-chromium\test-failed-1.png
    ────────────────────────────────────────────────────────────────────────────────────────────────

    attachment #2: video (video/webm) ──────────────────────────────────────────────────────────────
    test-results\auth-forgot-password-Reset-23b15-e-proper-form-accessibility-chromium\video.webm
    ────────────────────────────────────────────────────────────────────────────────────────────────

    Error Context: test-results\auth-forgot-password-Reset-23b15-e-proper-form-accessibility-chromium\error-context.md


[1A[2K[42/285] [chromium] › tests\e2e\auth\forgot-password.spec.ts:229:7 › Forgot Password - Error Handling › should handle network errors gracefully
[1A[2K[43/285] [chromium] › tests\e2e\auth\forgot-password.spec.ts:244:7 › Forgot Password - Error Handling › should handle API error responses
[1A[2K  32) [chromium] › tests\e2e\auth\forgot-password.spec.ts:193:7 › Reset Password Flow › should handle keyboard navigation 

    Error: [2mexpect([22m[31mlocator[39m[2m).[22mtoBeFocused[2m()[22m failed

    Locator:  locator('input[name="password"]')
    Expected: focused
    Received: <element(s) not found>
    Timeout:  5000ms

    Call log:
    [2m  - Expect "toBeFocused" with timeout 5000ms[22m
    [2m  - waiting for locator('input[name="password"]')[22m


      197 |     await page.keyboard.press('Tab');
      198 |     const firstInput = page.locator('input[name="password"]');
    > 199 |     await expect(firstInput).toBeFocused();
          |                              ^
      200 |
      201 |     await page.keyboard.press('Tab');
      202 |     // Should skip the toggle button or move to next input
        at c:\Dev\Zo\sass-store\tests\e2e\auth\forgot-password.spec.ts:199:30

    attachment #1: screenshot (image/png) ──────────────────────────────────────────────────────────
    test-results\auth-forgot-password-Reset-08ef7--handle-keyboard-navigation-chromium\test-failed-1.png
    ────────────────────────────────────────────────────────────────────────────────────────────────

    attachment #2: video (video/webm) ──────────────────────────────────────────────────────────────
    test-results\auth-forgot-password-Reset-08ef7--handle-keyboard-navigation-chromium\video.webm
    ────────────────────────────────────────────────────────────────────────────────────────────────

    Error Context: test-results\auth-forgot-password-Reset-08ef7--handle-keyboard-navigation-chromium\error-context.md


[1A[2K[44/285] [chromium] › tests\e2e\auth\register.spec.ts:18:7 › User Registration Flow › should successfully register a new user
[1A[2K  33) [chromium] › tests\e2e\auth\forgot-password.spec.ts:213:7 › Forgot Password - Multiple Tenants › should work correctly for all tenants 

    Error: [2mexpect([22m[31mlocator[39m[2m).[22mtoContainText[2m([22m[32mexpected[39m[2m)[22m failed

    Locator: locator('h2')
    Expected string: [32m"Recuperar"[39m
    Received: <element(s) not found>
    Timeout: 5000ms

    Call log:
    [2m  - Expect "toContainText" with timeout 5000ms[22m
    [2m  - waiting for locator('h2')[22m


      216 |
      217 |       // Page should load
    > 218 |       await expect(page.locator('h2')).toContainText('Recuperar');
          |                                        ^
      219 |       await expect(page.locator('input[type="email"]')).toBeVisible();
      220 |
      221 |       // Check back link is tenant-specific
        at c:\Dev\Zo\sass-store\tests\e2e\auth\forgot-password.spec.ts:218:40

    attachment #1: screenshot (image/png) ──────────────────────────────────────────────────────────
    test-results\auth-forgot-password-Forgo-d2517-k-correctly-for-all-tenants-chromium\test-failed-1.png
    ────────────────────────────────────────────────────────────────────────────────────────────────

    attachment #2: video (video/webm) ──────────────────────────────────────────────────────────────
    test-results\auth-forgot-password-Forgo-d2517-k-correctly-for-all-tenants-chromium\video.webm
    ────────────────────────────────────────────────────────────────────────────────────────────────

    Error Context: test-results\auth-forgot-password-Forgo-d2517-k-correctly-for-all-tenants-chromium\error-context.md


[1A[2K[45/285] [chromium] › tests\e2e\auth\register.spec.ts:42:7 › User Registration Flow › should show password visibility toggle
[1A[2K  34) [chromium] › tests\e2e\auth\forgot-password.spec.ts:131:7 › Reset Password Flow › should show error when passwords do not match 

    [31mTest timeout of 30000ms exceeded.[39m

    Error: locator.fill: Test timeout of 30000ms exceeded.
    Call log:
    [2m  - waiting for locator('input[name="password"]')[22m


      132 |     await page.goto(`/t/wondernails/reset-password?token=${validToken}`);
      133 |
    > 134 |     await page.locator('input[name="password"]').fill('Password123!');
          |                                                  ^
      135 |     await page.locator('input[name="confirmPassword"]').fill('DifferentPassword123!');
      136 |     await page.locator('button[type="submit"]').click();
      137 |
        at c:\Dev\Zo\sass-store\tests\e2e\auth\forgot-password.spec.ts:134:50

    attachment #1: screenshot (image/png) ──────────────────────────────────────────────────────────
    test-results\auth-forgot-password-Reset-b63d7-when-passwords-do-not-match-chromium\test-failed-1.png
    ────────────────────────────────────────────────────────────────────────────────────────────────

    attachment #2: video (video/webm) ──────────────────────────────────────────────────────────────
    test-results\auth-forgot-password-Reset-b63d7-when-passwords-do-not-match-chromium\video.webm
    ────────────────────────────────────────────────────────────────────────────────────────────────

    Error Context: test-results\auth-forgot-password-Reset-b63d7-when-passwords-do-not-match-chromium\error-context.md


[1A[2K  35) [chromium] › tests\e2e\auth\register.spec.ts:42:7 › User Registration Flow › should show password visibility toggle 

    Error: [2mexpect([22m[31mlocator[39m[2m).[22mtoContainText[2m([22m[32mexpected[39m[2m)[22m failed

    Locator: locator('h1')
    Expected pattern: [32m/registr|crear cuenta/i[39m
    Received: <element(s) not found>
    Timeout: 5000ms

    Call log:
    [2m  - Expect "toContainText" with timeout 5000ms[22m
    [2m  - waiting for locator('h1')[22m


      13 |     // Navigate to Wonder Nails registration page
      14 |     await page.goto('/t/wondernails/register');
    > 15 |     await expect(page.locator('h1')).toContainText(/registr|crear cuenta/i);
         |                                      ^
      16 |   });
      17 |
      18 |   test('should successfully register a new user', async ({ page }) => {
        at c:\Dev\Zo\sass-store\tests\e2e\auth\register.spec.ts:15:38

    attachment #1: screenshot (image/png) ──────────────────────────────────────────────────────────
    test-results\auth-register-User-Registr-7d97b--password-visibility-toggle-chromium\test-failed-1.png
    ────────────────────────────────────────────────────────────────────────────────────────────────

    attachment #2: video (video/webm) ──────────────────────────────────────────────────────────────
    test-results\auth-register-User-Registr-7d97b--password-visibility-toggle-chromium\video.webm
    ────────────────────────────────────────────────────────────────────────────────────────────────

    Error Context: test-results\auth-register-User-Registr-7d97b--password-visibility-toggle-chromium\error-context.md


[1A[2K  36) [chromium] › tests\e2e\auth\register.spec.ts:18:7 › User Registration Flow › should successfully register a new user 

    Error: [2mexpect([22m[31mlocator[39m[2m).[22mtoContainText[2m([22m[32mexpected[39m[2m)[22m failed

    Locator: locator('h1')
    Expected pattern: [32m/registr|crear cuenta/i[39m
    Received: <element(s) not found>
    Timeout: 5000ms

    Call log:
    [2m  - Expect "toContainText" with timeout 5000ms[22m
    [2m  - waiting for locator('h1')[22m


      13 |     // Navigate to Wonder Nails registration page
      14 |     await page.goto('/t/wondernails/register');
    > 15 |     await expect(page.locator('h1')).toContainText(/registr|crear cuenta/i);
         |                                      ^
      16 |   });
      17 |
      18 |   test('should successfully register a new user', async ({ page }) => {
        at c:\Dev\Zo\sass-store\tests\e2e\auth\register.spec.ts:15:38

    attachment #1: screenshot (image/png) ──────────────────────────────────────────────────────────
    test-results\auth-register-User-Registr-fd562-ssfully-register-a-new-user-chromium\test-failed-1.png
    ────────────────────────────────────────────────────────────────────────────────────────────────

    attachment #2: video (video/webm) ──────────────────────────────────────────────────────────────
    test-results\auth-register-User-Registr-fd562-ssfully-register-a-new-user-chromium\video.webm
    ────────────────────────────────────────────────────────────────────────────────────────────────

    Error Context: test-results\auth-register-User-Registr-fd562-ssfully-register-a-new-user-chromium\error-context.md


[1A[2K[46/285] [chromium] › tests\e2e\auth\register.spec.ts:58:7 › User Registration Flow › should validate required fields
[1A[2K[47/285] [chromium] › tests\e2e\auth\register.spec.ts:89:7 › User Registration Flow › should validate password length
[1A[2K[48/285] [chromium] › tests\e2e\auth\register.spec.ts:73:7 › User Registration Flow › should validate email format
[1A[2K  37) [chromium] › tests\e2e\auth\forgot-password.spec.ts:142:7 › Reset Password Flow › should show error for password less than 8 characters 

    [31mTest timeout of 30000ms exceeded.[39m

    Error: locator.fill: Test timeout of 30000ms exceeded.
    Call log:
    [2m  - waiting for locator('input[name="password"]')[22m


      144 |
      145 |     const shortPassword = 'Pass1!';
    > 146 |     await page.locator('input[name="password"]').fill(shortPassword);
          |                                                  ^
      147 |     await page.locator('input[name="confirmPassword"]').fill(shortPassword);
      148 |     await page.locator('button[type="submit"]').click();
      149 |
        at c:\Dev\Zo\sass-store\tests\e2e\auth\forgot-password.spec.ts:146:50

    attachment #1: screenshot (image/png) ──────────────────────────────────────────────────────────
    test-results\auth-forgot-password-Reset-0f315-word-less-than-8-characters-chromium\test-failed-1.png
    ────────────────────────────────────────────────────────────────────────────────────────────────

    attachment #2: video (video/webm) ──────────────────────────────────────────────────────────────
    test-results\auth-forgot-password-Reset-0f315-word-less-than-8-characters-chromium\video.webm
    ────────────────────────────────────────────────────────────────────────────────────────────────

    Error Context: test-results\auth-forgot-password-Reset-0f315-word-less-than-8-characters-chromium\error-context.md


[1A[2K[49/285] [chromium] › tests\e2e\auth\register.spec.ts:104:7 › User Registration Flow › should validate password confirmation match
[1A[2K  38) [chromium] › tests\e2e\auth\forgot-password.spec.ts:154:7 › Reset Password Flow › should show loading state when submitting 

    [31mTest timeout of 30000ms exceeded.[39m

    Error: locator.fill: Test timeout of 30000ms exceeded.
    Call log:
    [2m  - waiting for locator('input[name="password"]')[22m


      155 |     await page.goto(`/t/wondernails/reset-password?token=${validToken}`);
      156 |
    > 157 |     await page.locator('input[name="password"]').fill(newPassword);
          |                                                  ^
      158 |     await page.locator('input[name="confirmPassword"]').fill(newPassword);
      159 |
      160 |     const submitButton = page.locator('button[type="submit"]');
        at c:\Dev\Zo\sass-store\tests\e2e\auth\forgot-password.spec.ts:157:50

    attachment #1: screenshot (image/png) ──────────────────────────────────────────────────────────
    test-results\auth-forgot-password-Reset-6acec-ading-state-when-submitting-chromium\test-failed-1.png
    ────────────────────────────────────────────────────────────────────────────────────────────────

    attachment #2: video (video/webm) ──────────────────────────────────────────────────────────────
    test-results\auth-forgot-password-Reset-6acec-ading-state-when-submitting-chromium\video.webm
    ────────────────────────────────────────────────────────────────────────────────────────────────

    Error Context: test-results\auth-forgot-password-Reset-6acec-ading-state-when-submitting-chromium\error-context.md


[1A[2K[50/285] [chromium] › tests\e2e\auth\register.spec.ts:119:7 › User Registration Flow › should require terms and conditions acceptance
[1A[2K  39) [chromium] › tests\e2e\auth\forgot-password.spec.ts:169:7 › Reset Password Flow › should navigate back to login from reset password 

    [31mTest timeout of 30000ms exceeded.[39m

    Error: locator.click: Test timeout of 30000ms exceeded.
    Call log:
    [2m  - waiting for locator('a[href*="login"]').first()[22m


      170 |     await page.goto(`/t/wondernails/reset-password?token=${validToken}`);
      171 |
    > 172 |     await page.locator('a[href*="login"]').first().click();
          |                                                    ^
      173 |     await page.waitForURL('**/login');
      174 |
      175 |     expect(page.url()).toContain('/login');
        at c:\Dev\Zo\sass-store\tests\e2e\auth\forgot-password.spec.ts:172:52

    attachment #1: screenshot (image/png) ──────────────────────────────────────────────────────────
    test-results\auth-forgot-password-Reset-39fa9-o-login-from-reset-password-chromium\test-failed-1.png
    ────────────────────────────────────────────────────────────────────────────────────────────────

    attachment #2: video (video/webm) ──────────────────────────────────────────────────────────────
    test-results\auth-forgot-password-Reset-39fa9-o-login-from-reset-password-chromium\video.webm
    ────────────────────────────────────────────────────────────────────────────────────────────────

    Error Context: test-results\auth-forgot-password-Reset-39fa9-o-login-from-reset-password-chromium\error-context.md


[1A[2K[51/285] [chromium] › tests\e2e\auth\register.spec.ts:134:7 › User Registration Flow › should prevent duplicate email registration
[1A[2K  40) [chromium] › tests\e2e\auth\register.spec.ts:58:7 › User Registration Flow › should validate required fields 

    Error: [2mexpect([22m[31mlocator[39m[2m).[22mtoContainText[2m([22m[32mexpected[39m[2m)[22m failed

    Locator: locator('h1')
    Expected pattern: [32m/registr|crear cuenta/i[39m
    Received: <element(s) not found>
    Timeout: 5000ms

    Call log:
    [2m  - Expect "toContainText" with timeout 5000ms[22m
    [2m  - waiting for locator('h1')[22m


      13 |     // Navigate to Wonder Nails registration page
      14 |     await page.goto('/t/wondernails/register');
    > 15 |     await expect(page.locator('h1')).toContainText(/registr|crear cuenta/i);
         |                                      ^
      16 |   });
      17 |
      18 |   test('should successfully register a new user', async ({ page }) => {
        at c:\Dev\Zo\sass-store\tests\e2e\auth\register.spec.ts:15:38

    attachment #1: screenshot (image/png) ──────────────────────────────────────────────────────────
    test-results\auth-register-User-Registr-f9338-ld-validate-required-fields-chromium\test-failed-1.png
    ────────────────────────────────────────────────────────────────────────────────────────────────

    attachment #2: video (video/webm) ──────────────────────────────────────────────────────────────
    test-results\auth-register-User-Registr-f9338-ld-validate-required-fields-chromium\video.webm
    ────────────────────────────────────────────────────────────────────────────────────────────────

    Error Context: test-results\auth-register-User-Registr-f9338-ld-validate-required-fields-chromium\error-context.md


[1A[2K  41) [chromium] › tests\e2e\auth\register.spec.ts:89:7 › User Registration Flow › should validate password length 

    Error: [2mexpect([22m[31mlocator[39m[2m).[22mtoContainText[2m([22m[32mexpected[39m[2m)[22m failed

    Locator: locator('h1')
    Expected pattern: [32m/registr|crear cuenta/i[39m
    Received: <element(s) not found>
    Timeout: 5000ms

    Call log:
    [2m  - Expect "toContainText" with timeout 5000ms[22m
    [2m  - waiting for locator('h1')[22m


      13 |     // Navigate to Wonder Nails registration page
      14 |     await page.goto('/t/wondernails/register');
    > 15 |     await expect(page.locator('h1')).toContainText(/registr|crear cuenta/i);
         |                                      ^
      16 |   });
      17 |
      18 |   test('should successfully register a new user', async ({ page }) => {
        at c:\Dev\Zo\sass-store\tests\e2e\auth\register.spec.ts:15:38

    attachment #1: screenshot (image/png) ──────────────────────────────────────────────────────────
    test-results\auth-register-User-Registr-51594-ld-validate-password-length-chromium\test-failed-1.png
    ────────────────────────────────────────────────────────────────────────────────────────────────

    attachment #2: video (video/webm) ──────────────────────────────────────────────────────────────
    test-results\auth-register-User-Registr-51594-ld-validate-password-length-chromium\video.webm
    ────────────────────────────────────────────────────────────────────────────────────────────────

    Error Context: test-results\auth-register-User-Registr-51594-ld-validate-password-length-chromium\error-context.md


[1A[2K  42) [chromium] › tests\e2e\auth\register.spec.ts:73:7 › User Registration Flow › should validate email format 

    Error: [2mexpect([22m[31mlocator[39m[2m).[22mtoContainText[2m([22m[32mexpected[39m[2m)[22m failed

    Locator: locator('h1')
    Expected pattern: [32m/registr|crear cuenta/i[39m
    Received: <element(s) not found>
    Timeout: 5000ms

    Call log:
    [2m  - Expect "toContainText" with timeout 5000ms[22m
    [2m  - waiting for locator('h1')[22m


      13 |     // Navigate to Wonder Nails registration page
      14 |     await page.goto('/t/wondernails/register');
    > 15 |     await expect(page.locator('h1')).toContainText(/registr|crear cuenta/i);
         |                                      ^
      16 |   });
      17 |
      18 |   test('should successfully register a new user', async ({ page }) => {
        at c:\Dev\Zo\sass-store\tests\e2e\auth\register.spec.ts:15:38

    attachment #1: screenshot (image/png) ──────────────────────────────────────────────────────────
    test-results\auth-register-User-Registr-9a869-hould-validate-email-format-chromium\test-failed-1.png
    ────────────────────────────────────────────────────────────────────────────────────────────────

    attachment #2: video (video/webm) ──────────────────────────────────────────────────────────────
    test-results\auth-register-User-Registr-9a869-hould-validate-email-format-chromium\video.webm
    ────────────────────────────────────────────────────────────────────────────────────────────────

    Error Context: test-results\auth-register-User-Registr-9a869-hould-validate-email-format-chromium\error-context.md


[1A[2K[52/285] [chromium] › tests\e2e\auth\register.spec.ts:163:7 › User Registration Flow › should disable form during submission
[1A[2K[53/285] [chromium] › tests\e2e\auth\register.spec.ts:180:7 › User Registration Flow › should maintain tenant context across registration
[1A[2K[54/285] [chromium] › tests\e2e\auth\register.spec.ts:197:7 › User Registration Flow › should work across different tenants
[1A[2K  43) [chromium] › tests\e2e\auth\register.spec.ts:104:7 › User Registration Flow › should validate password confirmation match 

    Error: [2mexpect([22m[31mlocator[39m[2m).[22mtoContainText[2m([22m[32mexpected[39m[2m)[22m failed

    Locator: locator('h1')
    Expected pattern: [32m/registr|crear cuenta/i[39m
    Received: <element(s) not found>
    Timeout: 5000ms

    Call log:
    [2m  - Expect "toContainText" with timeout 5000ms[22m
    [2m  - waiting for locator('h1')[22m


      13 |     // Navigate to Wonder Nails registration page
      14 |     await page.goto('/t/wondernails/register');
    > 15 |     await expect(page.locator('h1')).toContainText(/registr|crear cuenta/i);
         |                                      ^
      16 |   });
      17 |
      18 |   test('should successfully register a new user', async ({ page }) => {
        at c:\Dev\Zo\sass-store\tests\e2e\auth\register.spec.ts:15:38

    attachment #1: screenshot (image/png) ──────────────────────────────────────────────────────────
    test-results\auth-register-User-Registr-62790-password-confirmation-match-chromium\test-failed-1.png
    ────────────────────────────────────────────────────────────────────────────────────────────────

    attachment #2: video (video/webm) ──────────────────────────────────────────────────────────────
    test-results\auth-register-User-Registr-62790-password-confirmation-match-chromium\video.webm
    ────────────────────────────────────────────────────────────────────────────────────────────────

    Error Context: test-results\auth-register-User-Registr-62790-password-confirmation-match-chromium\error-context.md


[1A[2K[55/285] [chromium] › tests\e2e\auth\register.spec.ts:212:7 › User Registration Flow › should be accessible via keyboard navigation
[1A[2K  44) [chromium] › tests\e2e\auth\register.spec.ts:119:7 › User Registration Flow › should require terms and conditions acceptance 

    Error: [2mexpect([22m[31mlocator[39m[2m).[22mtoContainText[2m([22m[32mexpected[39m[2m)[22m failed

    Locator: locator('h1')
    Expected pattern: [32m/registr|crear cuenta/i[39m
    Received: <element(s) not found>
    Timeout: 5000ms

    Call log:
    [2m  - Expect "toContainText" with timeout 5000ms[22m
    [2m  - waiting for locator('h1')[22m


      13 |     // Navigate to Wonder Nails registration page
      14 |     await page.goto('/t/wondernails/register');
    > 15 |     await expect(page.locator('h1')).toContainText(/registr|crear cuenta/i);
         |                                      ^
      16 |   });
      17 |
      18 |   test('should successfully register a new user', async ({ page }) => {
        at c:\Dev\Zo\sass-store\tests\e2e\auth\register.spec.ts:15:38

    attachment #1: screenshot (image/png) ──────────────────────────────────────────────────────────
    test-results\auth-register-User-Registr-bf019-s-and-conditions-acceptance-chromium\test-failed-1.png
    ────────────────────────────────────────────────────────────────────────────────────────────────

    attachment #2: video (video/webm) ──────────────────────────────────────────────────────────────
    test-results\auth-register-User-Registr-bf019-s-and-conditions-acceptance-chromium\video.webm
    ────────────────────────────────────────────────────────────────────────────────────────────────

    Error Context: test-results\auth-register-User-Registr-bf019-s-and-conditions-acceptance-chromium\error-context.md


[1A[2K[56/285] [chromium] › tests\e2e\auth\register.spec.ts:244:7 › Registration Form Accessibility › should have proper ARIA labels
[1A[2K  45) [chromium] › tests\e2e\auth\forgot-password.spec.ts:229:7 › Forgot Password - Error Handling › should handle network errors gracefully 

    [31mTest timeout of 30000ms exceeded.[39m

    Error: locator.fill: Test timeout of 30000ms exceeded.
    Call log:
    [2m  - waiting for locator('input[type="email"]')[22m


      235 |     });
      236 |
    > 237 |     await page.locator('input[type="email"]').fill('test@example.com');
          |                                               ^
      238 |     await page.locator('button[type="submit"]').click();
      239 |
      240 |     // Should show error message
        at c:\Dev\Zo\sass-store\tests\e2e\auth\forgot-password.spec.ts:237:47

    attachment #1: screenshot (image/png) ──────────────────────────────────────────────────────────
    test-results\auth-forgot-password-Forgo-07702-e-network-errors-gracefully-chromium\test-failed-1.png
    ────────────────────────────────────────────────────────────────────────────────────────────────

    attachment #2: video (video/webm) ──────────────────────────────────────────────────────────────
    test-results\auth-forgot-password-Forgo-07702-e-network-errors-gracefully-chromium\video.webm
    ────────────────────────────────────────────────────────────────────────────────────────────────

    Error Context: test-results\auth-forgot-password-Forgo-07702-e-network-errors-gracefully-chromium\error-context.md


[1A[2K  46) [chromium] › tests\e2e\auth\register.spec.ts:134:7 › User Registration Flow › should prevent duplicate email registration 

    Error: [2mexpect([22m[31mlocator[39m[2m).[22mtoContainText[2m([22m[32mexpected[39m[2m)[22m failed

    Locator: locator('h1')
    Expected pattern: [32m/registr|crear cuenta/i[39m
    Received: <element(s) not found>
    Timeout: 5000ms

    Call log:
    [2m  - Expect "toContainText" with timeout 5000ms[22m
    [2m  - waiting for locator('h1')[22m


      13 |     // Navigate to Wonder Nails registration page
      14 |     await page.goto('/t/wondernails/register');
    > 15 |     await expect(page.locator('h1')).toContainText(/registr|crear cuenta/i);
         |                                      ^
      16 |   });
      17 |
      18 |   test('should successfully register a new user', async ({ page }) => {
        at c:\Dev\Zo\sass-store\tests\e2e\auth\register.spec.ts:15:38

    attachment #1: screenshot (image/png) ──────────────────────────────────────────────────────────
    test-results\auth-register-User-Registr-16d7f-uplicate-email-registration-chromium\test-failed-1.png
    ────────────────────────────────────────────────────────────────────────────────────────────────

    attachment #2: video (video/webm) ──────────────────────────────────────────────────────────────
    test-results\auth-register-User-Registr-16d7f-uplicate-email-registration-chromium\video.webm
    ────────────────────────────────────────────────────────────────────────────────────────────────

    Error Context: test-results\auth-register-User-Registr-16d7f-uplicate-email-registration-chromium\error-context.md


[1A[2K  47) [chromium] › tests\e2e\auth\forgot-password.spec.ts:244:7 › Forgot Password - Error Handling › should handle API error responses 

    [31mTest timeout of 30000ms exceeded.[39m

    Error: locator.fill: Test timeout of 30000ms exceeded.
    Call log:
    [2m  - waiting for locator('input[type="email"]')[22m


      254 |     });
      255 |
    > 256 |     await page.locator('input[type="email"]').fill('test@example.com');
          |                                               ^
      257 |     await page.locator('button[type="submit"]').click();
      258 |
      259 |     // Should show error message
        at c:\Dev\Zo\sass-store\tests\e2e\auth\forgot-password.spec.ts:256:47

    attachment #1: screenshot (image/png) ──────────────────────────────────────────────────────────
    test-results\auth-forgot-password-Forgo-a55b7--handle-API-error-responses-chromium\test-failed-1.png
    ────────────────────────────────────────────────────────────────────────────────────────────────

    attachment #2: video (video/webm) ──────────────────────────────────────────────────────────────
    test-results\auth-forgot-password-Forgo-a55b7--handle-API-error-responses-chromium\video.webm
    ────────────────────────────────────────────────────────────────────────────────────────────────

    Error Context: test-results\auth-forgot-password-Forgo-a55b7--handle-API-error-responses-chromium\error-context.md


[1A[2K[57/285] [chromium] › tests\e2e\auth\register.spec.ts:266:7 › Registration Form Accessibility › should meet WCAG contrast requirements
[1A[2K[58/285] [chromium] › tests\e2e\booking\quick-and-recurring-booking.spec.ts:10:7 › Quick Service Booking - 2 Click Budget › should book next available appointment in 2 clicks
[1A[2K  48) [chromium] › tests\e2e\auth\register.spec.ts:163:7 › User Registration Flow › should disable form during submission 

    Error: [2mexpect([22m[31mlocator[39m[2m).[22mtoContainText[2m([22m[32mexpected[39m[2m)[22m failed

    Locator: locator('h1')
    Expected pattern: [32m/registr|crear cuenta/i[39m
    Received: <element(s) not found>
    Timeout: 5000ms

    Call log:
    [2m  - Expect "toContainText" with timeout 5000ms[22m
    [2m  - waiting for locator('h1')[22m


      13 |     // Navigate to Wonder Nails registration page
      14 |     await page.goto('/t/wondernails/register');
    > 15 |     await expect(page.locator('h1')).toContainText(/registr|crear cuenta/i);
         |                                      ^
      16 |   });
      17 |
      18 |   test('should successfully register a new user', async ({ page }) => {
        at c:\Dev\Zo\sass-store\tests\e2e\auth\register.spec.ts:15:38

    attachment #1: screenshot (image/png) ──────────────────────────────────────────────────────────
    test-results\auth-register-User-Registr-4e973-able-form-during-submission-chromium\test-failed-1.png
    ────────────────────────────────────────────────────────────────────────────────────────────────

    attachment #2: video (video/webm) ──────────────────────────────────────────────────────────────
    test-results\auth-register-User-Registr-4e973-able-form-during-submission-chromium\video.webm
    ────────────────────────────────────────────────────────────────────────────────────────────────

    Error Context: test-results\auth-register-User-Registr-4e973-able-form-during-submission-chromium\error-context.md


[1A[2K  49) [chromium] › tests\e2e\auth\register.spec.ts:180:7 › User Registration Flow › should maintain tenant context across registration 

    Error: [2mexpect([22m[31mlocator[39m[2m).[22mtoContainText[2m([22m[32mexpected[39m[2m)[22m failed

    Locator: locator('h1')
    Expected pattern: [32m/registr|crear cuenta/i[39m
    Received: <element(s) not found>
    Timeout: 5000ms

    Call log:
    [2m  - Expect "toContainText" with timeout 5000ms[22m
    [2m  - waiting for locator('h1')[22m


      13 |     // Navigate to Wonder Nails registration page
      14 |     await page.goto('/t/wondernails/register');
    > 15 |     await expect(page.locator('h1')).toContainText(/registr|crear cuenta/i);
         |                                      ^
      16 |   });
      17 |
      18 |   test('should successfully register a new user', async ({ page }) => {
        at c:\Dev\Zo\sass-store\tests\e2e\auth\register.spec.ts:15:38

    attachment #1: screenshot (image/png) ──────────────────────────────────────────────────────────
    test-results\auth-register-User-Registr-8bb1f-context-across-registration-chromium\test-failed-1.png
    ────────────────────────────────────────────────────────────────────────────────────────────────

    attachment #2: video (video/webm) ──────────────────────────────────────────────────────────────
    test-results\auth-register-User-Registr-8bb1f-context-across-registration-chromium\video.webm
    ────────────────────────────────────────────────────────────────────────────────────────────────

    Error Context: test-results\auth-register-User-Registr-8bb1f-context-across-registration-chromium\error-context.md


[1A[2K  50) [chromium] › tests\e2e\auth\register.spec.ts:197:7 › User Registration Flow › should work across different tenants 

    Error: [2mexpect([22m[31mlocator[39m[2m).[22mtoContainText[2m([22m[32mexpected[39m[2m)[22m failed

    Locator: locator('h1')
    Expected pattern: [32m/registr|crear cuenta/i[39m
    Received: <element(s) not found>
    Timeout: 5000ms

    Call log:
    [2m  - Expect "toContainText" with timeout 5000ms[22m
    [2m  - waiting for locator('h1')[22m


      13 |     // Navigate to Wonder Nails registration page
      14 |     await page.goto('/t/wondernails/register');
    > 15 |     await expect(page.locator('h1')).toContainText(/registr|crear cuenta/i);
         |                                      ^
      16 |   });
      17 |
      18 |   test('should successfully register a new user', async ({ page }) => {
        at c:\Dev\Zo\sass-store\tests\e2e\auth\register.spec.ts:15:38

    attachment #1: screenshot (image/png) ──────────────────────────────────────────────────────────
    test-results\auth-register-User-Registr-198c7-rk-across-different-tenants-chromium\test-failed-1.png
    ────────────────────────────────────────────────────────────────────────────────────────────────

    attachment #2: video (video/webm) ──────────────────────────────────────────────────────────────
    test-results\auth-register-User-Registr-198c7-rk-across-different-tenants-chromium\video.webm
    ────────────────────────────────────────────────────────────────────────────────────────────────

    Error Context: test-results\auth-register-User-Registr-198c7-rk-across-different-tenants-chromium\error-context.md


[1A[2K[59/285] [chromium] › tests\e2e\booking\quick-and-recurring-booking.spec.ts:78:7 › Quick Service Booking - 2 Click Budget › should show next available time across all staff
[1A[2K  51) [chromium] › tests\e2e\auth\register.spec.ts:212:7 › User Registration Flow › should be accessible via keyboard navigation 

    Error: [2mexpect([22m[31mlocator[39m[2m).[22mtoContainText[2m([22m[32mexpected[39m[2m)[22m failed

    Locator: locator('h1')
    Expected pattern: [32m/registr|crear cuenta/i[39m
    Received: <element(s) not found>
    Timeout: 5000ms

    Call log:
    [2m  - Expect "toContainText" with timeout 5000ms[22m
    [2m  - waiting for locator('h1')[22m


      13 |     // Navigate to Wonder Nails registration page
      14 |     await page.goto('/t/wondernails/register');
    > 15 |     await expect(page.locator('h1')).toContainText(/registr|crear cuenta/i);
         |                                      ^
      16 |   });
      17 |
      18 |   test('should successfully register a new user', async ({ page }) => {
        at c:\Dev\Zo\sass-store\tests\e2e\auth\register.spec.ts:15:38

    attachment #1: screenshot (image/png) ──────────────────────────────────────────────────────────
    test-results\auth-register-User-Registr-5f7f0-ble-via-keyboard-navigation-chromium\test-failed-1.png
    ────────────────────────────────────────────────────────────────────────────────────────────────

    attachment #2: video (video/webm) ──────────────────────────────────────────────────────────────
    test-results\auth-register-User-Registr-5f7f0-ble-via-keyboard-navigation-chromium\video.webm
    ────────────────────────────────────────────────────────────────────────────────────────────────

    Error Context: test-results\auth-register-User-Registr-5f7f0-ble-via-keyboard-navigation-chromium\error-context.md


[1A[2K[60/285] [chromium] › tests\e2e\booking\quick-and-recurring-booking.spec.ts:104:7 › Quick Service Booking - 2 Click Budget › should pre-fill customer data for logged-in users
[1A[2K[61/285] [chromium] › tests\e2e\booking\quick-and-recurring-booking.spec.ts:134:7 › Recurring Service Booking - 2 Click Budget › should set up recurring appointment in 2 clicks
[1A[2K[62/285] [chromium] › tests\e2e\booking\quick-and-recurring-booking.spec.ts:197:7 › Recurring Service Booking - 2 Click Budget › should allow selecting recurring frequency
[1A[2K[63/285] [chromium] › tests\e2e\booking\quick-and-recurring-booking.spec.ts:219:7 › Recurring Service Booking - 2 Click Budget › should display recurring booking cost summary
[1A[2K  52) [chromium] › tests\e2e\auth\register.spec.ts:244:7 › Registration Form Accessibility › should have proper ARIA labels 

    Error: [2mexpect([22m[31mlocator[39m[2m).[22mtoBeVisible[2m()[22m failed

    Locator:  locator('form')
    Expected: visible
    Received: <element(s) not found>
    Timeout:  5000ms

    Call log:
    [2m  - Expect "toBeVisible" with timeout 5000ms[22m
    [2m  - waiting for locator('form')[22m


      247 |     // Check form has proper role and labels
      248 |     const form = page.locator('form');
    > 249 |     await expect(form).toBeVisible();
          |                        ^
      250 |
      251 |     // All inputs should have labels
      252 |     const inputs = page.locator('input[type="text"], input[type="email"], input[type="tel"], input[type="password"]');
        at c:\Dev\Zo\sass-store\tests\e2e\auth\register.spec.ts:249:24

    attachment #1: screenshot (image/png) ──────────────────────────────────────────────────────────
    test-results\auth-register-Registration-385da-uld-have-proper-ARIA-labels-chromium\test-failed-1.png
    ────────────────────────────────────────────────────────────────────────────────────────────────

    attachment #2: video (video/webm) ──────────────────────────────────────────────────────────────
    test-results\auth-register-Registration-385da-uld-have-proper-ARIA-labels-chromium\video.webm
    ────────────────────────────────────────────────────────────────────────────────────────────────

    Error Context: test-results\auth-register-Registration-385da-uld-have-proper-ARIA-labels-chromium\error-context.md


[1A[2K[64/285] [chromium] › tests\e2e\booking\quick-and-recurring-booking.spec.ts:269:7 › Recurring Service Booking - 2 Click Budget › should remember customer preferred time and staff
[1A[2K[65/285] [chromium] › tests\e2e\booking\quick-and-recurring-booking.spec.ts:249:7 › Recurring Service Booking - 2 Click Budget › should allow pausing or canceling recurring bookings
[1A[2K[66/285] [chromium] › tests\e2e\carousel\wondernails-carousel.spec.ts:12:7 › Wondernails Carousel Hero Section › should display the carousel container with correct structure
[1A[2K  53) [chromium] › tests\e2e\auth\register.spec.ts:266:7 › Registration Form Accessibility › should meet WCAG contrast requirements 

    Error: [2mexpect([22m[31mlocator[39m[2m).[22mtoBeVisible[2m()[22m failed

    Locator:  locator('form')
    Expected: visible
    Received: <element(s) not found>
    Timeout:  5000ms

    Call log:
    [2m  - Expect "toBeVisible" with timeout 5000ms[22m
    [2m  - waiting for locator('form')[22m


      269 |     // This would typically use axe-core or similar
      270 |     // For now, we just verify the page loads
    > 271 |     await expect(page.locator('form')).toBeVisible();
          |                                        ^
      272 |   });
      273 | });
      274 |
        at c:\Dev\Zo\sass-store\tests\e2e\auth\register.spec.ts:271:40

    attachment #1: screenshot (image/png) ──────────────────────────────────────────────────────────
    test-results\auth-register-Registration-ec70f--WCAG-contrast-requirements-chromium\test-failed-1.png
    ────────────────────────────────────────────────────────────────────────────────────────────────

    attachment #2: video (video/webm) ──────────────────────────────────────────────────────────────
    test-results\auth-register-Registration-ec70f--WCAG-contrast-requirements-chromium\video.webm
    ────────────────────────────────────────────────────────────────────────────────────────────────

    Error Context: test-results\auth-register-Registration-ec70f--WCAG-contrast-requirements-chromium\error-context.md


[1A[2K[67/285] [chromium] › tests\e2e\carousel\wondernails-carousel.spec.ts:26:7 › Wondernails Carousel Hero Section › should display the active slide correctly by default
[1A[2K  54) [chromium] › tests\e2e\booking\quick-and-recurring-booking.spec.ts:10:7 › Quick Service Booking - 2 Click Budget › should book next available appointment in 2 clicks 

    Error: [2mexpect([22m[31mlocator[39m[2m).[22mtoBeVisible[2m()[22m failed

    Locator:  locator('[data-testid="service-card"]').first()
    Expected: visible
    Received: <element(s) not found>
    Timeout:  5000ms

    Call log:
    [2m  - Expect "toBeVisible" with timeout 5000ms[22m
    [2m  - waiting for locator('[data-testid="service-card"]').first()[22m


      22 |     // Verify service details loaded
      23 |     const serviceCard = page.locator('[data-testid="service-card"]').first();
    > 24 |     await expect(serviceCard).toBeVisible();
         |                               ^
      25 |
      26 |     const nextAvailableSlot = page.locator('[data-testid="next-available-slot"], button:has-text("Next Available")');
      27 |
        at c:\Dev\Zo\sass-store\tests\e2e\booking\quick-and-recurring-booking.spec.ts:24:31

    attachment #1: screenshot (image/png) ──────────────────────────────────────────────────────────
    test-results\booking-quick-and-recurrin-e1f4a-ble-appointment-in-2-clicks-chromium\test-failed-1.png
    ────────────────────────────────────────────────────────────────────────────────────────────────

    attachment #2: video (video/webm) ──────────────────────────────────────────────────────────────
    test-results\booking-quick-and-recurrin-e1f4a-ble-appointment-in-2-clicks-chromium\video.webm
    ────────────────────────────────────────────────────────────────────────────────────────────────

    Error Context: test-results\booking-quick-and-recurrin-e1f4a-ble-appointment-in-2-clicks-chromium\error-context.md


[1A[2K[68/285] [chromium] › tests\e2e\carousel\wondernails-carousel.spec.ts:39:7 › Wondernails Carousel Hero Section › should navigate to next slide when next button is clicked
[1A[2K  55) [chromium] › tests\e2e\booking\quick-and-recurring-booking.spec.ts:78:7 › Quick Service Booking - 2 Click Budget › should show next available time across all staff 

    [31mTest timeout of 30000ms exceeded.[39m

    Error: locator.click: Test timeout of 30000ms exceeded.
    Call log:
    [2m  - waiting for locator('[data-testid="service-card"]').first()[22m


      80 |
      81 |     const serviceCard = page.locator('[data-testid="service-card"]').first();
    > 82 |     await serviceCard.click();
         |                       ^
      83 |
      84 |     const nextAvailableBtn = page.locator('[data-testid="book-next-available"], [data-testid="next-available-slot"]');
      85 |
        at c:\Dev\Zo\sass-store\tests\e2e\booking\quick-and-recurring-booking.spec.ts:82:23

    attachment #1: screenshot (image/png) ──────────────────────────────────────────────────────────
    test-results\booking-quick-and-recurrin-a096e-lable-time-across-all-staff-chromium\test-failed-1.png
    ────────────────────────────────────────────────────────────────────────────────────────────────

    attachment #2: video (video/webm) ──────────────────────────────────────────────────────────────
    test-results\booking-quick-and-recurrin-a096e-lable-time-across-all-staff-chromium\video.webm
    ────────────────────────────────────────────────────────────────────────────────────────────────

    Error Context: test-results\booking-quick-and-recurrin-a096e-lable-time-across-all-staff-chromium\error-context.md


[1A[2K[69/285] [chromium] › tests\e2e\carousel\wondernails-carousel.spec.ts:60:7 › Wondernails Carousel Hero Section › should navigate to previous slide when prev button is clicked
[1A[2K  56) [chromium] › tests\e2e\booking\quick-and-recurring-booking.spec.ts:104:7 › Quick Service Booking - 2 Click Budget › should pre-fill customer data for logged-in users 

    [31mTest timeout of 30000ms exceeded.[39m

    Error: locator.click: Test timeout of 30000ms exceeded.
    Call log:
    [2m  - waiting for locator('[data-testid="service-card"]').first()[22m


      107 |
      108 |     const serviceCard = page.locator('[data-testid="service-card"]').first();
    > 109 |     await serviceCard.click();
          |                       ^
      110 |
      111 |     const bookButton = page.locator('[data-testid="book-service-btn"], button:has-text("Book")');
      112 |     if (await bookButton.isVisible()) {
        at c:\Dev\Zo\sass-store\tests\e2e\booking\quick-and-recurring-booking.spec.ts:109:23

    attachment #1: screenshot (image/png) ──────────────────────────────────────────────────────────
    test-results\booking-quick-and-recurrin-02919-er-data-for-logged-in-users-chromium\test-failed-1.png
    ────────────────────────────────────────────────────────────────────────────────────────────────

    attachment #2: video (video/webm) ──────────────────────────────────────────────────────────────
    test-results\booking-quick-and-recurrin-02919-er-data-for-logged-in-users-chromium\video.webm
    ────────────────────────────────────────────────────────────────────────────────────────────────

    Error Context: test-results\booking-quick-and-recurrin-02919-er-data-for-logged-in-users-chromium\error-context.md


[1A[2K  57) [chromium] › tests\e2e\booking\quick-and-recurring-booking.spec.ts:197:7 › Recurring Service Booking - 2 Click Budget › should allow selecting recurring frequency 

    [31mTest timeout of 30000ms exceeded.[39m

    Error: locator.click: Test timeout of 30000ms exceeded.
    Call log:
    [2m  - waiting for locator('[data-testid="service-card"]').first()[22m


      199 |
      200 |     const serviceCard = page.locator('[data-testid="service-card"]').first();
    > 201 |     await serviceCard.click();
          |                       ^
      202 |
      203 |     const recurringCheckbox = page.locator('[data-testid="recurring-booking"], input[name="recurring"]');
      204 |     if (await recurringCheckbox.isVisible()) {
        at c:\Dev\Zo\sass-store\tests\e2e\booking\quick-and-recurring-booking.spec.ts:201:23

    attachment #1: screenshot (image/png) ──────────────────────────────────────────────────────────
    test-results\booking-quick-and-recurrin-4e72c-lecting-recurring-frequency-chromium\test-failed-1.png
    ────────────────────────────────────────────────────────────────────────────────────────────────

    attachment #2: video (video/webm) ──────────────────────────────────────────────────────────────
    test-results\booking-quick-and-recurrin-4e72c-lecting-recurring-frequency-chromium\video.webm
    ────────────────────────────────────────────────────────────────────────────────────────────────

    Error Context: test-results\booking-quick-and-recurrin-4e72c-lecting-recurring-frequency-chromium\error-context.md


[1A[2K  58) [chromium] › tests\e2e\booking\quick-and-recurring-booking.spec.ts:219:7 › Recurring Service Booking - 2 Click Budget › should display recurring booking cost summary 

    [31mTest timeout of 30000ms exceeded.[39m

    Error: locator.click: Test timeout of 30000ms exceeded.
    Call log:
    [2m  - waiting for locator('[data-testid="service-card"]').first()[22m


      221 |
      222 |     const serviceCard = page.locator('[data-testid="service-card"]').first();
    > 223 |     await serviceCard.click();
          |                       ^
      224 |
      225 |     const basePrice = page.locator('[data-testid="service-price"]');
      226 |     const basePriceText = await basePrice.textContent();
        at c:\Dev\Zo\sass-store\tests\e2e\booking\quick-and-recurring-booking.spec.ts:223:23

    attachment #1: screenshot (image/png) ──────────────────────────────────────────────────────────
    test-results\booking-quick-and-recurrin-7cc52-urring-booking-cost-summary-chromium\test-failed-1.png
    ────────────────────────────────────────────────────────────────────────────────────────────────

    attachment #2: video (video/webm) ──────────────────────────────────────────────────────────────
    test-results\booking-quick-and-recurrin-7cc52-urring-booking-cost-summary-chromium\video.webm
    ────────────────────────────────────────────────────────────────────────────────────────────────

    Error Context: test-results\booking-quick-and-recurrin-7cc52-urring-booking-cost-summary-chromium\error-context.md


[1A[2K[70/285] [chromium] › tests\e2e\carousel\wondernails-carousel.spec.ts:79:7 › Wondernails Carousel Hero Section › should show detail view when see more button is clicked
[1A[2K[71/285] [chromium] › tests\e2e\carousel\wondernails-carousel.spec.ts:102:7 › Wondernails Carousel Hero Section › should return to carousel view when back button is clicked
[1A[2K  59) [chromium] › tests\e2e\booking\quick-and-recurring-booking.spec.ts:269:7 › Recurring Service Booking - 2 Click Budget › should remember customer preferred time and staff 

    [31mTest timeout of 30000ms exceeded.[39m

    Error: locator.click: Test timeout of 30000ms exceeded.
    Call log:
    [2m  - waiting for locator('[data-testid="service-card"]').first()[22m


      271 |
      272 |     const serviceCard = page.locator('[data-testid="service-card"]').first();
    > 273 |     await serviceCard.click();
          |                       ^
      274 |
      275 |     const recurringOption = page.locator('[data-testid="setup-recurring-booking"]');
      276 |     if (await recurringOption.isVisible()) {
        at c:\Dev\Zo\sass-store\tests\e2e\booking\quick-and-recurring-booking.spec.ts:273:23

    attachment #1: screenshot (image/png) ──────────────────────────────────────────────────────────
    test-results\booking-quick-and-recurrin-42126-er-preferred-time-and-staff-chromium\test-failed-1.png
    ────────────────────────────────────────────────────────────────────────────────────────────────

    attachment #2: video (video/webm) ──────────────────────────────────────────────────────────────
    test-results\booking-quick-and-recurrin-42126-er-preferred-time-and-staff-chromium\video.webm
    ────────────────────────────────────────────────────────────────────────────────────────────────

    Error Context: test-results\booking-quick-and-recurrin-42126-er-preferred-time-and-staff-chromium\error-context.md


[1A[2K[72/285] [chromium] › tests\e2e\carousel\wondernails-carousel.spec.ts:125:7 › Wondernails Carousel Hero Section › should display slide content correctly
[1A[2K[73/285] [chromium] › tests\e2e\carousel\wondernails-carousel.spec.ts:145:7 › Wondernails Carousel Hero Section › should have proper keyboard navigation support
[1A[2K  60) [chromium] › tests\e2e\carousel\wondernails-carousel.spec.ts:12:7 › Wondernails Carousel Hero Section › should display the carousel container with correct structure 

    [31mTest timeout of 30000ms exceeded while running "beforeEach" hook.[39m

      4 |   const WONDERNAILS_URL = '/t/wondernails';
      5 |
    > 6 |   test.beforeEach(async ({ page }) => {
        |        ^
      7 |     await page.goto(WONDERNAILS_URL);
      8 |     // Wait for the carousel to be fully loaded
      9 |     await page.waitForSelector('[data-testid="carousel-container"]');
        at c:\Dev\Zo\sass-store\tests\e2e\carousel\wondernails-carousel.spec.ts:6:8

    Error: page.waitForSelector: Test timeout of 30000ms exceeded.
    Call log:
    [2m  - waiting for locator('[data-testid="carousel-container"]') to be visible[22m


       7 |     await page.goto(WONDERNAILS_URL);
       8 |     // Wait for the carousel to be fully loaded
    >  9 |     await page.waitForSelector('[data-testid="carousel-container"]');
         |                ^
      10 |   });
      11 |
      12 |   test('should display the carousel container with correct structure', async ({ page }) => {
        at c:\Dev\Zo\sass-store\tests\e2e\carousel\wondernails-carousel.spec.ts:9:16

    attachment #1: screenshot (image/png) ──────────────────────────────────────────────────────────
    test-results\carousel-wondernails-carou-1b413-iner-with-correct-structure-chromium\test-failed-1.png
    ────────────────────────────────────────────────────────────────────────────────────────────────

    attachment #2: video (video/webm) ──────────────────────────────────────────────────────────────
    test-results\carousel-wondernails-carou-1b413-iner-with-correct-structure-chromium\video.webm
    ────────────────────────────────────────────────────────────────────────────────────────────────

    Error Context: test-results\carousel-wondernails-carou-1b413-iner-with-correct-structure-chromium\error-context.md


[1A[2K[74/285] [chromium] › tests\e2e\carousel\wondernails-carousel.spec.ts:172:7 › Wondernails Carousel Hero Section › should have proper ARIA attributes for accessibility
[1A[2K  61) [chromium] › tests\e2e\carousel\wondernails-carousel.spec.ts:26:7 › Wondernails Carousel Hero Section › should display the active slide correctly by default 

    [31mTest timeout of 30000ms exceeded while running "beforeEach" hook.[39m

      4 |   const WONDERNAILS_URL = '/t/wondernails';
      5 |
    > 6 |   test.beforeEach(async ({ page }) => {
        |        ^
      7 |     await page.goto(WONDERNAILS_URL);
      8 |     // Wait for the carousel to be fully loaded
      9 |     await page.waitForSelector('[data-testid="carousel-container"]');
        at c:\Dev\Zo\sass-store\tests\e2e\carousel\wondernails-carousel.spec.ts:6:8

    Error: page.waitForSelector: Test timeout of 30000ms exceeded.
    Call log:
    [2m  - waiting for locator('[data-testid="carousel-container"]') to be visible[22m


       7 |     await page.goto(WONDERNAILS_URL);
       8 |     // Wait for the carousel to be fully loaded
    >  9 |     await page.waitForSelector('[data-testid="carousel-container"]');
         |                ^
      10 |   });
      11 |
      12 |   test('should display the carousel container with correct structure', async ({ page }) => {
        at c:\Dev\Zo\sass-store\tests\e2e\carousel\wondernails-carousel.spec.ts:9:16

    attachment #1: screenshot (image/png) ──────────────────────────────────────────────────────────
    test-results\carousel-wondernails-carou-5de36--slide-correctly-by-default-chromium\test-failed-1.png
    ────────────────────────────────────────────────────────────────────────────────────────────────

    attachment #2: video (video/webm) ──────────────────────────────────────────────────────────────
    test-results\carousel-wondernails-carou-5de36--slide-correctly-by-default-chromium\video.webm
    ────────────────────────────────────────────────────────────────────────────────────────────────

    Error Context: test-results\carousel-wondernails-carou-5de36--slide-correctly-by-default-chromium\error-context.md


[1A[2K  62) [chromium] › tests\e2e\carousel\wondernails-carousel.spec.ts:39:7 › Wondernails Carousel Hero Section › should navigate to next slide when next button is clicked 

    [31mTest timeout of 30000ms exceeded while running "beforeEach" hook.[39m

      4 |   const WONDERNAILS_URL = '/t/wondernails';
      5 |
    > 6 |   test.beforeEach(async ({ page }) => {
        |        ^
      7 |     await page.goto(WONDERNAILS_URL);
      8 |     // Wait for the carousel to be fully loaded
      9 |     await page.waitForSelector('[data-testid="carousel-container"]');
        at c:\Dev\Zo\sass-store\tests\e2e\carousel\wondernails-carousel.spec.ts:6:8

    Error: page.waitForSelector: Test timeout of 30000ms exceeded.
    Call log:
    [2m  - waiting for locator('[data-testid="carousel-container"]') to be visible[22m


       7 |     await page.goto(WONDERNAILS_URL);
       8 |     // Wait for the carousel to be fully loaded
    >  9 |     await page.waitForSelector('[data-testid="carousel-container"]');
         |                ^
      10 |   });
      11 |
      12 |   test('should display the carousel container with correct structure', async ({ page }) => {
        at c:\Dev\Zo\sass-store\tests\e2e\carousel\wondernails-carousel.spec.ts:9:16

    attachment #1: screenshot (image/png) ──────────────────────────────────────────────────────────
    test-results\carousel-wondernails-carou-e47ba-when-next-button-is-clicked-chromium\test-failed-1.png
    ────────────────────────────────────────────────────────────────────────────────────────────────

    attachment #2: video (video/webm) ──────────────────────────────────────────────────────────────
    test-results\carousel-wondernails-carou-e47ba-when-next-button-is-clicked-chromium\video.webm
    ────────────────────────────────────────────────────────────────────────────────────────────────

    Error Context: test-results\carousel-wondernails-carou-e47ba-when-next-button-is-clicked-chromium\error-context.md


[1A[2K[75/285] [chromium] › tests\e2e\carousel\wondernails-carousel.spec.ts:191:7 › Wondernails Carousel Hero Section › should be responsive on mobile devices
[1A[2K[76/285] [chromium] › tests\e2e\carousel\wondernails-carousel.spec.ts:212:7 › Wondernails Carousel Hero Section › should have isolated styles that do not affect other page elements
[1A[2K  63) [chromium] › tests\e2e\carousel\wondernails-carousel.spec.ts:60:7 › Wondernails Carousel Hero Section › should navigate to previous slide when prev button is clicked 

    [31mTest timeout of 30000ms exceeded while running "beforeEach" hook.[39m

      4 |   const WONDERNAILS_URL = '/t/wondernails';
      5 |
    > 6 |   test.beforeEach(async ({ page }) => {
        |        ^
      7 |     await page.goto(WONDERNAILS_URL);
      8 |     // Wait for the carousel to be fully loaded
      9 |     await page.waitForSelector('[data-testid="carousel-container"]');
        at c:\Dev\Zo\sass-store\tests\e2e\carousel\wondernails-carousel.spec.ts:6:8

    Error: page.waitForSelector: Test timeout of 30000ms exceeded.
    Call log:
    [2m  - waiting for locator('[data-testid="carousel-container"]') to be visible[22m


       7 |     await page.goto(WONDERNAILS_URL);
       8 |     // Wait for the carousel to be fully loaded
    >  9 |     await page.waitForSelector('[data-testid="carousel-container"]');
         |                ^
      10 |   });
      11 |
      12 |   test('should display the carousel container with correct structure', async ({ page }) => {
        at c:\Dev\Zo\sass-store\tests\e2e\carousel\wondernails-carousel.spec.ts:9:16

    attachment #1: screenshot (image/png) ──────────────────────────────────────────────────────────
    test-results\carousel-wondernails-carou-ec2c6-when-prev-button-is-clicked-chromium\test-failed-1.png
    ────────────────────────────────────────────────────────────────────────────────────────────────

    attachment #2: video (video/webm) ──────────────────────────────────────────────────────────────
    test-results\carousel-wondernails-carou-ec2c6-when-prev-button-is-clicked-chromium\video.webm
    ────────────────────────────────────────────────────────────────────────────────────────────────

    Error Context: test-results\carousel-wondernails-carou-ec2c6-when-prev-button-is-clicked-chromium\error-context.md


[1A[2K[77/285] [chromium] › tests\e2e\carousel\wondernails-carousel.spec.ts:227:7 › Wondernails Carousel Hero Section › should handle rapid clicking without breaking
[1A[2K  64) [chromium] › tests\e2e\carousel\wondernails-carousel.spec.ts:79:7 › Wondernails Carousel Hero Section › should show detail view when see more button is clicked 

    [31mTest timeout of 30000ms exceeded while running "beforeEach" hook.[39m

      4 |   const WONDERNAILS_URL = '/t/wondernails';
      5 |
    > 6 |   test.beforeEach(async ({ page }) => {
        |        ^
      7 |     await page.goto(WONDERNAILS_URL);
      8 |     // Wait for the carousel to be fully loaded
      9 |     await page.waitForSelector('[data-testid="carousel-container"]');
        at c:\Dev\Zo\sass-store\tests\e2e\carousel\wondernails-carousel.spec.ts:6:8

    Error: page.waitForSelector: Test timeout of 30000ms exceeded.
    Call log:
    [2m  - waiting for locator('[data-testid="carousel-container"]') to be visible[22m


       7 |     await page.goto(WONDERNAILS_URL);
       8 |     // Wait for the carousel to be fully loaded
    >  9 |     await page.waitForSelector('[data-testid="carousel-container"]');
         |                ^
      10 |   });
      11 |
      12 |   test('should display the carousel container with correct structure', async ({ page }) => {
        at c:\Dev\Zo\sass-store\tests\e2e\carousel\wondernails-carousel.spec.ts:9:16

    attachment #1: screenshot (image/png) ──────────────────────────────────────────────────────────
    test-results\carousel-wondernails-carou-57677--see-more-button-is-clicked-chromium\test-failed-1.png
    ────────────────────────────────────────────────────────────────────────────────────────────────

    attachment #2: video (video/webm) ──────────────────────────────────────────────────────────────
    test-results\carousel-wondernails-carou-57677--see-more-button-is-clicked-chromium\video.webm
    ────────────────────────────────────────────────────────────────────────────────────────────────

    Error Context: test-results\carousel-wondernails-carou-57677--see-more-button-is-clicked-chromium\error-context.md


[1A[2K  65) [chromium] › tests\e2e\carousel\wondernails-carousel.spec.ts:102:7 › Wondernails Carousel Hero Section › should return to carousel view when back button is clicked 

    [31mTest timeout of 30000ms exceeded while running "beforeEach" hook.[39m

      4 |   const WONDERNAILS_URL = '/t/wondernails';
      5 |
    > 6 |   test.beforeEach(async ({ page }) => {
        |        ^
      7 |     await page.goto(WONDERNAILS_URL);
      8 |     // Wait for the carousel to be fully loaded
      9 |     await page.waitForSelector('[data-testid="carousel-container"]');
        at c:\Dev\Zo\sass-store\tests\e2e\carousel\wondernails-carousel.spec.ts:6:8

    Error: page.waitForSelector: Test timeout of 30000ms exceeded.
    Call log:
    [2m  - waiting for locator('[data-testid="carousel-container"]') to be visible[22m


       7 |     await page.goto(WONDERNAILS_URL);
       8 |     // Wait for the carousel to be fully loaded
    >  9 |     await page.waitForSelector('[data-testid="carousel-container"]');
         |                ^
      10 |   });
      11 |
      12 |   test('should display the carousel container with correct structure', async ({ page }) => {
        at c:\Dev\Zo\sass-store\tests\e2e\carousel\wondernails-carousel.spec.ts:9:16

    attachment #1: screenshot (image/png) ──────────────────────────────────────────────────────────
    test-results\carousel-wondernails-carou-c9679-when-back-button-is-clicked-chromium\test-failed-1.png
    ────────────────────────────────────────────────────────────────────────────────────────────────

    attachment #2: video (video/webm) ──────────────────────────────────────────────────────────────
    test-results\carousel-wondernails-carou-c9679-when-back-button-is-clicked-chromium\video.webm
    ────────────────────────────────────────────────────────────────────────────────────────────────

    Error Context: test-results\carousel-wondernails-carou-c9679-when-back-button-is-clicked-chromium\error-context.md


[1A[2K[78/285] [chromium] › tests\e2e\carousel\wondernails-carousel.spec.ts:242:7 › Wondernails Carousel Hero Section › should maintain performance with smooth animations
[1A[2K  66) [chromium] › tests\e2e\carousel\wondernails-carousel.spec.ts:125:7 › Wondernails Carousel Hero Section › should display slide content correctly 

    [31mTest timeout of 30000ms exceeded while running "beforeEach" hook.[39m

      4 |   const WONDERNAILS_URL = '/t/wondernails';
      5 |
    > 6 |   test.beforeEach(async ({ page }) => {
        |        ^
      7 |     await page.goto(WONDERNAILS_URL);
      8 |     // Wait for the carousel to be fully loaded
      9 |     await page.waitForSelector('[data-testid="carousel-container"]');
        at c:\Dev\Zo\sass-store\tests\e2e\carousel\wondernails-carousel.spec.ts:6:8

    Error: page.waitForSelector: Test timeout of 30000ms exceeded.
    Call log:
    [2m  - waiting for locator('[data-testid="carousel-container"]') to be visible[22m


       7 |     await page.goto(WONDERNAILS_URL);
       8 |     // Wait for the carousel to be fully loaded
    >  9 |     await page.waitForSelector('[data-testid="carousel-container"]');
         |                ^
      10 |   });
      11 |
      12 |   test('should display the carousel container with correct structure', async ({ page }) => {
        at c:\Dev\Zo\sass-store\tests\e2e\carousel\wondernails-carousel.spec.ts:9:16

    attachment #1: screenshot (image/png) ──────────────────────────────────────────────────────────
    test-results\carousel-wondernails-carou-5a659-lay-slide-content-correctly-chromium\test-failed-1.png
    ────────────────────────────────────────────────────────────────────────────────────────────────

    attachment #2: video (video/webm) ──────────────────────────────────────────────────────────────
    test-results\carousel-wondernails-carou-5a659-lay-slide-content-correctly-chromium\video.webm
    ────────────────────────────────────────────────────────────────────────────────────────────────

    Error Context: test-results\carousel-wondernails-carou-5a659-lay-slide-content-correctly-chromium\error-context.md


[1A[2K[79/285] [chromium] › tests\e2e\cart\cart-multiple-items.spec.ts:6:7 › Cart - Multiple Items › should handle multiple items with correct price calculations
[1A[2K  67) [chromium] › tests\e2e\carousel\wondernails-carousel.spec.ts:145:7 › Wondernails Carousel Hero Section › should have proper keyboard navigation support 

    [31mTest timeout of 30000ms exceeded while running "beforeEach" hook.[39m

      4 |   const WONDERNAILS_URL = '/t/wondernails';
      5 |
    > 6 |   test.beforeEach(async ({ page }) => {
        |        ^
      7 |     await page.goto(WONDERNAILS_URL);
      8 |     // Wait for the carousel to be fully loaded
      9 |     await page.waitForSelector('[data-testid="carousel-container"]');
        at c:\Dev\Zo\sass-store\tests\e2e\carousel\wondernails-carousel.spec.ts:6:8

    Error: page.waitForSelector: Test timeout of 30000ms exceeded.
    Call log:
    [2m  - waiting for locator('[data-testid="carousel-container"]') to be visible[22m


       7 |     await page.goto(WONDERNAILS_URL);
       8 |     // Wait for the carousel to be fully loaded
    >  9 |     await page.waitForSelector('[data-testid="carousel-container"]');
         |                ^
      10 |   });
      11 |
      12 |   test('should display the carousel container with correct structure', async ({ page }) => {
        at c:\Dev\Zo\sass-store\tests\e2e\carousel\wondernails-carousel.spec.ts:9:16

    attachment #1: screenshot (image/png) ──────────────────────────────────────────────────────────
    test-results\carousel-wondernails-carou-c616d-keyboard-navigation-support-chromium\test-failed-1.png
    ────────────────────────────────────────────────────────────────────────────────────────────────

    attachment #2: video (video/webm) ──────────────────────────────────────────────────────────────
    test-results\carousel-wondernails-carou-c616d-keyboard-navigation-support-chromium\video.webm
    ────────────────────────────────────────────────────────────────────────────────────────────────

    Error Context: test-results\carousel-wondernails-carou-c616d-keyboard-navigation-support-chromium\error-context.md


[1A[2K[80/285] [chromium] › tests\e2e\cart\cart-multiple-items.spec.ts:123:7 › Cart - Multiple Items › should display correct unit prices for items with quantity > 1
[1A[2K[81/285] [chromium] › tests\e2e\cart\cart-multiple-items.spec.ts:172:7 › Cart - Multiple Items › should not crash when adding multiple items of same product
[1A[2K  68) [chromium] › tests\e2e\carousel\wondernails-carousel.spec.ts:172:7 › Wondernails Carousel Hero Section › should have proper ARIA attributes for accessibility 

    [31mTest timeout of 30000ms exceeded while running "beforeEach" hook.[39m

      4 |   const WONDERNAILS_URL = '/t/wondernails';
      5 |
    > 6 |   test.beforeEach(async ({ page }) => {
        |        ^
      7 |     await page.goto(WONDERNAILS_URL);
      8 |     // Wait for the carousel to be fully loaded
      9 |     await page.waitForSelector('[data-testid="carousel-container"]');
        at c:\Dev\Zo\sass-store\tests\e2e\carousel\wondernails-carousel.spec.ts:6:8

    Error: page.waitForSelector: Test timeout of 30000ms exceeded.
    Call log:
    [2m  - waiting for locator('[data-testid="carousel-container"]') to be visible[22m


       7 |     await page.goto(WONDERNAILS_URL);
       8 |     // Wait for the carousel to be fully loaded
    >  9 |     await page.waitForSelector('[data-testid="carousel-container"]');
         |                ^
      10 |   });
      11 |
      12 |   test('should display the carousel container with correct structure', async ({ page }) => {
        at c:\Dev\Zo\sass-store\tests\e2e\carousel\wondernails-carousel.spec.ts:9:16

    attachment #1: screenshot (image/png) ──────────────────────────────────────────────────────────
    test-results\carousel-wondernails-carou-7387e-ttributes-for-accessibility-chromium\test-failed-1.png
    ────────────────────────────────────────────────────────────────────────────────────────────────

    attachment #2: video (video/webm) ──────────────────────────────────────────────────────────────
    test-results\carousel-wondernails-carou-7387e-ttributes-for-accessibility-chromium\video.webm
    ────────────────────────────────────────────────────────────────────────────────────────────────

    Error Context: test-results\carousel-wondernails-carou-7387e-ttributes-for-accessibility-chromium\error-context.md


[1A[2K[82/285] [chromium] › tests\e2e\click-budget.spec.ts:48:7 › Click Budget Tests › Purchase Flow - should complete in ≤3 clicks
[1A[2K[83/285] [chromium] › tests\e2e\click-budget.spec.ts:80:7 › Click Budget Tests › Booking Flow - should complete in ≤2 clicks
[1A[2K  69) [chromium] › tests\e2e\carousel\wondernails-carousel.spec.ts:191:7 › Wondernails Carousel Hero Section › should be responsive on mobile devices 

    [31mTest timeout of 30000ms exceeded while running "beforeEach" hook.[39m

      4 |   const WONDERNAILS_URL = '/t/wondernails';
      5 |
    > 6 |   test.beforeEach(async ({ page }) => {
        |        ^
      7 |     await page.goto(WONDERNAILS_URL);
      8 |     // Wait for the carousel to be fully loaded
      9 |     await page.waitForSelector('[data-testid="carousel-container"]');
        at c:\Dev\Zo\sass-store\tests\e2e\carousel\wondernails-carousel.spec.ts:6:8

    Error: page.waitForSelector: Test timeout of 30000ms exceeded.
    Call log:
    [2m  - waiting for locator('[data-testid="carousel-container"]') to be visible[22m


       7 |     await page.goto(WONDERNAILS_URL);
       8 |     // Wait for the carousel to be fully loaded
    >  9 |     await page.waitForSelector('[data-testid="carousel-container"]');
         |                ^
      10 |   });
      11 |
      12 |   test('should display the carousel container with correct structure', async ({ page }) => {
        at c:\Dev\Zo\sass-store\tests\e2e\carousel\wondernails-carousel.spec.ts:9:16

    attachment #1: screenshot (image/png) ──────────────────────────────────────────────────────────
    test-results\carousel-wondernails-carou-5fb2d-esponsive-on-mobile-devices-chromium\test-failed-1.png
    ────────────────────────────────────────────────────────────────────────────────────────────────

    attachment #2: video (video/webm) ──────────────────────────────────────────────────────────────
    test-results\carousel-wondernails-carou-5fb2d-esponsive-on-mobile-devices-chromium\video.webm
    ────────────────────────────────────────────────────────────────────────────────────────────────

    Error Context: test-results\carousel-wondernails-carou-5fb2d-esponsive-on-mobile-devices-chromium\error-context.md


[1A[2K[84/285] [chromium] › tests\e2e\click-budget.spec.ts:132:7 › Click Budget Tests › Mobile Touch Targets - should meet 44px minimum
[1A[2K[85/285] [chromium] › tests\e2e\click-budget.spec.ts:162:7 › Click Budget Tests › Command Palette - should open with Cmd+K
[1A[2K  70) [chromium] › tests\e2e\carousel\wondernails-carousel.spec.ts:212:7 › Wondernails Carousel Hero Section › should have isolated styles that do not affect other page elements 

    [31mTest timeout of 30000ms exceeded while running "beforeEach" hook.[39m

      4 |   const WONDERNAILS_URL = '/t/wondernails';
      5 |
    > 6 |   test.beforeEach(async ({ page }) => {
        |        ^
      7 |     await page.goto(WONDERNAILS_URL);
      8 |     // Wait for the carousel to be fully loaded
      9 |     await page.waitForSelector('[data-testid="carousel-container"]');
        at c:\Dev\Zo\sass-store\tests\e2e\carousel\wondernails-carousel.spec.ts:6:8

    Error: page.waitForSelector: Test timeout of 30000ms exceeded.
    Call log:
    [2m  - waiting for locator('[data-testid="carousel-container"]') to be visible[22m


       7 |     await page.goto(WONDERNAILS_URL);
       8 |     // Wait for the carousel to be fully loaded
    >  9 |     await page.waitForSelector('[data-testid="carousel-container"]');
         |                ^
      10 |   });
      11 |
      12 |   test('should display the carousel container with correct structure', async ({ page }) => {
        at c:\Dev\Zo\sass-store\tests\e2e\carousel\wondernails-carousel.spec.ts:9:16

    attachment #1: screenshot (image/png) ──────────────────────────────────────────────────────────
    test-results\carousel-wondernails-carou-feb19--affect-other-page-elements-chromium\test-failed-1.png
    ────────────────────────────────────────────────────────────────────────────────────────────────

    attachment #2: video (video/webm) ──────────────────────────────────────────────────────────────
    test-results\carousel-wondernails-carou-feb19--affect-other-page-elements-chromium\video.webm
    ────────────────────────────────────────────────────────────────────────────────────────────────

    Error Context: test-results\carousel-wondernails-carou-feb19--affect-other-page-elements-chromium\error-context.md


[1A[2K[86/285] [chromium] › tests\e2e\click-budget.spec.ts:110:7 › Click Budget Tests › Reorder Flow - should complete in ≤1 click
[1A[2K[87/285] [chromium] › tests\e2e\click-budget.spec.ts:188:7 › Click Budget Tests › Quick Actions Dock - should show role-appropriate actions
[1A[2K[88/285] [chromium] › tests\e2e\click-budget.spec.ts:211:7 › Click Budget Tests › Keyboard Navigation - should support full keyboard accessibility
[1A[2K[89/285] [chromium] › tests\e2e\continua-con-los-siguientes-pasos.spec.ts:13:7 › continua con los siguientes pasos › should load continua con los siguientes pasos successfully
[1A[2K[90/285] [chromium] › tests\e2e\continua-con-los-siguientes-pasos.spec.ts:18:7 › continua con los siguientes pasos › should interact with continua con los siguientes pasos
[1A[2K[91/285] [chromium] › tests\e2e\continua-con-los-siguientes-pasos.spec.ts:23:7 › continua con los siguientes pasos › should handle errors in continua con los siguientes pasos
[1A[2K[92/285] [chromium] › tests\e2e\error-handling\payment-timeout-recovery.spec.ts:9:7 › Payment Gateway Timeout Recovery › should handle payment gateway timeout gracefully
[1A[2K  71) [chromium] › tests\e2e\click-budget.spec.ts:211:7 › Click Budget Tests › Keyboard Navigation - should support full keyboard accessibility 

    Error: [2mexpect([22m[31mreceived[39m[2m).[22mtoBe[2m([22m[32mexpected[39m[2m) // Object.is equality[22m

    Expected: [32mtrue[39m
    Received: [31mfalse[39m

      217 |     // First focusable element should be focused
      218 |     const focusedElement = await page.locator(':focus').first();
    > 219 |     expect(await focusedElement.isVisible()).toBe(true);
          |                                              ^
      220 |
      221 |     // Test that all interactive elements are reachable via Tab
      222 |     const interactiveSelectors = [
        at c:\Dev\Zo\sass-store\tests\e2e\click-budget.spec.ts:219:46

    attachment #1: screenshot (image/png) ──────────────────────────────────────────────────────────
    test-results\click-budget-Click-Budget--49c37-full-keyboard-accessibility-chromium\test-failed-1.png
    ────────────────────────────────────────────────────────────────────────────────────────────────

    attachment #2: video (video/webm) ──────────────────────────────────────────────────────────────
    test-results\click-budget-Click-Budget--49c37-full-keyboard-accessibility-chromium\video.webm
    ────────────────────────────────────────────────────────────────────────────────────────────────

    Error Context: test-results\click-budget-Click-Budget--49c37-full-keyboard-accessibility-chromium\error-context.md


[1A[2K[93/285] [chromium] › tests\e2e\error-handling\payment-timeout-recovery.spec.ts:107:7 › Payment Gateway Timeout Recovery › should preserve cart data during payment timeout
[1A[2K[94/285] [chromium] › tests\e2e\error-handling\payment-timeout-recovery.spec.ts:70:7 › Payment Gateway Timeout Recovery › should offer alternative payment methods on timeout
[1A[2K  72) [chromium] › tests\e2e\click-budget.spec.ts:48:7 › Click Budget Tests › Purchase Flow - should complete in ≤3 clicks 

    Error: [2mexpect([22m[31mlocator[39m[2m).[22mtoBeVisible[2m()[22m failed

    Locator:  locator('[data-testid="product-grid"]')
    Expected: visible
    Received: <element(s) not found>
    Timeout:  5000ms

    Call log:
    [2m  - Expect "toBeVisible" with timeout 5000ms[22m
    [2m  - waiting for locator('[data-testid="product-grid"]')[22m


      51 |     // Start from Product List Page
      52 |     await page.goto('/products');
    > 53 |     await expect(page.locator('[data-testid="product-grid"]')).toBeVisible();
         |                                                                ^
      54 |
      55 |     // Click 1: Add to cart from PLP
      56 |     await page.locator('[data-testid="product-add-btn"]').first().click();
        at c:\Dev\Zo\sass-store\tests\e2e\click-budget.spec.ts:53:64

    attachment #1: screenshot (image/png) ──────────────────────────────────────────────────────────
    test-results\click-budget-Click-Budget--94cfb-hould-complete-in-≤3-clicks-chromium\test-failed-1.png
    ────────────────────────────────────────────────────────────────────────────────────────────────

    attachment #2: video (video/webm) ──────────────────────────────────────────────────────────────
    test-results\click-budget-Click-Budget--94cfb-hould-complete-in-≤3-clicks-chromium\video.webm
    ────────────────────────────────────────────────────────────────────────────────────────────────

    Error Context: test-results\click-budget-Click-Budget--94cfb-hould-complete-in-≤3-clicks-chromium\error-context.md


[1A[2K  73) [chromium] › tests\e2e\click-budget.spec.ts:162:7 › Click Budget Tests › Command Palette - should open with Cmd+K 

    Error: [2mexpect([22m[31mlocator[39m[2m).[22mtoBeVisible[2m()[22m failed

    Locator:  locator('[data-testid="command-palette"]')
    Expected: visible
    Received: <element(s) not found>
    Timeout:  5000ms

    Call log:
    [2m  - Expect "toBeVisible" with timeout 5000ms[22m
    [2m  - waiting for locator('[data-testid="command-palette"]')[22m


      170 |
      171 |     // Command palette should be visible
    > 172 |     await expect(page.locator('[data-testid="command-palette"]')).toBeVisible();
          |                                                                   ^
      173 |
      174 |     // Should have search input focused
      175 |     await expect(page.locator('[data-testid="command-search"]')).toBeFocused();
        at c:\Dev\Zo\sass-store\tests\e2e\click-budget.spec.ts:172:67

    attachment #1: screenshot (image/png) ──────────────────────────────────────────────────────────
    test-results\click-budget-Click-Budget--e3b38-te---should-open-with-Cmd-K-chromium\test-failed-1.png
    ────────────────────────────────────────────────────────────────────────────────────────────────

    attachment #2: video (video/webm) ──────────────────────────────────────────────────────────────
    test-results\click-budget-Click-Budget--e3b38-te---should-open-with-Cmd-K-chromium\video.webm
    ────────────────────────────────────────────────────────────────────────────────────────────────

    Error Context: test-results\click-budget-Click-Budget--e3b38-te---should-open-with-Cmd-K-chromium\error-context.md


[1A[2K[95/285] [chromium] › tests\e2e\error-handling\payment-timeout-recovery.spec.ts:211:7 › Payment Gateway Timeout Recovery › should allow saving order for later completion on timeout
[1A[2K[96/285] [chromium] › tests\e2e\error-handling\payment-timeout-recovery.spec.ts:246:7 › Payment Gateway Timeout Recovery › should not create duplicate orders on retry
[1A[2K  74) [chromium] › tests\e2e\click-budget.spec.ts:188:7 › Click Budget Tests › Quick Actions Dock - should show role-appropriate actions 

    Error: [2mexpect([22m[31mlocator[39m[2m).[22mtoBeVisible[2m()[22m failed

    Locator:  locator('[data-testid="quick-actions-dock"]')
    Expected: visible
    Received: <element(s) not found>
    Timeout:  5000ms

    Call log:
    [2m  - Expect "toBeVisible" with timeout 5000ms[22m
    [2m  - waiting for locator('[data-testid="quick-actions-dock"]')[22m


      190 |
      191 |     // Quick Actions Dock should be visible
    > 192 |     await expect(page.locator('[data-testid="quick-actions-dock"]')).toBeVisible();
          |                                                                      ^
      193 |
      194 |     // Should have customer actions by default (Book Now, Reorder, Favorites, Help)
      195 |     const actions = page.locator('[data-testid="quick-actions-dock"] button');
        at c:\Dev\Zo\sass-store\tests\e2e\click-budget.spec.ts:192:70

    attachment #1: screenshot (image/png) ──────────────────────────────────────────────────────────
    test-results\click-budget-Click-Budget--fc498-ow-role-appropriate-actions-chromium\test-failed-1.png
    ────────────────────────────────────────────────────────────────────────────────────────────────

    attachment #2: video (video/webm) ──────────────────────────────────────────────────────────────
    test-results\click-budget-Click-Budget--fc498-ow-role-appropriate-actions-chromium\video.webm
    ────────────────────────────────────────────────────────────────────────────────────────────────

    Error Context: test-results\click-budget-Click-Budget--fc498-ow-role-appropriate-actions-chromium\error-context.md


[1A[2K[97/285] [chromium] › tests\e2e\fallback\fallback-comprehensive.spec.ts:62:7 › Comprehensive Fallback Testing - Master Plan Implementation › Tenant path fallback handling
[1A[2K[chromium] › tests\e2e\fallback\fallback-comprehensive.spec.ts:62:7 › Comprehensive Fallback Testing - Master Plan Implementation › Tenant path fallback handling
Testing path fallback for: /t/invalid-tenant-slug/products

[1A[2K[98/285] [chromium] › tests\e2e\fallback\fallback-comprehensive.spec.ts:101:7 › Comprehensive Fallback Testing - Master Plan Implementation › SEO handling for fallback scenarios
[1A[2K[99/285] [chromium] › tests\e2e\error-handling\payment-timeout-recovery.spec.ts:139:7 › Payment Gateway Timeout Recovery › should provide helpful timeout error messages
[1A[2K[100/285] [chromium] › tests\e2e\error-handling\payment-timeout-recovery.spec.ts:171:7 › Payment Gateway Timeout Recovery › should track timeout attempts and suggest support contact
[1A[2K✅ Path fallback working for: /t/invalid-tenant-slug/products

[1A[2KTesting path fallback for: /t/suspended-business/services

[1A[2K[101/285] [chromium] › tests\e2e\fallback\fallback-comprehensive.spec.ts:4:7 › Comprehensive Fallback Testing - Master Plan Implementation › Unknown subdomain fallback to zo-system
[1A[2K✅ Path fallback working for: /t/suspended-business/services

[1A[2KTesting path fallback for: /t/non-existent/contact

[1A[2K[chromium] › tests\e2e\fallback\fallback-comprehensive.spec.ts:4:7 › Comprehensive Fallback Testing - Master Plan Implementation › Unknown subdomain fallback to zo-system
Testing fallback for: nonexistent-tenant

[1A[2K[102/285] [chromium] › tests\e2e\fallback\fallback-comprehensive.spec.ts:131:7 › Comprehensive Fallback Testing - Master Plan Implementation › Suspended tenant handling
[1A[2K[103/285] [chromium] › tests\e2e\fallback\fallback-comprehensive.spec.ts:164:7 › Comprehensive Fallback Testing - Master Plan Implementation › Tenant migration and redirect handling
[1A[2K[chromium] › tests\e2e\fallback\fallback-comprehensive.spec.ts:131:7 › Comprehensive Fallback Testing - Master Plan Implementation › Suspended tenant handling
✅ Suspended tenant handling validated

[1A[2K[chromium] › tests\e2e\fallback\fallback-comprehensive.spec.ts:62:7 › Comprehensive Fallback Testing - Master Plan Implementation › Tenant path fallback handling
✅ Path fallback working for: /t/non-existent/contact

[1A[2KTesting path fallback for: /t/deleted-tenant/admin

[1A[2K[104/285] [chromium] › tests\e2e\fallback\fallback-comprehensive.spec.ts:189:7 › Comprehensive Fallback Testing - Master Plan Implementation › Graceful degradation with limited functionality
[1A[2K  75) [chromium] › tests\e2e\fallback\fallback-comprehensive.spec.ts:164:7 › Comprehensive Fallback Testing - Master Plan Implementation › Tenant migration and redirect handling 

    Error: [2mexpect([22m[31mreceived[39m[2m).[22mtoContain[2m([22m[32mexpected[39m[2m) // indexOf[22m

    Expected substring: [32m"new-tenant-slug"[39m
    Received string:    [31m"http://localhost:3001/t/old-tenant-slug"[39m

      179 |     // Should handle redirect gracefully
      180 |     const finalUrl = page.url();
    > 181 |     expect(finalUrl).toContain('new-tenant-slug');
          |                      ^
      182 |
      183 |     // Should preserve SEO value with proper redirect
      184 |     expect(response?.status()).toBe(301);
        at c:\Dev\Zo\sass-store\tests\e2e\fallback\fallback-comprehensive.spec.ts:181:22

    attachment #1: screenshot (image/png) ──────────────────────────────────────────────────────────
    test-results\fallback-fallback-comprehe-19cd3-ation-and-redirect-handling-chromium\test-failed-1.png
    ────────────────────────────────────────────────────────────────────────────────────────────────

    attachment #2: video (video/webm) ──────────────────────────────────────────────────────────────
    test-results\fallback-fallback-comprehe-19cd3-ation-and-redirect-handling-chromium\video.webm
    ────────────────────────────────────────────────────────────────────────────────────────────────

    Error Context: test-results\fallback-fallback-comprehe-19cd3-ation-and-redirect-handling-chromium\error-context.md


[1A[2K  76) [chromium] › tests\e2e\fallback\fallback-comprehensive.spec.ts:4:7 › Comprehensive Fallback Testing - Master Plan Implementation › Unknown subdomain fallback to zo-system 

    Error: [2mexpect([22m[31mreceived[39m[2m).[22mtoBeTruthy[2m()[22m

    Received: [31mfalse[39m

      35 |
      36 |       const hasFallback = fallbackIndicators.some(indicator => indicator);
    > 37 |       expect(hasFallback).toBeTruthy();
         |                           ^
      38 |
      39 |       // Verify fallback notice is shown (requirement from master plan)
      40 |       const fallbackNotice = page.locator('[data-testid="tenant-fallback-notice"], .fallback-notice');
        at c:\Dev\Zo\sass-store\tests\e2e\fallback\fallback-comprehensive.spec.ts:37:27

    attachment #1: screenshot (image/png) ──────────────────────────────────────────────────────────
    test-results\fallback-fallback-comprehe-45388-omain-fallback-to-zo-system-chromium\test-failed-1.png
    ────────────────────────────────────────────────────────────────────────────────────────────────

    attachment #2: video (video/webm) ──────────────────────────────────────────────────────────────
    test-results\fallback-fallback-comprehe-45388-omain-fallback-to-zo-system-chromium\video.webm
    ────────────────────────────────────────────────────────────────────────────────────────────────

    Error Context: test-results\fallback-fallback-comprehe-45388-omain-fallback-to-zo-system-chromium\error-context.md


[1A[2K✅ Path fallback working for: /t/deleted-tenant/admin

[1A[2KTesting path fallback for: /t/malformed-slug-123!/booking

[1A[2K✅ Path fallback working for: /t/malformed-slug-123!/booking

[1A[2K[105/285] [chromium] › tests\e2e\fallback\fallback-comprehensive.spec.ts:328:7 › Comprehensive Fallback Testing - Master Plan Implementation › Fallback performance validation
[1A[2K[chromium] › tests\e2e\fallback\fallback-comprehensive.spec.ts:189:7 › Comprehensive Fallback Testing - Master Plan Implementation › Graceful degradation with limited functionality
✅ Graceful degradation validated

[1A[2K[106/285] [chromium] › tests\e2e\fix-forgot-password-500-error-by-adding-resettoken-and-resettokenexpiry-columns-to-users-table.-push-database-schema-changes.-run-forgot-password-tests-to-ensure-100%-coverage.-fix-any-failing-tests..spec.ts:13:7 › Fix forgot-password 500 error by adding resetToken and resetTokenExpiry columns to users table. Push database schema changes. Run forgot-password tests to ensure 100% coverage. Fix any failing tests. › should load Fix forgot-password 500 error by adding resetToken and resetTokenExpiry columns to users table. Push database schema changes. Run forgot-password tests to ensure 100% coverage. Fix any failing tests. successfully
[1A[2K[107/285] [chromium] › tests\e2e\fallback\fallback-comprehensive.spec.ts:233:7 › Comprehensive Fallback Testing - Master Plan Implementation › Database failover fallback
[1A[2K[108/285] [chromium] › tests\e2e\fallback\fallback-comprehensive.spec.ts:283:7 › Comprehensive Fallback Testing - Master Plan Implementation › CDN and asset fallback
[1A[2K[109/285] [chromium] › tests\e2e\fix-forgot-password-500-error-by-adding-resettoken-and-resettokenexpiry-columns-to-users-table.-push-database-schema-changes.-run-forgot-password-tests-to-ensure-100%-coverage.-fix-any-failing-tests..spec.ts:18:7 › Fix forgot-password 500 error by adding resetToken and resetTokenExpiry columns to users table. Push database schema changes. Run forgot-password tests to ensure 100% coverage. Fix any failing tests. › should interact with Fix forgot-password 500 error by adding resetToken and resetTokenExpiry columns to users table. Push database schema changes. Run forgot-password tests to ensure 100% coverage. Fix any failing tests.
[1A[2K[chromium] › tests\e2e\fallback\fallback-comprehensive.spec.ts:233:7 › Comprehensive Fallback Testing - Master Plan Implementation › Database failover fallback
✅ Database failover fallback validated

[1A[2K[110/285] [chromium] › tests\e2e\fix-forgot-password-500-error-by-adding-resettoken-and-resettokenexpiry-columns-to-users-table.-push-database-schema-changes.-run-forgot-password-tests-to-ensure-100%-coverage.-fix-any-failing-tests..spec.ts:23:7 › Fix forgot-password 500 error by adding resetToken and resetTokenExpiry columns to users table. Push database schema changes. Run forgot-password tests to ensure 100% coverage. Fix any failing tests. › should handle errors in Fix forgot-password 500 error by adding resetToken and resetTokenExpiry columns to users table. Push database schema changes. Run forgot-password tests to ensure 100% coverage. Fix any failing tests.
[1A[2K[111/285] [chromium] › tests\e2e\interactions\mobile-desktop-interactions.spec.ts:14:7 › Mobile Touch Interactions › should support pinch-to-zoom on product images
[1A[2K[chromium] › tests\e2e\fallback\fallback-comprehensive.spec.ts:283:7 › Comprehensive Fallback Testing - Master Plan Implementation › CDN and asset fallback
✅ CDN and asset fallback validated

[1A[2K[112/285] [chromium] › tests\e2e\interactions\mobile-desktop-interactions.spec.ts:41:7 › Mobile Touch Interactions › should support swipe gestures for image gallery
[1A[2K[113/285] [chromium] › tests\e2e\interactions\mobile-desktop-interactions.spec.ts:74:7 › Mobile Touch Interactions › should support pull-to-refresh
[1A[2K[114/285] [chromium] › tests\e2e\interactions\mobile-desktop-interactions.spec.ts:96:7 › Mobile Touch Interactions › should have touch targets of at least 44px
[1A[2K[115/285] [chromium] › tests\e2e\interactions\mobile-desktop-interactions.spec.ts:116:7 › Mobile Touch Interactions › should support long-press for context menu
[1A[2K[116/285] [chromium] › tests\e2e\interactions\mobile-desktop-interactions.spec.ts:142:7 › Desktop Mouse Interactions › should show hover effects on product cards
[1A[2K[117/285] [chromium] › tests\e2e\interactions\mobile-desktop-interactions.spec.ts:163:7 › Desktop Mouse Interactions › should support right-click context menu
[1A[2K[118/285] [chromium] › tests\e2e\interactions\mobile-desktop-interactions.spec.ts:183:7 › Desktop Mouse Interactions › should support drag and drop to cart
[1A[2K[119/285] [chromium] › tests\e2e\interactions\mobile-desktop-interactions.spec.ts:205:7 › Desktop Mouse Interactions › should support keyboard shortcuts
[1A[2K[120/285] [chromium] › tests\e2e\interactions\mobile-desktop-interactions.spec.ts:223:7 › Desktop Mouse Interactions › should show tooltip on hover
[1A[2K[chromium] › tests\e2e\fallback\fallback-comprehensive.spec.ts:328:7 › Comprehensive Fallback Testing - Master Plan Implementation › Fallback performance validation
✅ Fallback performance validated: 541ms load time

[1A[2K[121/285] [chromium] › tests\e2e\interactions\mobile-desktop-interactions.spec.ts:248:7 › Desktop Mouse Interactions › should support mouse wheel for image zoom
[1A[2K[122/285] [chromium] › tests\e2e\interactions\mobile-desktop-interactions.spec.ts:279:7 › Desktop Mouse Interactions › should support double-click for quick actions
[1A[2K  77) [chromium] › tests\e2e\carousel\wondernails-carousel.spec.ts:227:7 › Wondernails Carousel Hero Section › should handle rapid clicking without breaking 

    [31mTest timeout of 30000ms exceeded while running "beforeEach" hook.[39m

      4 |   const WONDERNAILS_URL = '/t/wondernails';
      5 |
    > 6 |   test.beforeEach(async ({ page }) => {
        |        ^
      7 |     await page.goto(WONDERNAILS_URL);
      8 |     // Wait for the carousel to be fully loaded
      9 |     await page.waitForSelector('[data-testid="carousel-container"]');
        at c:\Dev\Zo\sass-store\tests\e2e\carousel\wondernails-carousel.spec.ts:6:8

    Error: page.waitForSelector: Test timeout of 30000ms exceeded.
    Call log:
    [2m  - waiting for locator('[data-testid="carousel-container"]') to be visible[22m


       7 |     await page.goto(WONDERNAILS_URL);
       8 |     // Wait for the carousel to be fully loaded
    >  9 |     await page.waitForSelector('[data-testid="carousel-container"]');
         |                ^
      10 |   });
      11 |
      12 |   test('should display the carousel container with correct structure', async ({ page }) => {
        at c:\Dev\Zo\sass-store\tests\e2e\carousel\wondernails-carousel.spec.ts:9:16

    attachment #1: screenshot (image/png) ──────────────────────────────────────────────────────────
    test-results\carousel-wondernails-carou-d88ff-d-clicking-without-breaking-chromium\test-failed-1.png
    ────────────────────────────────────────────────────────────────────────────────────────────────

    attachment #2: video (video/webm) ──────────────────────────────────────────────────────────────
    test-results\carousel-wondernails-carou-d88ff-d-clicking-without-breaking-chromium\video.webm
    ────────────────────────────────────────────────────────────────────────────────────────────────

    Error Context: test-results\carousel-wondernails-carou-d88ff-d-clicking-without-breaking-chromium\error-context.md


[1A[2K[123/285] [chromium] › tests\e2e\media-pipeline\media-optimization.spec.ts:6:7 › Media Pipeline E2E Tests - Optimization & AVIF/WebP › Media Upload - Optimization pipeline (AVIF/WebP, variantes, EXIF off)
[1A[2K[chromium] › tests\e2e\media-pipeline\media-optimization.spec.ts:6:7 › Media Pipeline E2E Tests - Optimization & AVIF/WebP › Media Upload - Optimization pipeline (AVIF/WebP, variantes, EXIF off)
⚪ wondernails: Media upload not available

[1A[2K  78) [chromium] › tests\e2e\carousel\wondernails-carousel.spec.ts:242:7 › Wondernails Carousel Hero Section › should maintain performance with smooth animations 

    [31mTest timeout of 30000ms exceeded while running "beforeEach" hook.[39m

      4 |   const WONDERNAILS_URL = '/t/wondernails';
      5 |
    > 6 |   test.beforeEach(async ({ page }) => {
        |        ^
      7 |     await page.goto(WONDERNAILS_URL);
      8 |     // Wait for the carousel to be fully loaded
      9 |     await page.waitForSelector('[data-testid="carousel-container"]');
        at c:\Dev\Zo\sass-store\tests\e2e\carousel\wondernails-carousel.spec.ts:6:8

    Error: page.waitForSelector: Test timeout of 30000ms exceeded.
    Call log:
    [2m  - waiting for locator('[data-testid="carousel-container"]') to be visible[22m


       7 |     await page.goto(WONDERNAILS_URL);
       8 |     // Wait for the carousel to be fully loaded
    >  9 |     await page.waitForSelector('[data-testid="carousel-container"]');
         |                ^
      10 |   });
      11 |
      12 |   test('should display the carousel container with correct structure', async ({ page }) => {
        at c:\Dev\Zo\sass-store\tests\e2e\carousel\wondernails-carousel.spec.ts:9:16

    attachment #1: screenshot (image/png) ──────────────────────────────────────────────────────────
    test-results\carousel-wondernails-carou-d7c65-ance-with-smooth-animations-chromium\test-failed-1.png
    ────────────────────────────────────────────────────────────────────────────────────────────────

    attachment #2: video (video/webm) ──────────────────────────────────────────────────────────────
    test-results\carousel-wondernails-carou-d7c65-ance-with-smooth-animations-chromium\video.webm
    ────────────────────────────────────────────────────────────────────────────────────────────────

    Error Context: test-results\carousel-wondernails-carou-d7c65-ance-with-smooth-animations-chromium\error-context.md


[1A[2K⚪ nom-nom: Media upload not available

[1A[2K⚪ delirios: Media upload not available

[1A[2K[124/285] [chromium] › tests\e2e\media-pipeline\media-optimization.spec.ts:101:7 › Media Pipeline E2E Tests - Optimization & AVIF/WebP › Media Deduplication - Prevent duplicate uploads
[1A[2K⚪ zo-system: Media upload not available

[1A[2K[125/285] [chromium] › tests\e2e\media-pipeline\media-optimization.spec.ts:154:7 › Media Pipeline E2E Tests - Optimization & AVIF/WebP › Media Serving - AVIF/WebP delivery with fallbacks
[1A[2K[126/285] [chromium] › tests\e2e\media-pipeline\media-optimization.spec.ts:198:7 › Media Pipeline E2E Tests - Optimization & AVIF/WebP › Media Performance - Loading and rendering optimization
[1A[2K[127/285] [chromium] › tests\e2e\media-pipeline\media-optimization.spec.ts:246:7 › Media Pipeline E2E Tests - Optimization & AVIF/WebP › Media Storage - Tenant isolation and quotas
[1A[2K[128/285] [chromium] › tests\e2e\media-pipeline\media-optimization.spec.ts:288:7 › Media Pipeline E2E Tests - Optimization & AVIF/WebP › Media API - Cross-tenant access prevention
[1A[2K[129/285] [chromium] › tests\e2e\media-pipeline\media-optimization.spec.ts:326:7 › Media Pipeline E2E Tests - Optimization & AVIF/WebP › Media Variants - Responsive image generation
[1A[2K[chromium] › tests\e2e\media-pipeline\media-optimization.spec.ts:198:7 › Media Pipeline E2E Tests - Optimization & AVIF/WebP › Media Performance - Loading and rendering optimization
✅ wondernails: Image loading performance validated

[1A[2K✅ nom-nom: Image loading performance validated

[1A[2K[130/285] [chromium] › tests\e2e\multitenant\tenant-isolation.spec.ts:6:7 › Multitenant Isolation Tests › Cart isolation between tenants
[1A[2K[131/285] [chromium] › tests\e2e\multitenant\tenant-isolation.spec.ts:38:7 › Multitenant Isolation Tests › Data isolation - no cross-tenant data leakage
[1A[2K[132/285] [chromium] › tests\e2e\multitenant\tenant-isolation.spec.ts:59:7 › Multitenant Isolation Tests › API endpoint isolation
[1A[2K[133/285] [chromium] › tests\e2e\multitenant\tenant-isolation.spec.ts:90:7 › Multitenant Isolation Tests › Fallback to zo-system for unknown tenants
[1A[2K  79) [chromium] › tests\e2e\error-handling\payment-timeout-recovery.spec.ts:9:7 › Payment Gateway Timeout Recovery › should handle payment gateway timeout gracefully 

    [31mTest timeout of 30000ms exceeded.[39m

    Error: locator.click: Test timeout of 30000ms exceeded.
    Call log:
    [2m  - waiting for locator('[data-testid="complete-order-btn"], button:has-text("Complete Order")')[22m


      38 |
      39 |     const completeOrderBtn = page.locator('[data-testid="complete-order-btn"], button:has-text("Complete Order")');
    > 40 |     await completeOrderBtn.click();
         |                            ^
      41 |
      42 |     // Verify loading state
      43 |     const paymentProcessing = page.locator('[data-testid="payment-processing"], .loading');
        at c:\Dev\Zo\sass-store\tests\e2e\error-handling\payment-timeout-recovery.spec.ts:40:28

    attachment #1: screenshot (image/png) ──────────────────────────────────────────────────────────
    test-results\error-handling-payment-tim-de3ff--gateway-timeout-gracefully-chromium\test-failed-1.png
    ────────────────────────────────────────────────────────────────────────────────────────────────

    attachment #2: video (video/webm) ──────────────────────────────────────────────────────────────
    test-results\error-handling-payment-tim-de3ff--gateway-timeout-gracefully-chromium\video.webm
    ────────────────────────────────────────────────────────────────────────────────────────────────

    Error Context: test-results\error-handling-payment-tim-de3ff--gateway-timeout-gracefully-chromium\error-context.md


[1A[2K  80) [chromium] › tests\e2e\multitenant\tenant-isolation.spec.ts:90:7 › Multitenant Isolation Tests › Fallback to zo-system for unknown tenants 

    Error: [2mexpect([22m[31mreceived[39m[2m).[22mtoBeTruthy[2m()[22m

    Received: [31mfalse[39m

      102 |                                await page.locator('[data-tenant="zo-system"]').isVisible();
      103 |
    > 104 |     expect(isZoSystemFallback).toBeTruthy();
          |                                ^
      105 |   });
      106 |
      107 |   test('Session isolation between tenants', async ({ context }) => {
        at c:\Dev\Zo\sass-store\tests\e2e\multitenant\tenant-isolation.spec.ts:104:32

    attachment #1: screenshot (image/png) ──────────────────────────────────────────────────────────
    test-results\multitenant-tenant-isolati-161b8--system-for-unknown-tenants-chromium\test-failed-1.png
    ────────────────────────────────────────────────────────────────────────────────────────────────

    attachment #2: video (video/webm) ──────────────────────────────────────────────────────────────
    test-results\multitenant-tenant-isolati-161b8--system-for-unknown-tenants-chromium\video.webm
    ────────────────────────────────────────────────────────────────────────────────────────────────

    Error Context: test-results\multitenant-tenant-isolati-161b8--system-for-unknown-tenants-chromium\error-context.md


[1A[2K[134/285] [chromium] › tests\e2e\multitenant\tenant-isolation.spec.ts:107:7 › Multitenant Isolation Tests › Session isolation between tenants
[1A[2K[135/285] [chromium] › tests\e2e\navigation\navigation-flows.spec.ts:9:7 › Authentication & Login › should login successfully with valid credentials
[1A[2K  81) [chromium] › tests\e2e\multitenant\tenant-isolation.spec.ts:107:7 › Multitenant Isolation Tests › Session isolation between tenants 

    Error: [2mexpect([22m[31mreceived[39m[2m).[22mtoContain[2m([22m[32mexpected[39m[2m) // indexOf[22m

    Expected substring: [32m"wondernails"[39m
    Received string:    [31m"{\"props\":{\"pageprops\":{\"statuscode\":500,\"hostname\":\"localhost\"}},\"page\":\"/_error\",\"query\":{},\"buildid\":\"development\",\"isfallback\":false,\"err\":{\"name\":\"error\",\"source\":\"server\",\"message\":\"module not found: can't resolve '@/lib/hooks/use-cart'\\n  2 |\\n  3 | import { usetenantslug } from '@/lib/tenant/client-resolver';\\n\\u003e 4 | import { usecart } from '@/lib/hooks/use-cart';\\n    | ^\\n  5 | import { staggercontainer } from '@/components/animations/stagger-container';\\n  6 | import { motion } from 'framer-motion';\\n  7 | import { itemvariants } from '@/components/animations/stagger-container';\\n\\nhttps://nextjs.org/docs/messages/module-not-found\\n\",\"stack\":\"error: module not found: can't resolve '@/lib/hooks/use-cart'\\n  2 |\\n  3 | import { usetenantslug } from '@/lib/tenant/client-resolver';\\n\\u003e 4 | import { usecart } from '@/lib/hooks/use-cart';\\n    | ^\\n  5 | import { staggercontainer } from '@/components/animations/stagger-container';\\n  6 | import { motion } from 'framer-motion';\\n  7 | import { itemvariants } from '@/components/animations/stagger-container';\\n\\nhttps://nextjs.org/docs/messages/module-not-found\\n\\n    at getnotfounderror (c:\\\\dev\\\\zo\\\\sass-store\\\\apps\\\\web\\\\node_modules\\\\next\\\\dist\\\\build\\\\webpack\\\\plugins\\\\wellknown-errors-plugin\\\\parsenotfounderror.js:140:16)\\n    at process.processticksandrejections (node:internal/process/task_queues:105:5)\\n    at async getmodulebuilderror (c:\\\\dev\\\\zo\\\\sass-store\\\\apps\\\\web\\\\node_modules\\\\next\\\\dist\\\\build\\\\webpack\\\\plugins\\\\wellknown-errors-plugin\\\\webpackmoduleerror.js:103:27)\\n    at async c:\\\\dev\\\\zo\\\\sass-store\\\\apps\\\\web\\\\node_modules\\\\next\\\\dist\\\\build\\\\webpack\\\\plugins\\\\wellknown-errors-plugin\\\\index.js:29:49\\n    at async promise.all (index 0)\\n    at async c:\\\\dev\\\\zo\\\\sass-store\\\\apps\\\\web\\\\node_modules\\\\next\\\\dist\\\\build\\\\webpack\\\\plugins\\\\wellknown-errors-plugin\\\\index.js:27:21\"},\"gip\":true,\"scriptloader\":[]}"[39m

      122 |
      123 |     // Each page should contain its tenant-specific content
    > 124 |     expect(page1Content?.toLowerCase()).toContain('wondernails');
          |                                         ^
      125 |     expect(page2Content?.toLowerCase()).toContain('nom-nom');
      126 |
      127 |     // And should not contain the other tenant's content
        at c:\Dev\Zo\sass-store\tests\e2e\multitenant\tenant-isolation.spec.ts:124:41

    attachment #1: screenshot (image/png) ──────────────────────────────────────────────────────────
    test-results\multitenant-tenant-isolati-8aaa1-n-isolation-between-tenants-chromium\test-failed-2.png
    ────────────────────────────────────────────────────────────────────────────────────────────────

    attachment #2: screenshot (image/png) ──────────────────────────────────────────────────────────
    test-results\multitenant-tenant-isolati-8aaa1-n-isolation-between-tenants-chromium\test-failed-1.png
    ────────────────────────────────────────────────────────────────────────────────────────────────

    attachment #3: video (video/webm) ──────────────────────────────────────────────────────────────
    test-results\multitenant-tenant-isolati-8aaa1-n-isolation-between-tenants-chromium\video.webm
    ────────────────────────────────────────────────────────────────────────────────────────────────

    attachment #4: video (video/webm) ──────────────────────────────────────────────────────────────
    test-results\multitenant-tenant-isolati-8aaa1-n-isolation-between-tenants-chromium\video-1.webm
    ────────────────────────────────────────────────────────────────────────────────────────────────

    Error Context: test-results\multitenant-tenant-isolati-8aaa1-n-isolation-between-tenants-chromium\error-context.md


[1A[2K[136/285] [chromium] › tests\e2e\navigation\navigation-flows.spec.ts:21:7 › Authentication & Login › should show error for invalid credentials
[1A[2K  82) [chromium] › tests\e2e\fallback\fallback-comprehensive.spec.ts:101:7 › Comprehensive Fallback Testing - Master Plan Implementation › SEO handling for fallback scenarios 

    [31mTest timeout of 30000ms exceeded.[39m

    Error: locator.getAttribute: Test timeout of 30000ms exceeded.
    Call log:
    [2m  - waiting for locator('link[rel="canonical"]')[22m


      105 |
      106 |     // Check canonical URL handling
    > 107 |     const canonical = await page.locator('link[rel="canonical"]').getAttribute('href');
          |                                                                   ^
      108 |     if (canonical) {
      109 |       // Should either canonical to zo-system or set noindex
      110 |       const isZoSystemCanonical = canonical.includes('zo-system');
        at c:\Dev\Zo\sass-store\tests\e2e\fallback\fallback-comprehensive.spec.ts:107:67

    attachment #1: screenshot (image/png) ──────────────────────────────────────────────────────────
    test-results\fallback-fallback-comprehe-b6e71-ling-for-fallback-scenarios-chromium\test-failed-1.png
    ────────────────────────────────────────────────────────────────────────────────────────────────

    attachment #2: video (video/webm) ──────────────────────────────────────────────────────────────
    test-results\fallback-fallback-comprehe-b6e71-ling-for-fallback-scenarios-chromium\video.webm
    ────────────────────────────────────────────────────────────────────────────────────────────────

    Error Context: test-results\fallback-fallback-comprehe-b6e71-ling-for-fallback-scenarios-chromium\error-context.md


[1A[2K[137/285] [chromium] › tests\e2e\navigation\navigation-flows.spec.ts:33:7 › Authentication & Login › should logout successfully
[1A[2K[138/285] [chromium] › tests\e2e\navigation\navigation-flows.spec.ts:45:7 › Authentication & Login › should remember me functionality work
[1A[2K  83) [chromium] › tests\e2e\interactions\mobile-desktop-interactions.spec.ts:142:7 › Desktop Mouse Interactions › should show hover effects on product cards 

    [31mTest timeout of 30000ms exceeded.[39m

    Error: locator.hover: Test timeout of 30000ms exceeded.
    Call log:
    [2m  - waiting for locator('[data-testid="product-card"]').first()[22m


      146 |
      147 |     const productCard = page.locator('[data-testid="product-card"]').first();
    > 148 |     await productCard.hover();
          |                       ^
      149 |
      150 |     // Verify hover overlay appears
      151 |     const hoverOverlay = page.locator('[data-testid="product-hover-overlay"], .product-overlay');
        at c:\Dev\Zo\sass-store\tests\e2e\interactions\mobile-desktop-interactions.spec.ts:148:23

    attachment #1: screenshot (image/png) ──────────────────────────────────────────────────────────
    test-results\interactions-mobile-deskto-f3d6a-er-effects-on-product-cards-chromium\test-failed-1.png
    ────────────────────────────────────────────────────────────────────────────────────────────────

    attachment #2: video (video/webm) ──────────────────────────────────────────────────────────────
    test-results\interactions-mobile-deskto-f3d6a-er-effects-on-product-cards-chromium\video.webm
    ────────────────────────────────────────────────────────────────────────────────────────────────

    Error Context: test-results\interactions-mobile-deskto-f3d6a-er-effects-on-product-cards-chromium\error-context.md


[1A[2K  84) [chromium] › tests\e2e\interactions\mobile-desktop-interactions.spec.ts:163:7 › Desktop Mouse Interactions › should support right-click context menu 

    [31mTest timeout of 30000ms exceeded.[39m

    Error: locator.click: Test timeout of 30000ms exceeded.
    Call log:
    [2m  - waiting for locator('[data-testid="product-card"]').first()[22m


      167 |
      168 |     const productCard = page.locator('[data-testid="product-card"]').first();
    > 169 |     await productCard.click({ button: 'right' });
          |                       ^
      170 |
      171 |     const contextMenu = page.locator('[data-testid="context-menu"]');
      172 |     if (await contextMenu.isVisible()) {
        at c:\Dev\Zo\sass-store\tests\e2e\interactions\mobile-desktop-interactions.spec.ts:169:23

    attachment #1: screenshot (image/png) ──────────────────────────────────────────────────────────
    test-results\interactions-mobile-deskto-9818a-rt-right-click-context-menu-chromium\test-failed-1.png
    ────────────────────────────────────────────────────────────────────────────────────────────────

    attachment #2: video (video/webm) ──────────────────────────────────────────────────────────────
    test-results\interactions-mobile-deskto-9818a-rt-right-click-context-menu-chromium\video.webm
    ────────────────────────────────────────────────────────────────────────────────────────────────

    Error Context: test-results\interactions-mobile-deskto-9818a-rt-right-click-context-menu-chromium\error-context.md


[1A[2K[139/285] [chromium] › tests\e2e\navigation\navigation-flows.spec.ts:71:7 › Navigation & Menu › should navigate through main menu
[1A[2K[140/285] [chromium] › tests\e2e\navigation\navigation-flows.spec.ts:98:7 › Navigation & Menu › should show mobile menu on mobile devices
[1A[2K[141/285] [chromium] › tests\e2e\navigation\navigation-flows.spec.ts:110:7 › Navigation & Menu › should navigate with breadcrumbs
[1A[2K[142/285] [chromium] › tests\e2e\navigation\navigation-flows.spec.ts:124:7 › Search Functionality › should search products successfully
[1A[2K  85) [chromium] › tests\e2e\interactions\mobile-desktop-interactions.spec.ts:248:7 › Desktop Mouse Interactions › should support mouse wheel for image zoom 

    [31mTest timeout of 30000ms exceeded.[39m

    Error: locator.click: Test timeout of 30000ms exceeded.
    Call log:
    [2m  - waiting for locator('[data-testid="product-card"]').first()[22m


      252 |
      253 |     const productCard = page.locator('[data-testid="product-card"]').first();
    > 254 |     await productCard.click();
          |                       ^
      255 |
      256 |     const productImage = page.locator('[data-testid="product-image-main"]');
      257 |     if (await productImage.isVisible()) {
        at c:\Dev\Zo\sass-store\tests\e2e\interactions\mobile-desktop-interactions.spec.ts:254:23

    attachment #1: screenshot (image/png) ──────────────────────────────────────────────────────────
    test-results\interactions-mobile-deskto-67c41--mouse-wheel-for-image-zoom-chromium\test-failed-1.png
    ────────────────────────────────────────────────────────────────────────────────────────────────

    attachment #2: video (video/webm) ──────────────────────────────────────────────────────────────
    test-results\interactions-mobile-deskto-67c41--mouse-wheel-for-image-zoom-chromium\video.webm
    ────────────────────────────────────────────────────────────────────────────────────────────────

    Error Context: test-results\interactions-mobile-deskto-67c41--mouse-wheel-for-image-zoom-chromium\error-context.md


[1A[2K  86) [chromium] › tests\e2e\interactions\mobile-desktop-interactions.spec.ts:279:7 › Desktop Mouse Interactions › should support double-click for quick actions 

    [31mTest timeout of 30000ms exceeded.[39m

    Error: locator.dblclick: Test timeout of 30000ms exceeded.
    Call log:
    [2m  - waiting for locator('[data-testid="product-card"]').first()[22m


      285 |
      286 |     // Double-click to add to cart or open quick view
    > 287 |     await productCard.dblclick();
          |                       ^
      288 |
      289 |     await page.waitForTimeout(500);
      290 |
        at c:\Dev\Zo\sass-store\tests\e2e\interactions\mobile-desktop-interactions.spec.ts:287:23

    attachment #1: screenshot (image/png) ──────────────────────────────────────────────────────────
    test-results\interactions-mobile-deskto-7b17f-ble-click-for-quick-actions-chromium\test-failed-1.png
    ────────────────────────────────────────────────────────────────────────────────────────────────

    attachment #2: video (video/webm) ──────────────────────────────────────────────────────────────
    test-results\interactions-mobile-deskto-7b17f-ble-click-for-quick-actions-chromium\video.webm
    ────────────────────────────────────────────────────────────────────────────────────────────────

    Error Context: test-results\interactions-mobile-deskto-7b17f-ble-click-for-quick-actions-chromium\error-context.md


[1A[2K[143/285] [chromium] › tests\e2e\navigation\navigation-flows.spec.ts:184:7 › Product Filtering & Sorting › should filter products by category
[1A[2K[144/285] [chromium] › tests\e2e\navigation\navigation-flows.spec.ts:141:7 › Search Functionality › should show no results message for invalid search
[1A[2K[145/285] [chromium] › tests\e2e\navigation\navigation-flows.spec.ts:201:7 › Product Filtering & Sorting › should sort products by price
[1A[2K[146/285] [chromium] › tests\e2e\navigation\navigation-flows.spec.ts:154:7 › Search Functionality › should filter search results
[1A[2K[147/285] [chromium] › tests\e2e\navigation\navigation-flows.spec.ts:222:7 › Product Filtering & Sorting › should filter products by price range
[1A[2K[148/285] [chromium] › tests\e2e\navigation\navigation-flows.spec.ts:254:7 › Shopping Cart Operations › should add product to cart
[1A[2K[149/285] [chromium] › tests\e2e\navigation\navigation-flows.spec.ts:268:7 › Shopping Cart Operations › should update cart item quantity
[1A[2K  87) [chromium] › tests\e2e\multitenant\tenant-isolation.spec.ts:38:7 › Multitenant Isolation Tests › Data isolation - no cross-tenant data leakage 

    [31mTest timeout of 30000ms exceeded.[39m

    Error: locator.textContent: Test timeout of 30000ms exceeded.
    Call log:
    [2m  - waiting for locator('h1, h2, .tenant-name, [data-testid="tenant-name"]').first()[22m


      43 |       // Check that tenant-specific branding is applied
      44 |       const tenantHeaders = page.locator('h1, h2, .tenant-name, [data-testid="tenant-name"]');
    > 45 |       const headerText = await tenantHeaders.first().textContent();
         |                                                      ^
      46 |
      47 |       // Ensure we don't see other tenant names in the content
      48 |       const otherTenants = tenants.filter(t => t !== tenant);
        at c:\Dev\Zo\sass-store\tests\e2e\multitenant\tenant-isolation.spec.ts:45:54

    attachment #1: screenshot (image/png) ──────────────────────────────────────────────────────────
    test-results\multitenant-tenant-isolati-61c72-o-cross-tenant-data-leakage-chromium\test-failed-1.png
    ────────────────────────────────────────────────────────────────────────────────────────────────

    attachment #2: video (video/webm) ──────────────────────────────────────────────────────────────
    test-results\multitenant-tenant-isolati-61c72-o-cross-tenant-data-leakage-chromium\video.webm
    ────────────────────────────────────────────────────────────────────────────────────────────────

    Error Context: test-results\multitenant-tenant-isolati-61c72-o-cross-tenant-data-leakage-chromium\error-context.md


[1A[2K[150/285] [chromium] › tests\e2e\navigation\navigation-flows.spec.ts:293:7 › Shopping Cart Operations › should remove item from cart
[1A[2K  88) [chromium] › tests\e2e\navigation\navigation-flows.spec.ts:9:7 › Authentication & Login › should login successfully with valid credentials 

    [31mTest timeout of 30000ms exceeded.[39m

    Error: page.fill: Test timeout of 30000ms exceeded.
    Call log:
    [2m  - waiting for locator('[data-testid="email-input"], input[name="email"]')[22m


      10 |     await page.goto('/t/wondernails/login');
      11 |
    > 12 |     await page.fill('[data-testid="email-input"], input[name="email"]', 'test@wondernails.com');
         |                ^
      13 |     await page.fill('[data-testid="password-input"], input[name="password"]', 'password123');
      14 |
      15 |     await page.click('[data-testid="login-btn"], button[type="submit"]');
        at c:\Dev\Zo\sass-store\tests\e2e\navigation\navigation-flows.spec.ts:12:16

    attachment #1: screenshot (image/png) ──────────────────────────────────────────────────────────
    test-results\navigation-navigation-flow-df79c-ully-with-valid-credentials-chromium\test-failed-1.png
    ────────────────────────────────────────────────────────────────────────────────────────────────

    attachment #2: video (video/webm) ──────────────────────────────────────────────────────────────
    test-results\navigation-navigation-flow-df79c-ully-with-valid-credentials-chromium\video.webm
    ────────────────────────────────────────────────────────────────────────────────────────────────

    Error Context: test-results\navigation-navigation-flow-df79c-ully-with-valid-credentials-chromium\error-context.md


[1A[2K[151/285] [chromium] › tests\e2e\navigation\navigation-flows.spec.ts:317:7 › Shopping Cart Operations › should calculate cart total correctly
[1A[2K  89) [chromium] › tests\e2e\navigation\navigation-flows.spec.ts:21:7 › Authentication & Login › should show error for invalid credentials 

    [31mTest timeout of 30000ms exceeded.[39m

    Error: page.fill: Test timeout of 30000ms exceeded.
    Call log:
    [2m  - waiting for locator('input[name="email"]')[22m


      22 |     await page.goto('/t/wondernails/login');
      23 |
    > 24 |     await page.fill('input[name="email"]', 'invalid@example.com');
         |                ^
      25 |     await page.fill('input[name="password"]', 'wrongpassword');
      26 |
      27 |     await page.click('button[type="submit"]');
        at c:\Dev\Zo\sass-store\tests\e2e\navigation\navigation-flows.spec.ts:24:16

    attachment #1: screenshot (image/png) ──────────────────────────────────────────────────────────
    test-results\navigation-navigation-flow-22e8b-ror-for-invalid-credentials-chromium\test-failed-1.png
    ────────────────────────────────────────────────────────────────────────────────────────────────

    attachment #2: video (video/webm) ──────────────────────────────────────────────────────────────
    test-results\navigation-navigation-flow-22e8b-ror-for-invalid-credentials-chromium\video.webm
    ────────────────────────────────────────────────────────────────────────────────────────────────

    Error Context: test-results\navigation-navigation-flow-22e8b-ror-for-invalid-credentials-chromium\error-context.md


[1A[2K[152/285] [chromium] › tests\e2e\navigation\navigation-flows.spec.ts:343:7 › Booking System › should book a service appointment
[1A[2K  90) [chromium] › tests\e2e\navigation\navigation-flows.spec.ts:45:7 › Authentication & Login › should remember me functionality work 

    [31mTest timeout of 30000ms exceeded.[39m

    Error: page.fill: Test timeout of 30000ms exceeded.
    Call log:
    [2m  - waiting for locator('input[name="email"]')[22m


      46 |     await page.goto('/t/wondernails/login');
      47 |
    > 48 |     await page.fill('input[name="email"]', 'test@wondernails.com');
         |                ^
      49 |     await page.fill('input[name="password"]', 'password123');
      50 |
      51 |     const rememberMe = page.locator('input[name="rememberMe"], input[type="checkbox"]');
        at c:\Dev\Zo\sass-store\tests\e2e\navigation\navigation-flows.spec.ts:48:16

    attachment #1: screenshot (image/png) ──────────────────────────────────────────────────────────
    test-results\navigation-navigation-flow-14eaa-ember-me-functionality-work-chromium\test-failed-1.png
    ────────────────────────────────────────────────────────────────────────────────────────────────

    attachment #2: video (video/webm) ──────────────────────────────────────────────────────────────
    test-results\navigation-navigation-flow-14eaa-ember-me-functionality-work-chromium\video.webm
    ────────────────────────────────────────────────────────────────────────────────────────────────

    Error Context: test-results\navigation-navigation-flow-14eaa-ember-me-functionality-work-chromium\error-context.md


[1A[2K[153/285] [chromium] › tests\e2e\navigation\navigation-flows.spec.ts:379:7 › Booking System › should select staff member for booking
[1A[2K  91) [chromium] › tests\e2e\navigation\navigation-flows.spec.ts:124:7 › Search Functionality › should search products successfully 

    [31mTest timeout of 30000ms exceeded.[39m

    Error: locator.fill: Test timeout of 30000ms exceeded.
    Call log:
    [2m  - waiting for locator('[data-testid="search-input"], input[type="search"]')[22m


      126 |
      127 |     const searchInput = page.locator('[data-testid="search-input"], input[type="search"]');
    > 128 |     await searchInput.fill('nail polish');
          |                       ^
      129 |     await page.keyboard.press('Enter');
      130 |
      131 |     await page.waitForTimeout(500);
        at c:\Dev\Zo\sass-store\tests\e2e\navigation\navigation-flows.spec.ts:128:23

    attachment #1: screenshot (image/png) ──────────────────────────────────────────────────────────
    test-results\navigation-navigation-flow-200ae-earch-products-successfully-chromium\test-failed-1.png
    ────────────────────────────────────────────────────────────────────────────────────────────────

    attachment #2: video (video/webm) ──────────────────────────────────────────────────────────────
    test-results\navigation-navigation-flow-200ae-earch-products-successfully-chromium\video.webm
    ────────────────────────────────────────────────────────────────────────────────────────────────

    Error Context: test-results\navigation-navigation-flow-200ae-earch-products-successfully-chromium\error-context.md


[1A[2K[154/285] [chromium] › tests\e2e\navigation\navigation-flows.spec.ts:401:7 › Checkout Process › should proceed through checkout flow
[1A[2K  92) [chromium] › tests\e2e\navigation\navigation-flows.spec.ts:141:7 › Search Functionality › should show no results message for invalid search 

    [31mTest timeout of 30000ms exceeded.[39m

    Error: locator.fill: Test timeout of 30000ms exceeded.
    Call log:
    [2m  - waiting for locator('[data-testid="search-input"], input[type="search"]')[22m


      143 |
      144 |     const searchInput = page.locator('[data-testid="search-input"], input[type="search"]');
    > 145 |     await searchInput.fill('xyzabc123nonexistent');
          |                       ^
      146 |     await page.keyboard.press('Enter');
      147 |
      148 |     await page.waitForTimeout(500);
        at c:\Dev\Zo\sass-store\tests\e2e\navigation\navigation-flows.spec.ts:145:23

    attachment #1: screenshot (image/png) ──────────────────────────────────────────────────────────
    test-results\navigation-navigation-flow-e5e6c--message-for-invalid-search-chromium\test-failed-1.png
    ────────────────────────────────────────────────────────────────────────────────────────────────

    attachment #2: video (video/webm) ──────────────────────────────────────────────────────────────
    test-results\navigation-navigation-flow-e5e6c--message-for-invalid-search-chromium\video.webm
    ────────────────────────────────────────────────────────────────────────────────────────────────

    Error Context: test-results\navigation-navigation-flow-e5e6c--message-for-invalid-search-chromium\error-context.md


[1A[2K[155/285] [chromium] › tests\e2e\performance\core-web-vitals.spec.ts:6:7 › Performance Tests - Core Web Vitals › Page load times should meet targets
[1A[2K  93) [chromium] › tests\e2e\navigation\navigation-flows.spec.ts:254:7 › Shopping Cart Operations › should add product to cart 

    [31mTest timeout of 30000ms exceeded.[39m

    Error: locator.click: Test timeout of 30000ms exceeded.
    Call log:
    [2m  - waiting for locator('[data-testid="add-to-cart-btn"]').first()[22m


      256 |
      257 |     const addToCartBtn = page.locator('[data-testid="add-to-cart-btn"]').first();
    > 258 |     await addToCartBtn.click();
          |                        ^
      259 |
      260 |     await page.waitForTimeout(500);
      261 |
        at c:\Dev\Zo\sass-store\tests\e2e\navigation\navigation-flows.spec.ts:258:24

    attachment #1: screenshot (image/png) ──────────────────────────────────────────────────────────
    test-results\navigation-navigation-flow-cf546--should-add-product-to-cart-chromium\test-failed-1.png
    ────────────────────────────────────────────────────────────────────────────────────────────────

    attachment #2: video (video/webm) ──────────────────────────────────────────────────────────────
    test-results\navigation-navigation-flow-cf546--should-add-product-to-cart-chromium\video.webm
    ────────────────────────────────────────────────────────────────────────────────────────────────

    Error Context: test-results\navigation-navigation-flow-cf546--should-add-product-to-cart-chromium\error-context.md


[1A[2K  94) [chromium] › tests\e2e\navigation\navigation-flows.spec.ts:268:7 › Shopping Cart Operations › should update cart item quantity 

    [31mTest timeout of 30000ms exceeded.[39m

    Error: locator.click: Test timeout of 30000ms exceeded.
    Call log:
    [2m  - waiting for locator('[data-testid="add-to-cart-btn"]').first()[22m


      271 |     // Add item to cart
      272 |     const addToCartBtn = page.locator('[data-testid="add-to-cart-btn"]').first();
    > 273 |     await addToCartBtn.click();
          |                        ^
      274 |     await page.waitForTimeout(500);
      275 |
      276 |     // Go to cart
        at c:\Dev\Zo\sass-store\tests\e2e\navigation\navigation-flows.spec.ts:273:24

    attachment #1: screenshot (image/png) ──────────────────────────────────────────────────────────
    test-results\navigation-navigation-flow-298ef-d-update-cart-item-quantity-chromium\test-failed-1.png
    ────────────────────────────────────────────────────────────────────────────────────────────────

    attachment #2: video (video/webm) ──────────────────────────────────────────────────────────────
    test-results\navigation-navigation-flow-298ef-d-update-cart-item-quantity-chromium\video.webm
    ────────────────────────────────────────────────────────────────────────────────────────────────

    Error Context: test-results\navigation-navigation-flow-298ef-d-update-cart-item-quantity-chromium\error-context.md


[1A[2K[156/285] [chromium] › tests\e2e\performance\core-web-vitals.spec.ts:49:7 › Performance Tests - Core Web Vitals › Bundle size should be under 250KB
[1A[2K[157/285] [chromium] › tests\e2e\performance\core-web-vitals.spec.ts:99:7 › Performance Tests - Core Web Vitals › Core Web Vitals should meet targets
[1A[2K  95) [chromium] › tests\e2e\performance\core-web-vitals.spec.ts:49:7 › Performance Tests - Core Web Vitals › Bundle size should be under 250KB 

    Error: [2mexpect([22m[31mreceived[39m[2m).[22mtoBeLessThan[2m([22m[32mexpected[39m[2m)[22m

    Expected: < [32m250000[39m
    Received:   [31m1699763[39m

      91 |
      92 |       // Should be under 250KB (250,000 bytes)
    > 93 |       expect(totalBundleSize).toBeLessThan(250000);
         |                               ^
      94 |
      95 |       console.log(`✓ ${tenant}: Bundle size ${Math.round(totalBundleSize / 1024)}KB (JS: ${Math.round(totalJSSize / 1024)}KB, CSS: ${Math.round(totalCSSSize / 1024)}KB)`);
      96 |     }
        at c:\Dev\Zo\sass-store\tests\e2e\performance\core-web-vitals.spec.ts:93:31

    attachment #1: screenshot (image/png) ──────────────────────────────────────────────────────────
    test-results\performance-core-web-vital-a0c8c--size-should-be-under-250KB-chromium\test-failed-1.png
    ────────────────────────────────────────────────────────────────────────────────────────────────

    attachment #2: video (video/webm) ──────────────────────────────────────────────────────────────
    test-results\performance-core-web-vital-a0c8c--size-should-be-under-250KB-chromium\video.webm
    ────────────────────────────────────────────────────────────────────────────────────────────────

    Error Context: test-results\performance-core-web-vital-a0c8c--size-should-be-under-250KB-chromium\error-context.md


[1A[2K[chromium] › tests\e2e\performance\core-web-vitals.spec.ts:6:7 › Performance Tests - Core Web Vitals › Page load times should meet targets
✓ wondernails: Load time 1003ms, FCP nullms

[1A[2K[158/285] [chromium] › tests\e2e\performance\core-web-vitals.spec.ts:170:7 › Performance Tests - Core Web Vitals › Image optimization should be working
[1A[2K[chromium] › tests\e2e\performance\core-web-vitals.spec.ts:170:7 › Performance Tests - Core Web Vitals › Image optimization should be working
✓ wondernails: 0/0 images optimized (NaN%)

[1A[2K[chromium] › tests\e2e\performance\core-web-vitals.spec.ts:99:7 › Performance Tests - Core Web Vitals › Core Web Vitals should meet targets
✓ wondernails: LCP undefinedms, FID N/Ams, CLS N/A

[1A[2K[chromium] › tests\e2e\performance\core-web-vitals.spec.ts:170:7 › Performance Tests - Core Web Vitals › Image optimization should be working
✓ nom-nom: 0/0 images optimized (NaN%)

[1A[2K[159/285] [chromium] › tests\e2e\performance\core-web-vitals.spec.ts:228:7 › Performance Tests - Core Web Vitals › Caching headers should be set properly
[1A[2K[chromium] › tests\e2e\performance\core-web-vitals.spec.ts:6:7 › Performance Tests - Core Web Vitals › Page load times should meet targets
✓ nom-nom: Load time 761ms, FCP nullms

[1A[2K  96) [chromium] › tests\e2e\performance\core-web-vitals.spec.ts:228:7 › Performance Tests - Core Web Vitals › Caching headers should be set properly 

    Error: [2mexpect([22m[31mreceived[39m[2m).[22mtoMatch[2m([22m[32mexpected[39m[2m)[22m

    Expected pattern: [32m/max-age=\d+/[39m
    Received string:  [31m"no-store, must-revalidate"[39m

      256 |       // Static assets should have long cache times
      257 |       if (resource.url.includes('/_next/static/')) {
    > 258 |         expect(cacheControl).toMatch(/max-age=\d+/);
          |                              ^
      259 |         const maxAge = parseInt(cacheControl.match(/max-age=(\d+)/)?.[1] || '0');
      260 |         expect(maxAge).toBeGreaterThan(86400); // At least 1 day
      261 |       }
        at c:\Dev\Zo\sass-store\tests\e2e\performance\core-web-vitals.spec.ts:258:30

    attachment #1: screenshot (image/png) ──────────────────────────────────────────────────────────
    test-results\performance-core-web-vital-0f8c4-ders-should-be-set-properly-chromium\test-failed-1.png
    ────────────────────────────────────────────────────────────────────────────────────────────────

    attachment #2: video (video/webm) ──────────────────────────────────────────────────────────────
    test-results\performance-core-web-vital-0f8c4-ders-should-be-set-properly-chromium\video.webm
    ────────────────────────────────────────────────────────────────────────────────────────────────

    Error Context: test-results\performance-core-web-vital-0f8c4-ders-should-be-set-properly-chromium\error-context.md


[1A[2K[160/285] [chromium] › tests\e2e\performance\core-web-vitals.spec.ts:272:7 › Performance Tests - Core Web Vitals › JavaScript execution should be efficient
[1A[2K  97) [chromium] › tests\e2e\performance\core-web-vitals.spec.ts:272:7 › Performance Tests - Core Web Vitals › JavaScript execution should be efficient 

    Error: worker process exited unexpectedly (code=3221225794, signal=null)


[1A[2K[161/285] [chromium] › tests\e2e\performance\core-web-vitals.spec.ts:311:7 › Performance Tests - Core Web Vitals › Memory usage should be reasonable
[1A[2K  98) [chromium] › tests\e2e\performance\core-web-vitals.spec.ts:311:7 › Performance Tests - Core Web Vitals › Memory usage should be reasonable 

    Error: worker process exited unexpectedly (code=3221225794, signal=null)


[1A[2K[162/285] [chromium] › tests\e2e\performance\core-web-vitals.spec.ts:349:7 › Performance Tests - Core Web Vitals › Network requests should be optimized
[1A[2K  99) [chromium] › tests\e2e\performance\core-web-vitals.spec.ts:349:7 › Performance Tests - Core Web Vitals › Network requests should be optimized 

    Error: worker process exited unexpectedly (code=3221225794, signal=null)


[1A[2K[163/285] [chromium] › tests\e2e\performance\core-web-vitals.spec.ts:388:7 › Performance Tests - Core Web Vitals › Progressive loading should work
[1A[2K  100) [chromium] › tests\e2e\performance\core-web-vitals.spec.ts:388:7 › Performance Tests - Core Web Vitals › Progressive loading should work 

    Error: worker process exited unexpectedly (code=3221225794, signal=null)


[1A[2K[164/285] [chromium] › tests\e2e\performance\mobile-performance-budget.spec.ts:10:7 › Mobile Performance Budget › should meet mobile LCP budget of <3s
[1A[2K  101) [chromium] › tests\e2e\performance\mobile-performance-budget.spec.ts:10:7 › Mobile Performance Budget › should meet mobile LCP budget of <3s 

    Error: worker process exited unexpectedly (code=3221225794, signal=null)


[1A[2K[165/285] [chromium] › tests\e2e\performance\mobile-performance-budget.spec.ts:29:7 › Mobile Performance Budget › should meet mobile FCP budget of <2s
[1A[2K  102) [chromium] › tests\e2e\performance\mobile-performance-budget.spec.ts:29:7 › Mobile Performance Budget › should meet mobile FCP budget of <2s 

    Error: worker process exited unexpectedly (code=3221225794, signal=null)


[1A[2K[166/285] [chromium] › tests\e2e\performance\mobile-performance-budget.spec.ts:48:7 › Mobile Performance Budget › should meet mobile TTFB budget of <1s
[1A[2K  103) [chromium] › tests\e2e\performance\mobile-performance-budget.spec.ts:48:7 › Mobile Performance Budget › should meet mobile TTFB budget of <1s 

    Error: worker process exited unexpectedly (code=3221225794, signal=null)


[1A[2K[167/285] [chromium] › tests\e2e\performance\mobile-performance-budget.spec.ts:66:7 › Mobile Performance Budget › should load efficiently on 3G network
[1A[2K  104) [chromium] › tests\e2e\performance\mobile-performance-budget.spec.ts:66:7 › Mobile Performance Budget › should load efficiently on 3G network 

    Error: worker process exited unexpectedly (code=3221225794, signal=null)


[1A[2K[168/285] [chromium] › tests\e2e\performance\mobile-performance-budget.spec.ts:85:7 › Mobile Performance Budget › should serve appropriately sized images for mobile
[1A[2K  105) [chromium] › tests\e2e\performance\mobile-performance-budget.spec.ts:85:7 › Mobile Performance Budget › should serve appropriately sized images for mobile 

    Error: worker process exited unexpectedly (code=3221225794, signal=null)


[1A[2K[169/285] [chromium] › tests\e2e\performance\mobile-performance-budget.spec.ts:110:7 › Mobile Performance Budget › should minimize JavaScript execution time
[1A[2K  106) [chromium] › tests\e2e\performance\mobile-performance-budget.spec.ts:110:7 › Mobile Performance Budget › should minimize JavaScript execution time 

    Error: worker process exited unexpectedly (code=3221225794, signal=null)


[1A[2K[170/285] [chromium] › tests\e2e\performance\mobile-performance-budget.spec.ts:133:7 › Mobile Performance Budget › should lazy load below-the-fold content
[1A[2K  107) [chromium] › tests\e2e\performance\mobile-performance-budget.spec.ts:133:7 › Mobile Performance Budget › should lazy load below-the-fold content 

    Error: worker process exited unexpectedly (code=3221225794, signal=null)


[1A[2K[171/285] [chromium] › tests\e2e\performance\mobile-performance-budget.spec.ts:156:7 › Mobile Performance Budget › should use efficient caching for mobile
[1A[2K  108) [chromium] › tests\e2e\performance\mobile-performance-budget.spec.ts:156:7 › Mobile Performance Budget › should use efficient caching for mobile 

    Error: worker process exited unexpectedly (code=3221225794, signal=null)


[1A[2K[172/285] [chromium] › tests\e2e\performance\mobile-performance-budget.spec.ts:172:7 › Mobile Performance Budget › should minimize layout shifts on mobile
[1A[2K  109) [chromium] › tests\e2e\performance\mobile-performance-budget.spec.ts:172:7 › Mobile Performance Budget › should minimize layout shifts on mobile 

    Error: worker process exited unexpectedly (code=3221225794, signal=null)


[1A[2K[173/285] [chromium] › tests\e2e\performance\mobile-performance-budget.spec.ts:201:7 › Mobile Performance Budget › should optimize font loading for mobile
[1A[2K  110) [chromium] › tests\e2e\performance\mobile-performance-budget.spec.ts:201:7 › Mobile Performance Budget › should optimize font loading for mobile 

    Error: worker process exited unexpectedly (code=3221225794, signal=null)


[1A[2K[174/285] [chromium] › tests\e2e\performance\mobile-performance-budget.spec.ts:222:7 › Mobile Performance Budget › should meet mobile bundle size budget
[1A[2K  111) [chromium] › tests\e2e\performance\mobile-performance-budget.spec.ts:222:7 › Mobile Performance Budget › should meet mobile bundle size budget 

    Error: worker process exited unexpectedly (code=3221225794, signal=null)


[1A[2K[175/285] [chromium] › tests\e2e\performance\mobile-performance-budget.spec.ts:248:7 › Mobile Performance Budget › should prioritize critical rendering path on mobile
[1A[2K  112) [chromium] › tests\e2e\performance\mobile-performance-budget.spec.ts:248:7 › Mobile Performance Budget › should prioritize critical rendering path on mobile 

    Error: worker process exited unexpectedly (code=3221225794, signal=null)


[1A[2K[176/285] [chromium] › tests\e2e\performance.spec.ts:4:7 › Performance Tests › Page load times should meet targets
[1A[2K  113) [chromium] › tests\e2e\performance.spec.ts:4:7 › Performance Tests › Page load times should meet targets 

    Error: worker process exited unexpectedly (code=3221225794, signal=null)


[1A[2K[177/285] [chromium] › tests\e2e\performance.spec.ts:30:7 › Performance Tests › Bundle size should be under 250KB
[1A[2K  114) [chromium] › tests\e2e\performance.spec.ts:30:7 › Performance Tests › Bundle size should be under 250KB 

    Error: worker process exited unexpectedly (code=3221225794, signal=null)


[1A[2K✓ delirios: Load time 915ms, FCP nullms

[1A[2K[178/285] [chromium] › tests\e2e\performance.spec.ts:75:7 › Performance Tests › Core Web Vitals should meet targets
[1A[2K  115) [chromium] › tests\e2e\performance.spec.ts:75:7 › Performance Tests › Core Web Vitals should meet targets 

    Error: worker process exited unexpectedly (code=3221225794, signal=null)


[1A[2K[179/285] [chromium] › tests\e2e\performance.spec.ts:131:7 › Performance Tests › Image optimization should be working
[1A[2K  116) [chromium] › tests\e2e\performance.spec.ts:131:7 › Performance Tests › Image optimization should be working 

    Error: worker process exited unexpectedly (code=3221225794, signal=null)


[1A[2K[180/285] [chromium] › tests\e2e\performance.spec.ts:151:7 › Performance Tests › Caching headers should be set properly
[1A[2K  117) [chromium] › tests\e2e\performance.spec.ts:151:7 › Performance Tests › Caching headers should be set properly 

    Error: worker process exited unexpectedly (code=3221225794, signal=null)


[1A[2K[181/285] [chromium] › tests\e2e\purchase\bundle-and-gift-flows.spec.ts:10:7 › Bundle Purchase with Cross-Sell - 3 Click Budget › should complete bundle purchase with cross-sell in 3 clicks
[1A[2K  118) [chromium] › tests\e2e\purchase\bundle-and-gift-flows.spec.ts:10:7 › Bundle Purchase with Cross-Sell - 3 Click Budget › should complete bundle purchase with cross-sell in 3 clicks 

    Error: worker process exited unexpectedly (code=3221225794, signal=null)


[1A[2K[182/285] [chromium] › tests\e2e\purchase\bundle-and-gift-flows.spec.ts:70:7 › Bundle Purchase with Cross-Sell - 3 Click Budget › should show bundle savings and item breakdown
[1A[2K  119) [chromium] › tests\e2e\purchase\bundle-and-gift-flows.spec.ts:70:7 › Bundle Purchase with Cross-Sell - 3 Click Budget › should show bundle savings and item breakdown 

    Error: worker process exited unexpectedly (code=3221225794, signal=null)


[1A[2K[183/285] [chromium] › tests\e2e\purchase\bundle-and-gift-flows.spec.ts:105:7 › Gift Purchase Flow - 3 Click Budget › should complete gift purchase with gift options in 3 clicks
[1A[2K  120) [chromium] › tests\e2e\purchase\bundle-and-gift-flows.spec.ts:105:7 › Gift Purchase Flow - 3 Click Budget › should complete gift purchase with gift options in 3 clicks 

    Error: worker process exited unexpectedly (code=3221225794, signal=null)


[1A[2K[chromium] › tests\e2e\performance\core-web-vitals.spec.ts:99:7 › Performance Tests - Core Web Vitals › Core Web Vitals should meet targets
✓ nom-nom: LCP undefinedms, FID N/Ams, CLS N/A

[1A[2K[184/285] [chromium] › tests\e2e\purchase\bundle-and-gift-flows.spec.ts:175:7 › Gift Purchase Flow - 3 Click Budget › should allow custom gift message
[1A[2K  121) [chromium] › tests\e2e\purchase\bundle-and-gift-flows.spec.ts:175:7 › Gift Purchase Flow - 3 Click Budget › should allow custom gift message 

    Error: worker process exited unexpectedly (code=3221225794, signal=null)


[1A[2K[185/285] [chromium] › tests\e2e\purchase\bundle-and-gift-flows.spec.ts:199:7 › Gift Purchase Flow - 3 Click Budget › should show gift pricing with wrap costs
[1A[2K  122) [chromium] › tests\e2e\purchase\bundle-and-gift-flows.spec.ts:199:7 › Gift Purchase Flow - 3 Click Budget › should show gift pricing with wrap costs 

    Error: worker process exited unexpectedly (code=3221225794, signal=null)


[1A[2K[186/285] [chromium] › tests\e2e\purchase\bundle-and-gift-flows.spec.ts:229:7 › Gift Purchase Flow - 3 Click Budget › should support scheduling gift delivery
[1A[2K  123) [chromium] › tests\e2e\purchase\bundle-and-gift-flows.spec.ts:229:7 › Gift Purchase Flow - 3 Click Budget › should support scheduling gift delivery 

    Error: worker process exited unexpectedly (code=3221225794, signal=null)


[1A[2K[187/285] [chromium] › tests\e2e\quotas\cost-guards.spec.ts:14:7 › Quotas and Cost Guards E2E Tests › Eco Mode (50% budget) - Reduced features and quality
[1A[2K  124) [chromium] › tests\e2e\quotas\cost-guards.spec.ts:14:7 › Quotas and Cost Guards E2E Tests › Eco Mode (50% budget) - Reduced features and quality 

    Error: worker process exited unexpectedly (code=3221225794, signal=null)


[1A[2K[188/285] [chromium] › tests\e2e\quotas\cost-guards.spec.ts:79:7 › Quotas and Cost Guards E2E Tests › Warning Mode (80% budget) - Usage notifications
[1A[2K  125) [chromium] › tests\e2e\quotas\cost-guards.spec.ts:79:7 › Quotas and Cost Guards E2E Tests › Warning Mode (80% budget) - Usage notifications 

    Error: worker process exited unexpectedly (code=3221225794, signal=null)


[1A[2K[189/285] [chromium] › tests\e2e\quotas\cost-guards.spec.ts:196:7 › Quotas and Cost Guards E2E Tests › Kill Switch (100% budget) - Service unavailable
[1A[2K  126) [chromium] › tests\e2e\quotas\cost-guards.spec.ts:196:7 › Quotas and Cost Guards E2E Tests › Kill Switch (100% budget) - Service unavailable 

    Error: worker process exited unexpectedly (code=3221225794, signal=null)


[1A[2K[190/285] [chromium] › tests\e2e\quotas\cost-guards.spec.ts:130:7 › Quotas and Cost Guards E2E Tests › Freeze Mode (90% budget) - Write operations disabled
[1A[2K  127) [chromium] › tests\e2e\quotas\cost-guards.spec.ts:130:7 › Quotas and Cost Guards E2E Tests › Freeze Mode (90% budget) - Write operations disabled 

    Error: browserContext.newPage: Target page, context or browser has been closed


[1A[2K[191/285] [chromium] › tests\e2e\quotas\cost-guards.spec.ts:234:7 › Quotas and Cost Guards E2E Tests › Quota API - 429 responses with retry headers
[1A[2K  128) [chromium] › tests\e2e\quotas\cost-guards.spec.ts:234:7 › Quotas and Cost Guards E2E Tests › Quota API - 429 responses with retry headers 

    Error: worker process exited unexpectedly (code=3221225794, signal=null)


[1A[2K[192/285] [chromium] › tests\e2e\quotas\cost-guards.spec.ts:321:7 › Quotas and Cost Guards E2E Tests › Quota Recovery - Service restoration after limits reset
[1A[2K  129) [chromium] › tests\e2e\quotas\cost-guards.spec.ts:321:7 › Quotas and Cost Guards E2E Tests › Quota Recovery - Service restoration after limits reset 

    Error: worker process exited unexpectedly (code=3221225794, signal=null)


[1A[2K[193/285] [chromium] › tests\e2e\quotas\cost-guards.spec.ts:366:7 › Quotas and Cost Guards E2E Tests › Budget Notifications - Progressive alerts
[1A[2K  130) [chromium] › tests\e2e\quotas\cost-guards.spec.ts:366:7 › Quotas and Cost Guards E2E Tests › Budget Notifications - Progressive alerts 

    Error: worker process exited unexpectedly (code=3221225794, signal=null)


[1A[2K[194/285] [chromium] › tests\e2e\reorder\smart-reorder.spec.ts:9:7 › Smart Reorder with Substitutions - 1 Click Budget › should complete smart reorder with substitutions in 1 click
[1A[2K  131) [chromium] › tests\e2e\reorder\smart-reorder.spec.ts:9:7 › Smart Reorder with Substitutions - 1 Click Budget › should complete smart reorder with substitutions in 1 click 

    Error: worker process exited unexpectedly (code=3221225794, signal=null)


[1A[2K[195/285] [chromium] › tests\e2e\quotas\cost-guards.spec.ts:274:7 › Quotas and Cost Guards E2E Tests › Resource Limits - Storage, API calls, connections
[1A[2K  132) [chromium] › tests\e2e\quotas\cost-guards.spec.ts:274:7 › Quotas and Cost Guards E2E Tests › Resource Limits - Storage, API calls, connections 

    Error: worker process exited unexpectedly (code=3221225794, signal=null)


[1A[2K[196/285] [chromium] › tests\e2e\reorder\smart-reorder.spec.ts:85:7 › Smart Reorder with Substitutions - 1 Click Budget › should apply smart substitution preferences
[1A[2K  133) [chromium] › tests\e2e\reorder\smart-reorder.spec.ts:85:7 › Smart Reorder with Substitutions - 1 Click Budget › should apply smart substitution preferences 

    Error: worker process exited unexpectedly (code=3221225794, signal=null)


[1A[2K[197/285] [chromium] › tests\e2e\reorder\smart-reorder.spec.ts:51:7 › Smart Reorder with Substitutions - 1 Click Budget › should detect out-of-stock items and suggest alternatives
[1A[2K  134) [chromium] › tests\e2e\reorder\smart-reorder.spec.ts:51:7 › Smart Reorder with Substitutions - 1 Click Budget › should detect out-of-stock items and suggest alternatives 

    Error: worker process exited unexpectedly (code=3221225794, signal=null)


[1A[2K[198/285] [chromium] › tests\e2e\reorder\smart-reorder.spec.ts:153:7 › Smart Reorder with Substitutions - 1 Click Budget › should handle complete inventory check before reorder
[1A[2K  135) [chromium] › tests\e2e\reorder\smart-reorder.spec.ts:153:7 › Smart Reorder with Substitutions - 1 Click Budget › should handle complete inventory check before reorder 

    Error: worker process exited unexpectedly (code=3221225794, signal=null)


[1A[2K[199/285] [chromium] › tests\e2e\reorder\smart-reorder.spec.ts:117:7 › Smart Reorder with Substitutions - 1 Click Budget › should show price comparison for substitutions
[1A[2K  136) [chromium] › tests\e2e\reorder\smart-reorder.spec.ts:117:7 › Smart Reorder with Substitutions - 1 Click Budget › should show price comparison for substitutions 

    Error: worker process exited unexpectedly (code=3221225794, signal=null)


[1A[2K[200/285] [chromium] › tests\e2e\reviews.spec.ts:9:7 › Product Reviews E2E Flow › should display existing reviews
[1A[2K  137) [chromium] › tests\e2e\reviews.spec.ts:9:7 › Product Reviews E2E Flow › should display existing reviews 

    Error: worker process exited unexpectedly (code=3221225794, signal=null)


[1A[2K[201/285] [chromium] › tests\e2e\reorder\smart-reorder.spec.ts:185:7 › Smart Reorder with Substitutions - 1 Click Budget › should maintain order history with substitution records
[1A[2K  138) [chromium] › tests\e2e\reorder\smart-reorder.spec.ts:185:7 › Smart Reorder with Substitutions - 1 Click Budget › should maintain order history with substitution records 

    Error: worker process exited unexpectedly (code=3221225794, signal=null)


[1A[2K[202/285] [chromium] › tests\e2e\reviews.spec.ts:38:7 › Product Reviews E2E Flow › should validate required fields
[1A[2K  139) [chromium] › tests\e2e\reviews.spec.ts:38:7 › Product Reviews E2E Flow › should validate required fields 

    Error: worker process exited unexpectedly (code=3221225794, signal=null)


[1A[2K[203/285] [chromium] › tests\e2e\reviews.spec.ts:20:7 › Product Reviews E2E Flow › should submit a new review successfully
[1A[2K  140) [chromium] › tests\e2e\reviews.spec.ts:20:7 › Product Reviews E2E Flow › should submit a new review successfully 

    Error: worker process exited unexpectedly (code=3221225794, signal=null)


[1A[2K[204/285] [chromium] › tests\e2e\reviews.spec.ts:69:7 › Product Reviews E2E Flow › should display average rating
[1A[2K  141) [chromium] › tests\e2e\reviews.spec.ts:69:7 › Product Reviews E2E Flow › should display average rating 

    Error: worker process exited unexpectedly (code=3221225794, signal=null)


[1A[2K[205/285] [chromium] › tests\e2e\reviews.spec.ts:47:7 › Product Reviews E2E Flow › should allow marking review as helpful
[1A[2K  142) [chromium] › tests\e2e\reviews.spec.ts:47:7 › Product Reviews E2E Flow › should allow marking review as helpful 

    Error: worker process exited unexpectedly (code=3221225794, signal=null)


[1A[2K[206/285] [chromium] › tests\e2e\reviews.spec.ts:99:7 › Product Reviews E2E Flow › should load more reviews on scroll
[1A[2K  143) [chromium] › tests\e2e\reviews.spec.ts:99:7 › Product Reviews E2E Flow › should load more reviews on scroll 

    Error: worker process exited unexpectedly (code=3221225794, signal=null)


[1A[2K[207/285] [chromium] › tests\e2e\reviews.spec.ts:82:7 › Product Reviews E2E Flow › should filter reviews by rating
[1A[2K  144) [chromium] › tests\e2e\reviews.spec.ts:82:7 › Product Reviews E2E Flow › should filter reviews by rating 

    Error: worker process exited unexpectedly (code=3221225794, signal=null)


[1A[2K[208/285] [chromium] › tests\e2e\rls\booking-system-isolation.spec.ts:35:7 › Booking System Tenant Isolation › should not display other tenant bookings in calendar
[1A[2K  145) [chromium] › tests\e2e\rls\booking-system-isolation.spec.ts:35:7 › Booking System Tenant Isolation › should not display other tenant bookings in calendar 

    Error: worker process exited unexpectedly (code=3221225794, signal=null)


[1A[2K[209/285] [chromium] › tests\e2e\rls\booking-system-isolation.spec.ts:9:7 › Booking System Tenant Isolation › should only show staff from current tenant
[1A[2K  146) [chromium] › tests\e2e\rls\booking-system-isolation.spec.ts:9:7 › Booking System Tenant Isolation › should only show staff from current tenant 

    Error: worker process exited unexpectedly (code=3221225794, signal=null)


[1A[2K[210/285] [chromium] › tests\e2e\rls\booking-system-isolation.spec.ts:106:7 › Booking System Tenant Isolation › should isolate staff API endpoints by tenant
[1A[2K  147) [chromium] › tests\e2e\rls\booking-system-isolation.spec.ts:106:7 › Booking System Tenant Isolation › should isolate staff API endpoints by tenant 

    Error: worker process exited unexpectedly (code=3221225794, signal=null)


[1A[2K[211/285] [chromium] › tests\e2e\rls\booking-system-isolation.spec.ts:57:7 › Booking System Tenant Isolation › should prevent access to other tenant booking via direct URL
[1A[2K  148) [chromium] › tests\e2e\rls\booking-system-isolation.spec.ts:57:7 › Booking System Tenant Isolation › should prevent access to other tenant booking via direct URL 

    Error: worker process exited unexpectedly (code=3221225794, signal=null)


[1A[2K[212/285] [chromium] › tests\e2e\rls\booking-system-isolation.spec.ts:152:7 › Booking System Tenant Isolation › should prevent booking modifications across tenants
[1A[2K  149) [chromium] › tests\e2e\rls\booking-system-isolation.spec.ts:152:7 › Booking System Tenant Isolation › should prevent booking modifications across tenants 

    Error: worker process exited unexpectedly (code=3221225794, signal=null)


[1A[2K[213/285] [chromium] › tests\e2e\rls\booking-system-isolation.spec.ts:129:7 › Booking System Tenant Isolation › should enforce tenant boundary in booking creation
[1A[2K  150) [chromium] › tests\e2e\rls\booking-system-isolation.spec.ts:129:7 › Booking System Tenant Isolation › should enforce tenant boundary in booking creation 

    Error: worker process exited unexpectedly (code=3221225794, signal=null)


[1A[2K[214/285] [chromium] › tests\e2e\rls\product-catalog-isolation.spec.ts:9:7 › Product Catalog Tenant Isolation › should only show products from current tenant
[1A[2K  151) [chromium] › tests\e2e\rls\product-catalog-isolation.spec.ts:9:7 › Product Catalog Tenant Isolation › should only show products from current tenant 

    Error: worker process exited unexpectedly (code=3221225794, signal=null)


[1A[2K[215/285] [chromium] › tests\e2e\rls\booking-system-isolation.spec.ts:175:7 › Booking System Tenant Isolation › should maintain booking isolation in shared time slots
[1A[2K  152) [chromium] › tests\e2e\rls\booking-system-isolation.spec.ts:175:7 › Booking System Tenant Isolation › should maintain booking isolation in shared time slots 

    Error: worker process exited unexpectedly (code=3221225794, signal=null)


[1A[2K[chromium] › tests\e2e\performance\core-web-vitals.spec.ts:6:7 › Performance Tests - Core Web Vitals › Page load times should meet targets
✓ zo-system: Load time 758ms, FCP nullms

[1A[2K[216/285] [chromium] › tests\e2e\rls\product-catalog-isolation.spec.ts:60:7 › Product Catalog Tenant Isolation › should return 404 for cross-tenant product access via URL
[1A[2K  153) [chromium] › tests\e2e\rls\product-catalog-isolation.spec.ts:60:7 › Product Catalog Tenant Isolation › should return 404 for cross-tenant product access via URL 

    Error: worker process exited unexpectedly (code=3221225794, signal=null)


[1A[2K[217/285] [chromium] › tests\e2e\rls\product-catalog-isolation.spec.ts:32:7 › Product Catalog Tenant Isolation › should not display other tenant products in search results
[1A[2K  154) [chromium] › tests\e2e\rls\product-catalog-isolation.spec.ts:32:7 › Product Catalog Tenant Isolation › should not display other tenant products in search results 

    Error: worker process exited unexpectedly (code=3221225794, signal=null)


[1A[2K[218/285] [chromium] › tests\e2e\rls\product-catalog-isolation.spec.ts:107:7 › Product Catalog Tenant Isolation › should prevent cross-tenant cart contamination
[1A[2K  155) [chromium] › tests\e2e\rls\product-catalog-isolation.spec.ts:107:7 › Product Catalog Tenant Isolation › should prevent cross-tenant cart contamination 

    Error: worker process exited unexpectedly (code=3221225794, signal=null)


[1A[2K[219/285] [chromium] › tests\e2e\rls\product-catalog-isolation.spec.ts:130:7 › Product Catalog Tenant Isolation › should enforce tenant boundary in product mutations
[1A[2K[220/285] [chromium] › tests\e2e\rls\product-catalog-isolation.spec.ts:84:7 › Product Catalog Tenant Isolation › should isolate product API responses by tenant
[1A[2K  156) [chromium] › tests\e2e\rls\product-catalog-isolation.spec.ts:84:7 › Product Catalog Tenant Isolation › should isolate product API responses by tenant 

    Error: worker process exited unexpectedly (code=3221225794, signal=null)


[1A[2K[221/285] [chromium] › tests\e2e\self-healing\self-healing-validation.spec.ts:46:7 › Self-Healing Test Validation - Master Plan Implementation › State-based waits vs sleep - network idle and element states
[1A[2K  157) [chromium] › tests\e2e\self-healing\self-healing-validation.spec.ts:46:7 › Self-Healing Test Validation - Master Plan Implementation › State-based waits vs sleep - network idle and element states 

    Error: worker process exited unexpectedly (code=3221225794, signal=null)


[1A[2K  158) [chromium] › tests\e2e\rls\product-catalog-isolation.spec.ts:130:7 › Product Catalog Tenant Isolation › should enforce tenant boundary in product mutations 

    Error: browserContext.newPage: Target page, context or browser has been closed


[1A[2K[222/285] [chromium] › tests\e2e\self-healing\self-healing-validation.spec.ts:7:7 › Self-Healing Test Validation - Master Plan Implementation › Self-healing selector fallback - data-testid priority
[1A[2K  159) [chromium] › tests\e2e\self-healing\self-healing-validation.spec.ts:7:7 › Self-Healing Test Validation - Master Plan Implementation › Self-healing selector fallback - data-testid priority 

    Error: worker process exited unexpectedly (code=3221225794, signal=null)


[1A[2K[223/285] [chromium] › tests\e2e\self-healing\self-healing-validation.spec.ts:205:7 › Self-Healing Test Validation - Master Plan Implementation › Booking flow with 2-click budget validation
[1A[2K  160) [chromium] › tests\e2e\self-healing\self-healing-validation.spec.ts:205:7 › Self-Healing Test Validation - Master Plan Implementation › Booking flow with 2-click budget validation 

    Error: worker process exited unexpectedly (code=3221225794, signal=null)


[1A[2K[224/285] [chromium] › tests\e2e\self-healing\self-healing-validation.spec.ts:82:7 › Self-Healing Test Validation - Master Plan Implementation › Controlled retry logic - 1-2 retries maximum
[1A[2K  161) [chromium] › tests\e2e\self-healing\self-healing-validation.spec.ts:82:7 › Self-Healing Test Validation - Master Plan Implementation › Controlled retry logic - 1-2 retries maximum 

    Error: worker process exited unexpectedly (code=3221225794, signal=null)


[1A[2K[225/285] [chromium] › tests\e2e\self-healing\self-healing-validation.spec.ts:304:7 › Self-Healing Test Validation - Master Plan Implementation › Error recovery and graceful degradation
[1A[2K  162) [chromium] › tests\e2e\self-healing\self-healing-validation.spec.ts:304:7 › Self-Healing Test Validation - Master Plan Implementation › Error recovery and graceful degradation 

    Error: worker process exited unexpectedly (code=3221225794, signal=null)


[1A[2K[226/285] [chromium] › tests\e2e\self-healing\self-healing-validation.spec.ts:253:7 › Self-Healing Test Validation - Master Plan Implementation › Selector stability validation - no brittle selectors
[1A[2K  163) [chromium] › tests\e2e\self-healing\self-healing-validation.spec.ts:253:7 › Self-Healing Test Validation - Master Plan Implementation › Selector stability validation - no brittle selectors 

    Error: worker process exited unexpectedly (code=3221225794, signal=null)


[1A[2K[227/285] [chromium] › tests\e2e\self-healing\self-healing-validation.spec.ts:141:7 › Self-Healing Test Validation - Master Plan Implementation › Click budget validation with real user flows
[1A[2K  164) [chromium] › tests\e2e\self-healing\self-healing-validation.spec.ts:141:7 › Self-Healing Test Validation - Master Plan Implementation › Click budget validation with real user flows 

    Error: worker process exited unexpectedly (code=3221225794, signal=null)


[1A[2K[228/285] [chromium] › tests\e2e\seo\seo-optimization.spec.ts:45:7 › SEO Optimization Tests › Canonical URLs should be correct
[1A[2K  165) [chromium] › tests\e2e\seo\seo-optimization.spec.ts:45:7 › SEO Optimization Tests › Canonical URLs should be correct 

    Error: worker process exited unexpectedly (code=3221225794, signal=null)


[1A[2K[229/285] [chromium] › tests\e2e\seo\seo-optimization.spec.ts:6:7 › SEO Optimization Tests › Meta tags should be tenant-specific
[1A[2K  166) [chromium] › tests\e2e\seo\seo-optimization.spec.ts:6:7 › SEO Optimization Tests › Meta tags should be tenant-specific 

    Error: worker process exited unexpectedly (code=3221225794, signal=null)


[1A[2K[230/285] [chromium] › tests\e2e\self-healing\self-healing-validation.spec.ts:350:7 › Self-Healing Test Validation - Master Plan Implementation › Performance-aware self-healing - timeout management
[1A[2K  167) [chromium] › tests\e2e\self-healing\self-healing-validation.spec.ts:350:7 › Self-Healing Test Validation - Master Plan Implementation › Performance-aware self-healing - timeout management 

    Error: worker process exited unexpectedly (code=3221225794, signal=null)


[1A[2K[231/285] [chromium] › tests\e2e\seo\seo-optimization.spec.ts:75:7 › SEO Optimization Tests › Structured data (JSON-LD) should be present
[1A[2K  168) [chromium] › tests\e2e\seo\seo-optimization.spec.ts:75:7 › SEO Optimization Tests › Structured data (JSON-LD) should be present 

    Error: worker process exited unexpectedly (code=3221225794, signal=null)


[1A[2K[232/285] [chromium] › tests\e2e\seo\seo-optimization.spec.ts:171:7 › SEO Optimization Tests › Fallback tenant should have correct SEO handling
[1A[2K  169) [chromium] › tests\e2e\seo\seo-optimization.spec.ts:171:7 › SEO Optimization Tests › Fallback tenant should have correct SEO handling 

    Error: worker process exited unexpectedly (code=3221225794, signal=null)


[1A[2K[233/285] [chromium] › tests\e2e\seo\seo-optimization.spec.ts:195:7 › SEO Optimization Tests › Sitemap and robots.txt should be accessible
[1A[2K  170) [chromium] › tests\e2e\seo\seo-optimization.spec.ts:195:7 › SEO Optimization Tests › Sitemap and robots.txt should be accessible 

    Error: worker process exited unexpectedly (code=3221225794, signal=null)


[1A[2K[234/285] [chromium] › tests\e2e\seo\seo-optimization.spec.ts:126:7 › SEO Optimization Tests › Images should have proper optimization
[1A[2K  171) [chromium] › tests\e2e\seo\seo-optimization.spec.ts:126:7 › SEO Optimization Tests › Images should have proper optimization 

    Error: worker process exited unexpectedly (code=3221225794, signal=null)


[1A[2K[235/285] [chromium] › tests\e2e\seo\seo-optimization.spec.ts:215:7 › SEO Optimization Tests › Page load performance should meet targets
[1A[2K  172) [chromium] › tests\e2e\seo\seo-optimization.spec.ts:215:7 › SEO Optimization Tests › Page load performance should meet targets 

    Error: worker process exited unexpectedly (code=3221225794, signal=null)


[1A[2K[236/285] [chromium] › tests\e2e\social-planner\social-planner-flow.spec.ts:14:7 › Social Planner E2E Tests - Phase 1 Coverage › Social Planner - Create and schedule post (planificación sin publicar)
[1A[2K  173) [chromium] › tests\e2e\social-planner\social-planner-flow.spec.ts:14:7 › Social Planner E2E Tests - Phase 1 Coverage › Social Planner - Create and schedule post (planificación sin publicar) 

    Error: worker process exited unexpectedly (code=3221225794, signal=null)


[1A[2K[237/285] [chromium] › tests\e2e\social-planner\social-planner-flow.spec.ts:83:7 › Social Planner E2E Tests - Phase 1 Coverage › Social Planner - Duplicate and move post via drag&drop
[1A[2K  174) [chromium] › tests\e2e\social-planner\social-planner-flow.spec.ts:83:7 › Social Planner E2E Tests - Phase 1 Coverage › Social Planner - Duplicate and move post via drag&drop 

    Error: worker process exited unexpectedly (code=3221225794, signal=null)


[1A[2K[238/285] [chromium] › tests\e2e\seo\seo-optimization.spec.ts:262:7 › SEO Optimization Tests › Breadcrumbs should be implemented correctly
[1A[2K  175) [chromium] › tests\e2e\seo\seo-optimization.spec.ts:262:7 › SEO Optimization Tests › Breadcrumbs should be implemented correctly 

    Error: worker process exited unexpectedly (code=3221225794, signal=null)


[1A[2K[239/285] [chromium] › tests\e2e\social-planner\social-planner-flow.spec.ts:120:7 › Social Planner E2E Tests - Phase 1 Coverage › Social Planner - Edit override for specific network
[1A[2K  176) [chromium] › tests\e2e\social-planner\social-planner-flow.spec.ts:120:7 › Social Planner E2E Tests - Phase 1 Coverage › Social Planner - Edit override for specific network 

    Error: worker process exited unexpectedly (code=3221225794, signal=null)


[1A[2K[240/285] [chromium] › tests\e2e\social-planner\social-planner-flow.spec.ts:214:7 › Social Planner E2E Tests - Phase 1 Coverage › Social Planner - Self-healing selector validation
[1A[2K  177) [chromium] › tests\e2e\social-planner\social-planner-flow.spec.ts:214:7 › Social Planner E2E Tests - Phase 1 Coverage › Social Planner - Self-healing selector validation 

    Error: worker process exited unexpectedly (code=3221225794, signal=null)


[1A[2K[241/285] [chromium] › tests\e2e\social-planner\social-planner-flow.spec.ts:184:7 › Social Planner E2E Tests - Phase 1 Coverage › Social Planner - Timezone handling (America/Mexico_City)
[1A[2K  178) [chromium] › tests\e2e\social-planner\social-planner-flow.spec.ts:184:7 › Social Planner E2E Tests - Phase 1 Coverage › Social Planner - Timezone handling (America/Mexico_City) 

    Error: worker process exited unexpectedly (code=3221225794, signal=null)


[1A[2K[242/285] [chromium] › tests\e2e\social-planner\social-planner-flow.spec.ts:150:7 › Social Planner E2E Tests - Phase 1 Coverage › Social Planner - View modes (Mes, Semana, Día, Año)
[1A[2K  179) [chromium] › tests\e2e\social-planner\social-planner-flow.spec.ts:150:7 › Social Planner E2E Tests - Phase 1 Coverage › Social Planner - View modes (Mes, Semana, Día, Año) 

    Error: worker process exited unexpectedly (code=3221225794, signal=null)


[1A[2K[243/285] [chromium] › tests\e2e\subset\need-human.e2e.ts:10:7 › NEED=HUMAN E2E Validation › should trigger NEED=HUMAN when data-testid is missing
[1A[2K  180) [chromium] › tests\e2e\subset\need-human.e2e.ts:10:7 › NEED=HUMAN E2E Validation › should trigger NEED=HUMAN when data-testid is missing 

    Error: worker process exited unexpectedly (code=3221225794, signal=null)


[1A[2K[244/285] [chromium] › tests\e2e\subset\need-human.e2e.ts:147:7 › NEED=HUMAN E2E Validation › should handle missing configuration gracefully
[1A[2K  181) [chromium] › tests\e2e\subset\need-human.e2e.ts:147:7 › NEED=HUMAN E2E Validation › should handle missing configuration gracefully 

    Error: worker process exited unexpectedly (code=3221225794, signal=null)


[1A[2K[245/285] [chromium] › tests\e2e\subset\need-human.e2e.ts:179:7 › NEED=HUMAN E2E Validation › should validate API error handling
[1A[2K  182) [chromium] › tests\e2e\subset\need-human.e2e.ts:179:7 › NEED=HUMAN E2E Validation › should validate API error handling 

    Error: worker process exited unexpectedly (code=3221225794, signal=null)


[1A[2K[246/285] [chromium] › tests\e2e\subset\need-human.e2e.ts:100:7 › NEED=HUMAN E2E Validation › should validate color log output in console
[1A[2K  183) [chromium] › tests\e2e\subset\need-human.e2e.ts:100:7 › NEED=HUMAN E2E Validation › should validate color log output in console 

    Error: worker process exited unexpectedly (code=3221225794, signal=null)


[1A[2K[247/285] [chromium] › tests\e2e\subset\need-human.e2e.ts:218:7 › NEED=HUMAN Resolution Simulation › should pass after data-testid is added
[1A[2K  184) [chromium] › tests\e2e\subset\need-human.e2e.ts:218:7 › NEED=HUMAN Resolution Simulation › should pass after data-testid is added 

    Error: worker process exited unexpectedly (code=3221225794, signal=null)


[1A[2K  185) [chromium] › tests\e2e\navigation\navigation-flows.spec.ts:293:7 › Shopping Cart Operations › should remove item from cart 

    [31mTest timeout of 30000ms exceeded.[39m

    Error: locator.click: Test timeout of 30000ms exceeded.
    Call log:
    [2m  - waiting for locator('[data-testid="add-to-cart-btn"]').first()[22m


      296 |     // Add item to cart
      297 |     const addToCartBtn = page.locator('[data-testid="add-to-cart-btn"]').first();
    > 298 |     await addToCartBtn.click();
          |                        ^
      299 |     await page.waitForTimeout(500);
      300 |
      301 |     // Go to cart
        at c:\Dev\Zo\sass-store\tests\e2e\navigation\navigation-flows.spec.ts:298:24

    attachment #1: screenshot (image/png) ──────────────────────────────────────────────────────────
    test-results\navigation-navigation-flow-e99c1-hould-remove-item-from-cart-chromium\test-failed-1.png
    ────────────────────────────────────────────────────────────────────────────────────────────────

    attachment #2: video (video/webm) ──────────────────────────────────────────────────────────────
    test-results\navigation-navigation-flow-e99c1-hould-remove-item-from-cart-chromium\video.webm
    ────────────────────────────────────────────────────────────────────────────────────────────────

    Error Context: test-results\navigation-navigation-flow-e99c1-hould-remove-item-from-cart-chromium\error-context.md


[1A[2K[248/285] [chromium] › tests\e2e\subset\wondernails-isolation.e2e.ts:89:7 › Wondernails - Aislamiento de Widgets › debe verificar variables CSS locales en Wondernails
[1A[2K  186) [chromium] › tests\e2e\subset\wondernails-isolation.e2e.ts:89:7 › Wondernails - Aislamiento de Widgets › debe verificar variables CSS locales en Wondernails 

    Error: worker process exited unexpectedly (code=3221225794, signal=null)


[1A[2K[249/285] [chromium] › tests\e2e\subset\wondernails-isolation.e2e.ts:30:7 › Wondernails - Aislamiento de Widgets › NO debe mostrar estilos de Wondernails en /t/nom-nom
[1A[2K  187) [chromium] › tests\e2e\subset\wondernails-isolation.e2e.ts:30:7 › Wondernails - Aislamiento de Widgets › NO debe mostrar estilos de Wondernails en /t/nom-nom 

    Error: worker process exited unexpectedly (code=3221225794, signal=null)


[1A[2K[250/285] [chromium] › tests\e2e\subset\wondernails-isolation.e2e.ts:4:7 › Wondernails - Aislamiento de Widgets › debe mostrar HeroWondernails con aislamiento completo en /t/wondernails
[1A[2K  188) [chromium] › tests\e2e\subset\wondernails-isolation.e2e.ts:4:7 › Wondernails - Aislamiento de Widgets › debe mostrar HeroWondernails con aislamiento completo en /t/wondernails 

    Error: worker process exited unexpectedly (code=3221225794, signal=null)


[1A[2K[251/285] [chromium] › tests\e2e\subset\wondernails-isolation.e2e.ts:137:7 › Wondernails - Aislamiento de Widgets › debe verificar compatibilidad con prefers-reduced-motion
[1A[2K  189) [chromium] › tests\e2e\subset\wondernails-isolation.e2e.ts:137:7 › Wondernails - Aislamiento de Widgets › debe verificar compatibilidad con prefers-reduced-motion 

    Error: worker process exited unexpectedly (code=3221225794, signal=null)


[1A[2K[252/285] [chromium] › tests\e2e\subset\wondernails-reduced-motion.e2e.ts:56:7 › Wondernails - Reduced Motion Compliance › navegación manual debe usar fade corto (120-160ms)
[1A[2K  190) [chromium] › tests\e2e\subset\wondernails-reduced-motion.e2e.ts:56:7 › Wondernails - Reduced Motion Compliance › navegación manual debe usar fade corto (120-160ms) 

    Error: worker process exited unexpectedly (code=3221225794, signal=null)


[1A[2K[253/285] [chromium] › tests\e2e\subset\wondernails-reduced-motion.e2e.ts:25:7 › Wondernails - Reduced Motion Compliance › debe usar transiciones fade cortas en lugar de animaciones complejas
[1A[2K  191) [chromium] › tests\e2e\subset\wondernails-reduced-motion.e2e.ts:25:7 › Wondernails - Reduced Motion Compliance › debe usar transiciones fade cortas en lugar de animaciones complejas 

    Error: worker process exited unexpectedly (code=3221225794, signal=null)


[1A[2K[254/285] [chromium] › tests\e2e\subset\wondernails-reduced-motion.e2e.ts:4:7 › Wondernails - Reduced Motion Compliance › debe desactivar auto-rotación con prefers-reduced-motion
[1A[2K  192) [chromium] › tests\e2e\subset\wondernails-reduced-motion.e2e.ts:4:7 › Wondernails - Reduced Motion Compliance › debe desactivar auto-rotación con prefers-reduced-motion 

    Error: worker process exited unexpectedly (code=3221225794, signal=null)


[1A[2K[255/285] [chromium] › tests\e2e\subset\wondernails-reduced-motion.e2e.ts:84:7 › Wondernails - Reduced Motion Compliance › debe eliminar efectos de parallax con reduced motion
[1A[2K  193) [chromium] › tests\e2e\subset\wondernails-reduced-motion.e2e.ts:84:7 › Wondernails - Reduced Motion Compliance › debe eliminar efectos de parallax con reduced motion 

    Error: worker process exited unexpectedly (code=3221225794, signal=null)


[1A[2K[256/285] [chromium] › tests\e2e\subset\wondernails-reduced-motion.e2e.ts:153:7 › Wondernails - Reduced Motion Compliance › debe mantener funcionalidad básica con reduced motion
[1A[2K  194) [chromium] › tests\e2e\subset\wondernails-reduced-motion.e2e.ts:153:7 › Wondernails - Reduced Motion Compliance › debe mantener funcionalidad básica con reduced motion 

    Error: worker process exited unexpectedly (code=3221225794, signal=null)


[1A[2K[257/285] [chromium] › tests\e2e\subset\wondernails-reduced-motion.e2e.ts:200:7 › Wondernails - Reduced Motion Compliance › debe respetar configuración del sistema operativo
[1A[2K  195) [chromium] › tests\e2e\subset\wondernails-reduced-motion.e2e.ts:200:7 › Wondernails - Reduced Motion Compliance › debe respetar configuración del sistema operativo 

    Error: worker process exited unexpectedly (code=3221225794, signal=null)


[1A[2K[258/285] [chromium] › tests\e2e\subset\wondernails-reduced-motion.e2e.ts:111:7 › Wondernails - Reduced Motion Compliance › debe eliminar efectos de blur y overshoot
[1A[2K  196) [chromium] › tests\e2e\subset\wondernails-reduced-motion.e2e.ts:111:7 › Wondernails - Reduced Motion Compliance › debe eliminar efectos de blur y overshoot 

    Error: worker process exited unexpectedly (code=3221225794, signal=null)


[1A[2K[259/285] [chromium] › tests\e2e\subset\wondernails-isolation.e2e.ts:116:7 › Wondernails - Aislamiento de Widgets › debe verificar que las variables NO afectan el :root global
[1A[2K  197) [chromium] › tests\e2e\subset\wondernails-isolation.e2e.ts:116:7 › Wondernails - Aislamiento de Widgets › debe verificar que las variables NO afectan el :root global 

    Error: worker process exited unexpectedly (code=3221225794, signal=null)


[1A[2K[260/285] [chromium] › tests\e2e\subset\wondernails-reduced-motion.e2e.ts:237:7 › Wondernails - Reduced Motion Compliance › debe mostrar notificación visual para usuarios con reduced motion habilitado
[1A[2K  198) [chromium] › tests\e2e\subset\wondernails-reduced-motion.e2e.ts:237:7 › Wondernails - Reduced Motion Compliance › debe mostrar notificación visual para usuarios con reduced motion habilitado 

    Error: worker process exited unexpectedly (code=3221225794, signal=null)


[1A[2K[261/285] [chromium] › tests\e2e\subset\wondernails-ux-budget.e2e.ts:37:7 › Wondernails - UX Budget (Presupuesto de Clics) › flujo de reserva debe completarse en máximo 3 clics
[1A[2K  199) [chromium] › tests\e2e\subset\wondernails-ux-budget.e2e.ts:37:7 › Wondernails - UX Budget (Presupuesto de Clics) › flujo de reserva debe completarse en máximo 3 clics 

    Error: worker process exited unexpectedly (code=3221225794, signal=null)


[1A[2K[262/285] [chromium] › tests\e2e\subset\wondernails-ux-budget.e2e.ts:113:7 › Wondernails - UX Budget (Presupuesto de Clics) › flujo de "ver detalles" debe completarse en máximo 1 clic
[1A[2K  200) [chromium] › tests\e2e\subset\wondernails-ux-budget.e2e.ts:113:7 › Wondernails - UX Budget (Presupuesto de Clics) › flujo de "ver detalles" debe completarse en máximo 1 clic 

    Error: worker process exited unexpectedly (code=3221225794, signal=null)


[1A[2K[263/285] [chromium] › tests\e2e\subset\wondernails-ux-budget.e2e.ts:75:7 › Wondernails - UX Budget (Presupuesto de Clics) › flujo de compra debe completarse en máximo 2 clics
[1A[2K  201) [chromium] › tests\e2e\subset\wondernails-ux-budget.e2e.ts:75:7 › Wondernails - UX Budget (Presupuesto de Clics) › flujo de compra debe completarse en máximo 2 clics 

    Error: worker process exited unexpectedly (code=3221225794, signal=null)


[1A[2K[264/285] [chromium] › tests\e2e\subset\wondernails-ux-budget.e2e.ts:9:7 › Wondernails - UX Budget (Presupuesto de Clics) › CTA primario debe ser visible sin hover (0 clics)
[1A[2K  202) [chromium] › tests\e2e\subset\wondernails-ux-budget.e2e.ts:9:7 › Wondernails - UX Budget (Presupuesto de Clics) › CTA primario debe ser visible sin hover (0 clics) 

    Error: worker process exited unexpectedly (code=3221225794, signal=null)


[1A[2K[265/285] [chromium] › tests\e2e\subset\wondernails-ux-budget.e2e.ts:139:7 › Wondernails - UX Budget (Presupuesto de Clics) › controles de navegación deben ser accesibles con mínima interacción
[1A[2K  203) [chromium] › tests\e2e\subset\wondernails-ux-budget.e2e.ts:139:7 › Wondernails - UX Budget (Presupuesto de Clics) › controles de navegación deben ser accesibles con mínima interacción 

    Error: worker process exited unexpectedly (code=3221225794, signal=null)


[1A[2K[266/285] [chromium] › tests\e2e\subset\wondernails-ux-budget.e2e.ts:168:7 › Wondernails - UX Budget (Presupuesto de Clics) › debe medir tiempo de respuesta de interacciones críticas
[1A[2K  204) [chromium] › tests\e2e\subset\wondernails-ux-budget.e2e.ts:168:7 › Wondernails - UX Budget (Presupuesto de Clics) › debe medir tiempo de respuesta de interacciones críticas 

    Error: worker process exited unexpectedly (code=3221225794, signal=null)


[1A[2K[267/285] [chromium] › tests\e2e\tenant-security.spec.ts:5:7 › Tenant Security & Isolation › Tenant fallback - unknown subdomain should redirect to zo-system
[1A[2K  205) [chromium] › tests\e2e\tenant-security.spec.ts:5:7 › Tenant Security & Isolation › Tenant fallback - unknown subdomain should redirect to zo-system 

    Error: worker process exited unexpectedly (code=3221225794, signal=null)


[1A[2K[268/285] [chromium] › tests\e2e\tenant-security.spec.ts:26:7 › Tenant Security & Isolation › Tenant path resolution - /t/{tenant} should work
[1A[2K  206) [chromium] › tests\e2e\tenant-security.spec.ts:26:7 › Tenant Security & Isolation › Tenant path resolution - /t/{tenant} should work 

    Error: worker process exited unexpectedly (code=3221225794, signal=null)


[1A[2K[269/285] [chromium] › tests\e2e\tenant-security.spec.ts:37:7 › Tenant Security & Isolation › Cross-tenant data isolation - API level
[1A[2K  207) [chromium] › tests\e2e\tenant-security.spec.ts:37:7 › Tenant Security & Isolation › Cross-tenant data isolation - API level 

    Error: worker process exited unexpectedly (code=3221225794, signal=null)


[1A[2K[270/285] [chromium] › tests\e2e\subset\wondernails-ux-budget.e2e.ts:202:7 › Wondernails - UX Budget (Presupuesto de Clics) › debe verificar accesibilidad de CTAs para usuarios con limitaciones motoras
[1A[2K  208) [chromium] › tests\e2e\subset\wondernails-ux-budget.e2e.ts:202:7 › Wondernails - UX Budget (Presupuesto de Clics) › debe verificar accesibilidad de CTAs para usuarios con limitaciones motoras 

    Error: worker process exited unexpectedly (code=3221225794, signal=null)


[1A[2K[271/285] [chromium] › tests\e2e\tenant-security.spec.ts:66:7 › Tenant Security & Isolation › RLS enforcement - database level
[1A[2K  209) [chromium] › tests\e2e\tenant-security.spec.ts:66:7 › Tenant Security & Isolation › RLS enforcement - database level 

    Error: worker process exited unexpectedly (code=3221225794, signal=null)


[1A[2K[272/285] [chromium] › tests\e2e\tenant-security.spec.ts:105:7 › Tenant Security & Isolation › Rate limiting - per tenant enforcement
[1A[2K  210) [chromium] › tests\e2e\tenant-security.spec.ts:105:7 › Tenant Security & Isolation › Rate limiting - per tenant enforcement 

    Error: worker process exited unexpectedly (code=3221225794, signal=null)


[1A[2K[273/285] [chromium] › tests\e2e\tenant-security.spec.ts:186:7 › Tenant Security & Isolation › URL security - no tenant leakage in URLs
[1A[2K  211) [chromium] › tests\e2e\tenant-security.spec.ts:186:7 › Tenant Security & Isolation › URL security - no tenant leakage in URLs 

    Error: worker process exited unexpectedly (code=3221225794, signal=null)


[1A[2K[274/285] [chromium] › tests\e2e\tenant-security.spec.ts:154:7 › Tenant Security & Isolation › Tenant-specific content - services vs products
[1A[2K  212) [chromium] › tests\e2e\tenant-security.spec.ts:154:7 › Tenant Security & Isolation › Tenant-specific content - services vs products 

    Error: worker process exited unexpectedly (code=3221225794, signal=null)


[1A[2K[275/285] [chromium] › tests\e2e\tenant-security.spec.ts:172:7 › Tenant Security & Isolation › Contact information - per tenant
[1A[2K  213) [chromium] › tests\e2e\tenant-security.spec.ts:172:7 › Tenant Security & Isolation › Contact information - per tenant 

    Error: worker process exited unexpectedly (code=3221225794, signal=null)


[1A[2K[276/285] [chromium] › tests\e2e\tenant-security.spec.ts:128:7 › Tenant Security & Isolation › Tenant branding - should apply correct theme
[1A[2K  214) [chromium] › tests\e2e\tenant-security.spec.ts:128:7 › Tenant Security & Isolation › Tenant branding - should apply correct theme 

    Error: worker process exited unexpectedly (code=3221225794, signal=null)


[1A[2K[277/285] [chromium] › tests\e2e\tenant-security.spec.ts:201:7 › Tenant Security & Isolation › Session isolation - tenant switching
[1A[2K  215) [chromium] › tests\e2e\tenant-security.spec.ts:201:7 › Tenant Security & Isolation › Session isolation - tenant switching 

    Error: worker process exited unexpectedly (code=3221225794, signal=null)


[1A[2K[278/285] [chromium] › tests\e2e\ux\click-budget.spec.ts:4:7 › Click Budget Tests - UX Optimization › Purchase Flow - should complete in ≤3 clicks
[1A[2K  216) [chromium] › tests\e2e\ux\click-budget.spec.ts:4:7 › Click Budget Tests - UX Optimization › Purchase Flow - should complete in ≤3 clicks 

    Error: worker process exited unexpectedly (code=3221225794, signal=null)


[1A[2K[279/285] [chromium] › tests\e2e\ux\click-budget.spec.ts:139:7 › Click Budget Tests - UX Optimization › Command Palette - should open with Cmd+K
[1A[2K  217) [chromium] › tests\e2e\ux\click-budget.spec.ts:139:7 › Click Budget Tests - UX Optimization › Command Palette - should open with Cmd+K 

    Error: worker process exited unexpectedly (code=3221225794, signal=null)


[1A[2K[280/285] [chromium] › tests\e2e\ux\click-budget.spec.ts:112:7 › Click Budget Tests - UX Optimization › Mobile Touch Targets - should meet 44px minimum
[1A[2K  218) [chromium] › tests\e2e\ux\click-budget.spec.ts:112:7 › Click Budget Tests - UX Optimization › Mobile Touch Targets - should meet 44px minimum 

    Error: worker process exited unexpectedly (code=3221225794, signal=null)


[1A[2K[281/285] [chromium] › tests\e2e\ux\click-budget.spec.ts:83:7 › Click Budget Tests - UX Optimization › Reorder Flow - should complete in ≤1 click
[1A[2K  219) [chromium] › tests\e2e\ux\click-budget.spec.ts:83:7 › Click Budget Tests - UX Optimization › Reorder Flow - should complete in ≤1 click 

    Error: worker process exited unexpectedly (code=3221225794, signal=null)


[1A[2K[282/285] [chromium] › tests\e2e\ux\click-budget.spec.ts:47:7 › Click Budget Tests - UX Optimization › Booking Flow - should complete in ≤2 clicks
[1A[2K  220) [chromium] › tests\e2e\ux\click-budget.spec.ts:47:7 › Click Budget Tests - UX Optimization › Booking Flow - should complete in ≤2 clicks 

    Error: worker process exited unexpectedly (code=3221225794, signal=null)


[1A[2K[283/285] [chromium] › tests\e2e\ux\click-budget.spec.ts:155:7 › Click Budget Tests - UX Optimization › Quick Actions Dock - should show role-appropriate actions
[1A[2K  221) [chromium] › tests\e2e\ux\click-budget.spec.ts:155:7 › Click Budget Tests - UX Optimization › Quick Actions Dock - should show role-appropriate actions 

    Error: worker process exited unexpectedly (code=3221225794, signal=null)


[1A[2K[284/285] [chromium] › tests\e2e\ux\click-budget.spec.ts:179:7 › Click Budget Tests - UX Optimization › Keyboard Navigation - should support full keyboard accessibility
[1A[2K  222) [chromium] › tests\e2e\ux\click-budget.spec.ts:179:7 › Click Budget Tests - UX Optimization › Keyboard Navigation - should support full keyboard accessibility 

    Error: worker process exited unexpectedly (code=3221225794, signal=null)


[1A[2K[285/285] [chromium] › tests\e2e\ux\click-budget.spec.ts:217:7 › Click Budget Tests - UX Optimization › Admin Actions - should complete in ≤2 clicks
[1A[2K  223) [chromium] › tests\e2e\ux\click-budget.spec.ts:217:7 › Click Budget Tests - UX Optimization › Admin Actions - should complete in ≤2 clicks 

    Error: worker process exited unexpectedly (code=3221225794, signal=null)


[1A[2K  224) [chromium] › tests\e2e\navigation\navigation-flows.spec.ts:317:7 › Shopping Cart Operations › should calculate cart total correctly 

    [31mTest timeout of 30000ms exceeded.[39m

    Error: locator.textContent: Test timeout of 30000ms exceeded.
    Call log:
    [2m  - waiting for locator('[data-testid="product-card"]').first().locator('[data-testid="product-price"]')[22m


      320 |     // Add item to cart
      321 |     const firstProduct = page.locator('[data-testid="product-card"]').first();
    > 322 |     const firstPrice = await firstProduct.locator('[data-testid="product-price"]').textContent();
          |                                                                                    ^
      323 |     const priceValue = parseFloat(firstPrice?.replace(/[^0-9.]/g, '') || '0');
      324 |
      325 |     const addToCartBtn = firstProduct.locator('[data-testid="add-to-cart-btn"]');
        at c:\Dev\Zo\sass-store\tests\e2e\navigation\navigation-flows.spec.ts:322:84

    attachment #1: screenshot (image/png) ──────────────────────────────────────────────────────────
    test-results\navigation-navigation-flow-3eda3-culate-cart-total-correctly-chromium\test-failed-1.png
    ────────────────────────────────────────────────────────────────────────────────────────────────

    attachment #2: video (video/webm) ──────────────────────────────────────────────────────────────
    test-results\navigation-navigation-flow-3eda3-culate-cart-total-correctly-chromium\video.webm
    ────────────────────────────────────────────────────────────────────────────────────────────────

    Error Context: test-results\navigation-navigation-flow-3eda3-culate-cart-total-correctly-chromium\error-context.md


[1A[2K  225) [chromium] › tests\e2e\navigation\navigation-flows.spec.ts:343:7 › Booking System › should book a service appointment 

    [31mTest timeout of 30000ms exceeded.[39m

    Error: locator.click: Test timeout of 30000ms exceeded.
    Call log:
    [2m  - waiting for locator('[data-testid="service-card"]').first()[22m


      345 |
      346 |     const serviceCard = page.locator('[data-testid="service-card"]').first();
    > 347 |     await serviceCard.click();
          |                       ^
      348 |
      349 |     const bookBtn = page.locator('[data-testid="book-service-btn"], button:has-text("Book")');
      350 |     if (await bookBtn.isVisible()) {
        at c:\Dev\Zo\sass-store\tests\e2e\navigation\navigation-flows.spec.ts:347:23

    attachment #1: screenshot (image/png) ──────────────────────────────────────────────────────────
    test-results\navigation-navigation-flow-1c725--book-a-service-appointment-chromium\test-failed-1.png
    ────────────────────────────────────────────────────────────────────────────────────────────────

    attachment #2: video (video/webm) ──────────────────────────────────────────────────────────────
    test-results\navigation-navigation-flow-1c725--book-a-service-appointment-chromium\video.webm
    ────────────────────────────────────────────────────────────────────────────────────────────────

    Error Context: test-results\navigation-navigation-flow-1c725--book-a-service-appointment-chromium\error-context.md


[1A[2K  226) [chromium] › tests\e2e\navigation\navigation-flows.spec.ts:379:7 › Booking System › should select staff member for booking 

    [31mTest timeout of 30000ms exceeded.[39m

    Error: locator.click: Test timeout of 30000ms exceeded.
    Call log:
    [2m  - waiting for locator('[data-testid="service-card"]').first()[22m


      381 |
      382 |     const serviceCard = page.locator('[data-testid="service-card"]').first();
    > 383 |     await serviceCard.click();
          |                       ^
      384 |
      385 |     const staffSelector = page.locator('[data-testid="staff-selector"], select[name="staff"]');
      386 |     if (await staffSelector.isVisible()) {
        at c:\Dev\Zo\sass-store\tests\e2e\navigation\navigation-flows.spec.ts:383:23

    attachment #1: screenshot (image/png) ──────────────────────────────────────────────────────────
    test-results\navigation-navigation-flow-9b84d-ct-staff-member-for-booking-chromium\test-failed-1.png
    ────────────────────────────────────────────────────────────────────────────────────────────────

    attachment #2: video (video/webm) ──────────────────────────────────────────────────────────────
    test-results\navigation-navigation-flow-9b84d-ct-staff-member-for-booking-chromium\video.webm
    ────────────────────────────────────────────────────────────────────────────────────────────────

    Error Context: test-results\navigation-navigation-flow-9b84d-ct-staff-member-for-booking-chromium\error-context.md


[1A[2K  227) [chromium] › tests\e2e\navigation\navigation-flows.spec.ts:401:7 › Checkout Process › should proceed through checkout flow 

    [31mTest timeout of 30000ms exceeded.[39m

    Error: locator.click: Test timeout of 30000ms exceeded.
    Call log:
    [2m  - waiting for locator('[data-testid="add-to-cart-btn"]').first()[22m


      404 |     // Add product to cart
      405 |     const addToCartBtn = page.locator('[data-testid="add-to-cart-btn"]').first();
    > 406 |     await addToCartBtn.click();
          |                        ^
      407 |     await page.waitForTimeout(500);
      408 |
      409 |     // Go to checkout
        at c:\Dev\Zo\sass-store\tests\e2e\navigation\navigation-flows.spec.ts:406:24

    attachment #1: screenshot (image/png) ──────────────────────────────────────────────────────────
    test-results\navigation-navigation-flow-c5006-oceed-through-checkout-flow-chromium\test-failed-1.png
    ────────────────────────────────────────────────────────────────────────────────────────────────

    attachment #2: video (video/webm) ──────────────────────────────────────────────────────────────
    test-results\navigation-navigation-flow-c5006-oceed-through-checkout-flow-chromium\video.webm
    ────────────────────────────────────────────────────────────────────────────────────────────────

    Error Context: test-results\navigation-navigation-flow-c5006-oceed-through-checkout-flow-chromium\error-context.md


[1A[2K  227 failed
    [chromium] › tests\e2e\accessibility\a11y-compliance.spec.ts:6:7 › Accessibility (A11y) Compliance Tests › Color contrast should meet WCAG AA requirements 
    [chromium] › tests\e2e\accessibility\a11y-compliance.spec.ts:67:7 › Accessibility (A11y) Compliance Tests › Keyboard navigation should work throughout the app 
    [chromium] › tests\e2e\accessibility\a11y-compliance.spec.ts:111:7 › Accessibility (A11y) Compliance Tests › ARIA attributes should be properly implemented 
    [chromium] › tests\e2e\accessibility\a11y-compliance.spec.ts:183:7 › Accessibility (A11y) Compliance Tests › Images should have appropriate alt text 
    [chromium] › tests\e2e\accessibility\a11y-compliance.spec.ts:222:7 › Accessibility (A11y) Compliance Tests › Focus management should work correctly 
    [chromium] › tests\e2e\accessibility\a11y-compliance.spec.ts:293:7 › Accessibility (A11y) Compliance Tests › Screen reader announcements should be present 
    [chromium] › tests\e2e\accessibility\a11y-compliance.spec.ts:385:7 › Accessibility (A11y) Compliance Tests › Error messages should be accessible 
    [chromium] › tests\e2e\accessibility\keyboard-only-flows.spec.ts:10:7 › Keyboard-Only Purchase Flow › should complete entire purchase using only keyboard navigation 
    [chromium] › tests\e2e\accessibility\keyboard-only-flows.spec.ts:105:7 › Keyboard-Only Purchase Flow › should navigate product carousel with keyboard 
    [chromium] › tests\e2e\accessibility\keyboard-only-flows.spec.ts:155:7 › Screen Reader Booking Flow › should announce booking form properly for screen readers 
    [chromium] › tests\e2e\accessibility\keyboard-only-flows.spec.ts:214:7 › Screen Reader Booking Flow › should have descriptive labels for all form inputs 
    [chromium] › tests\e2e\accessibility\keyboard-only-flows.spec.ts:250:7 › Screen Reader Booking Flow › should announce time slot availability 
    [chromium] › tests\e2e\accessibility\keyboard-only-flows.spec.ts:274:7 › Screen Reader Booking Flow › should have proper focus indicators 
    [chromium] › tests\e2e\accessibility\keyboard-only-flows.spec.ts:304:7 › Screen Reader Booking Flow › should support ARIA live regions for dynamic content 
    [chromium] › tests\e2e\accessibility.spec.ts:4:7 › Accessibility Tests › Screen reader support should be comprehensive 
    [chromium] › tests\e2e\accessibility.spec.ts:75:7 › Accessibility Tests › ARIA attributes should be properly implemented 
    [chromium] › tests\e2e\accessibility.spec.ts:191:7 › Accessibility Tests › Keyboard navigation should work throughout the app 
    [chromium] › tests\e2e\accessibility.spec.ts:233:7 › Accessibility Tests › Focus management should work correctly 
    [chromium] › tests\e2e\accessibility.spec.ts:270:7 › Accessibility Tests › Screen reader announcements should be present 
    [chromium] › tests\e2e\auth\forgot-password.spec.ts:7:7 › Forgot Password Flow › should display forgot password page correctly 
    [chromium] › tests\e2e\auth\forgot-password.spec.ts:17:7 › Forgot Password Flow › should show validation error for empty email 
    [chromium] › tests\e2e\auth\forgot-password.spec.ts:29:7 › Forgot Password Flow › should show validation error for invalid email format 
    [chromium] › tests\e2e\auth\forgot-password.spec.ts:41:7 › Forgot Password Flow › should successfully submit forgot password request 
    [chromium] › tests\e2e\auth\forgot-password.spec.ts:55:7 › Forgot Password Flow › should navigate back to login from forgot password 
    [chromium] › tests\e2e\auth\forgot-password.spec.ts:64:7 › Forgot Password Flow › should display forgot password link on login page 
    [chromium] › tests\e2e\auth\forgot-password.spec.ts:72:7 › Forgot Password Flow › should navigate from login to forgot password 
    [chromium] › tests\e2e\auth\forgot-password.spec.ts:87:7 › Reset Password Flow › should display error for missing token 
    [chromium] › tests\e2e\auth\forgot-password.spec.ts:94:7 › Reset Password Flow › should display error for invalid token 
    [chromium] › tests\e2e\auth\forgot-password.spec.ts:101:7 › Reset Password Flow › should display reset password form with valid token 
    [chromium] › tests\e2e\auth\forgot-password.spec.ts:111:7 › Reset Password Flow › should toggle password visibility 
    [chromium] › tests\e2e\auth\forgot-password.spec.ts:131:7 › Reset Password Flow › should show error when passwords do not match 
    [chromium] › tests\e2e\auth\forgot-password.spec.ts:142:7 › Reset Password Flow › should show error for password less than 8 characters 
    [chromium] › tests\e2e\auth\forgot-password.spec.ts:154:7 › Reset Password Flow › should show loading state when submitting 
    [chromium] › tests\e2e\auth\forgot-password.spec.ts:169:7 › Reset Password Flow › should navigate back to login from reset password 
    [chromium] › tests\e2e\auth\forgot-password.spec.ts:178:7 › Reset Password Flow › should have proper form accessibility 
    [chromium] › tests\e2e\auth\forgot-password.spec.ts:193:7 › Reset Password Flow › should handle keyboard navigation 
    [chromium] › tests\e2e\auth\forgot-password.spec.ts:213:7 › Forgot Password - Multiple Tenants › should work correctly for all tenants 
    [chromium] › tests\e2e\auth\forgot-password.spec.ts:229:7 › Forgot Password - Error Handling › should handle network errors gracefully 
    [chromium] › tests\e2e\auth\forgot-password.spec.ts:244:7 › Forgot Password - Error Handling › should handle API error responses 
    [chromium] › tests\e2e\auth\register.spec.ts:18:7 › User Registration Flow › should successfully register a new user 
    [chromium] › tests\e2e\auth\register.spec.ts:42:7 › User Registration Flow › should show password visibility toggle 
    [chromium] › tests\e2e\auth\register.spec.ts:58:7 › User Registration Flow › should validate required fields 
    [chromium] › tests\e2e\auth\register.spec.ts:73:7 › User Registration Flow › should validate email format 
    [chromium] › tests\e2e\auth\register.spec.ts:89:7 › User Registration Flow › should validate password length 
    [chromium] › tests\e2e\auth\register.spec.ts:104:7 › User Registration Flow › should validate password confirmation match 
    [chromium] › tests\e2e\auth\register.spec.ts:119:7 › User Registration Flow › should require terms and conditions acceptance 
    [chromium] › tests\e2e\auth\register.spec.ts:134:7 › User Registration Flow › should prevent duplicate email registration 
    [chromium] › tests\e2e\auth\register.spec.ts:163:7 › User Registration Flow › should disable form during submission 
    [chromium] › tests\e2e\auth\register.spec.ts:180:7 › User Registration Flow › should maintain tenant context across registration 
    [chromium] › tests\e2e\auth\register.spec.ts:197:7 › User Registration Flow › should work across different tenants 
    [chromium] › tests\e2e\auth\register.spec.ts:212:7 › User Registration Flow › should be accessible via keyboard navigation 
    [chromium] › tests\e2e\auth\register.spec.ts:244:7 › Registration Form Accessibility › should have proper ARIA labels 
    [chromium] › tests\e2e\auth\register.spec.ts:266:7 › Registration Form Accessibility › should meet WCAG contrast requirements 
    [chromium] › tests\e2e\booking\quick-and-recurring-booking.spec.ts:10:7 › Quick Service Booking - 2 Click Budget › should book next available appointment in 2 clicks 
    [chromium] › tests\e2e\booking\quick-and-recurring-booking.spec.ts:78:7 › Quick Service Booking - 2 Click Budget › should show next available time across all staff 
    [chromium] › tests\e2e\booking\quick-and-recurring-booking.spec.ts:104:7 › Quick Service Booking - 2 Click Budget › should pre-fill customer data for logged-in users 
    [chromium] › tests\e2e\booking\quick-and-recurring-booking.spec.ts:197:7 › Recurring Service Booking - 2 Click Budget › should allow selecting recurring frequency 
    [chromium] › tests\e2e\booking\quick-and-recurring-booking.spec.ts:219:7 › Recurring Service Booking - 2 Click Budget › should display recurring booking cost summary 
    [chromium] › tests\e2e\booking\quick-and-recurring-booking.spec.ts:269:7 › Recurring Service Booking - 2 Click Budget › should remember customer preferred time and staff 
    [chromium] › tests\e2e\carousel\wondernails-carousel.spec.ts:12:7 › Wondernails Carousel Hero Section › should display the carousel container with correct structure 
    [chromium] › tests\e2e\carousel\wondernails-carousel.spec.ts:26:7 › Wondernails Carousel Hero Section › should display the active slide correctly by default 
    [chromium] › tests\e2e\carousel\wondernails-carousel.spec.ts:39:7 › Wondernails Carousel Hero Section › should navigate to next slide when next button is clicked 
    [chromium] › tests\e2e\carousel\wondernails-carousel.spec.ts:60:7 › Wondernails Carousel Hero Section › should navigate to previous slide when prev button is clicked 
    [chromium] › tests\e2e\carousel\wondernails-carousel.spec.ts:79:7 › Wondernails Carousel Hero Section › should show detail view when see more button is clicked 
    [chromium] › tests\e2e\carousel\wondernails-carousel.spec.ts:102:7 › Wondernails Carousel Hero Section › should return to carousel view when back button is clicked 
    [chromium] › tests\e2e\carousel\wondernails-carousel.spec.ts:125:7 › Wondernails Carousel Hero Section › should display slide content correctly 
    [chromium] › tests\e2e\carousel\wondernails-carousel.spec.ts:145:7 › Wondernails Carousel Hero Section › should have proper keyboard navigation support 
    [chromium] › tests\e2e\carousel\wondernails-carousel.spec.ts:172:7 › Wondernails Carousel Hero Section › should have proper ARIA attributes for accessibility 
    [chromium] › tests\e2e\carousel\wondernails-carousel.spec.ts:191:7 › Wondernails Carousel Hero Section › should be responsive on mobile devices 
    [chromium] › tests\e2e\carousel\wondernails-carousel.spec.ts:212:7 › Wondernails Carousel Hero Section › should have isolated styles that do not affect other page elements 
    [chromium] › tests\e2e\carousel\wondernails-carousel.spec.ts:227:7 › Wondernails Carousel Hero Section › should handle rapid clicking without breaking 
    [chromium] › tests\e2e\carousel\wondernails-carousel.spec.ts:242:7 › Wondernails Carousel Hero Section › should maintain performance with smooth animations 
    [chromium] › tests\e2e\click-budget.spec.ts:48:7 › Click Budget Tests › Purchase Flow - should complete in ≤3 clicks 
    [chromium] › tests\e2e\click-budget.spec.ts:162:7 › Click Budget Tests › Command Palette - should open with Cmd+K 
    [chromium] › tests\e2e\click-budget.spec.ts:188:7 › Click Budget Tests › Quick Actions Dock - should show role-appropriate actions 
    [chromium] › tests\e2e\click-budget.spec.ts:211:7 › Click Budget Tests › Keyboard Navigation - should support full keyboard accessibility 
    [chromium] › tests\e2e\error-handling\payment-timeout-recovery.spec.ts:9:7 › Payment Gateway Timeout Recovery › should handle payment gateway timeout gracefully 
    [chromium] › tests\e2e\fallback\fallback-comprehensive.spec.ts:4:7 › Comprehensive Fallback Testing - Master Plan Implementation › Unknown subdomain fallback to zo-system 
    [chromium] › tests\e2e\fallback\fallback-comprehensive.spec.ts:101:7 › Comprehensive Fallback Testing - Master Plan Implementation › SEO handling for fallback scenarios 
    [chromium] › tests\e2e\fallback\fallback-comprehensive.spec.ts:164:7 › Comprehensive Fallback Testing - Master Plan Implementation › Tenant migration and redirect handling 
    [chromium] › tests\e2e\interactions\mobile-desktop-interactions.spec.ts:142:7 › Desktop Mouse Interactions › should show hover effects on product cards 
    [chromium] › tests\e2e\interactions\mobile-desktop-interactions.spec.ts:163:7 › Desktop Mouse Interactions › should support right-click context menu 
    [chromium] › tests\e2e\interactions\mobile-desktop-interactions.spec.ts:248:7 › Desktop Mouse Interactions › should support mouse wheel for image zoom 
    [chromium] › tests\e2e\interactions\mobile-desktop-interactions.spec.ts:279:7 › Desktop Mouse Interactions › should support double-click for quick actions 
    [chromium] › tests\e2e\multitenant\tenant-isolation.spec.ts:38:7 › Multitenant Isolation Tests › Data isolation - no cross-tenant data leakage 
    [chromium] › tests\e2e\multitenant\tenant-isolation.spec.ts:90:7 › Multitenant Isolation Tests › Fallback to zo-system for unknown tenants 
    [chromium] › tests\e2e\multitenant\tenant-isolation.spec.ts:107:7 › Multitenant Isolation Tests › Session isolation between tenants 
    [chromium] › tests\e2e\navigation\navigation-flows.spec.ts:9:7 › Authentication & Login › should login successfully with valid credentials 
    [chromium] › tests\e2e\navigation\navigation-flows.spec.ts:21:7 › Authentication & Login › should show error for invalid credentials 
    [chromium] › tests\e2e\navigation\navigation-flows.spec.ts:45:7 › Authentication & Login › should remember me functionality work 
    [chromium] › tests\e2e\navigation\navigation-flows.spec.ts:124:7 › Search Functionality › should search products successfully 
    [chromium] › tests\e2e\navigation\navigation-flows.spec.ts:141:7 › Search Functionality › should show no results message for invalid search 
    [chromium] › tests\e2e\navigation\navigation-flows.spec.ts:254:7 › Shopping Cart Operations › should add product to cart 
    [chromium] › tests\e2e\navigation\navigation-flows.spec.ts:268:7 › Shopping Cart Operations › should update cart item quantity 
    [chromium] › tests\e2e\navigation\navigation-flows.spec.ts:293:7 › Shopping Cart Operations › should remove item from cart 
    [chromium] › tests\e2e\navigation\navigation-flows.spec.ts:317:7 › Shopping Cart Operations › should calculate cart total correctly 
    [chromium] › tests\e2e\navigation\navigation-flows.spec.ts:343:7 › Booking System › should book a service appointment 
    [chromium] › tests\e2e\navigation\navigation-flows.spec.ts:379:7 › Booking System › should select staff member for booking 
    [chromium] › tests\e2e\navigation\navigation-flows.spec.ts:401:7 › Checkout Process › should proceed through checkout flow 
    [chromium] › tests\e2e\performance\core-web-vitals.spec.ts:49:7 › Performance Tests - Core Web Vitals › Bundle size should be under 250KB 
    [chromium] › tests\e2e\performance\core-web-vitals.spec.ts:228:7 › Performance Tests - Core Web Vitals › Caching headers should be set properly 
    [chromium] › tests\e2e\performance\core-web-vitals.spec.ts:272:7 › Performance Tests - Core Web Vitals › JavaScript execution should be efficient 
    [chromium] › tests\e2e\performance\core-web-vitals.spec.ts:311:7 › Performance Tests - Core Web Vitals › Memory usage should be reasonable 
    [chromium] › tests\e2e\performance\core-web-vitals.spec.ts:349:7 › Performance Tests - Core Web Vitals › Network requests should be optimized 
    [chromium] › tests\e2e\performance\core-web-vitals.spec.ts:388:7 › Performance Tests - Core Web Vitals › Progressive loading should work 
    [chromium] › tests\e2e\performance\mobile-performance-budget.spec.ts:10:7 › Mobile Performance Budget › should meet mobile LCP budget of <3s 
    [chromium] › tests\e2e\performance\mobile-performance-budget.spec.ts:29:7 › Mobile Performance Budget › should meet mobile FCP budget of <2s 
    [chromium] › tests\e2e\performance\mobile-performance-budget.spec.ts:48:7 › Mobile Performance Budget › should meet mobile TTFB budget of <1s 
    [chromium] › tests\e2e\performance\mobile-performance-budget.spec.ts:66:7 › Mobile Performance Budget › should load efficiently on 3G network 
    [chromium] › tests\e2e\performance\mobile-performance-budget.spec.ts:85:7 › Mobile Performance Budget › should serve appropriately sized images for mobile 
    [chromium] › tests\e2e\performance\mobile-performance-budget.spec.ts:110:7 › Mobile Performance Budget › should minimize JavaScript execution time 
    [chromium] › tests\e2e\performance\mobile-performance-budget.spec.ts:133:7 › Mobile Performance Budget › should lazy load below-the-fold content 
    [chromium] › tests\e2e\performance\mobile-performance-budget.spec.ts:156:7 › Mobile Performance Budget › should use efficient caching for mobile 
    [chromium] › tests\e2e\performance\mobile-performance-budget.spec.ts:172:7 › Mobile Performance Budget › should minimize layout shifts on mobile 
    [chromium] › tests\e2e\performance\mobile-performance-budget.spec.ts:201:7 › Mobile Performance Budget › should optimize font loading for mobile 
    [chromium] › tests\e2e\performance\mobile-performance-budget.spec.ts:222:7 › Mobile Performance Budget › should meet mobile bundle size budget 
    [chromium] › tests\e2e\performance\mobile-performance-budget.spec.ts:248:7 › Mobile Performance Budget › should prioritize critical rendering path on mobile 
    [chromium] › tests\e2e\performance.spec.ts:4:7 › Performance Tests › Page load times should meet targets 
    [chromium] › tests\e2e\performance.spec.ts:30:7 › Performance Tests › Bundle size should be under 250KB 
    [chromium] › tests\e2e\performance.spec.ts:75:7 › Performance Tests › Core Web Vitals should meet targets 
    [chromium] › tests\e2e\performance.spec.ts:131:7 › Performance Tests › Image optimization should be working 
    [chromium] › tests\e2e\performance.spec.ts:151:7 › Performance Tests › Caching headers should be set properly 
    [chromium] › tests\e2e\purchase\bundle-and-gift-flows.spec.ts:10:7 › Bundle Purchase with Cross-Sell - 3 Click Budget › should complete bundle purchase with cross-sell in 3 clicks 
    [chromium] › tests\e2e\purchase\bundle-and-gift-flows.spec.ts:70:7 › Bundle Purchase with Cross-Sell - 3 Click Budget › should show bundle savings and item breakdown 
    [chromium] › tests\e2e\purchase\bundle-and-gift-flows.spec.ts:105:7 › Gift Purchase Flow - 3 Click Budget › should complete gift purchase with gift options in 3 clicks 
    [chromium] › tests\e2e\purchase\bundle-and-gift-flows.spec.ts:175:7 › Gift Purchase Flow - 3 Click Budget › should allow custom gift message 
    [chromium] › tests\e2e\purchase\bundle-and-gift-flows.spec.ts:199:7 › Gift Purchase Flow - 3 Click Budget › should show gift pricing with wrap costs 
    [chromium] › tests\e2e\purchase\bundle-and-gift-flows.spec.ts:229:7 › Gift Purchase Flow - 3 Click Budget › should support scheduling gift delivery 
    [chromium] › tests\e2e\quotas\cost-guards.spec.ts:14:7 › Quotas and Cost Guards E2E Tests › Eco Mode (50% budget) - Reduced features and quality 
    [chromium] › tests\e2e\quotas\cost-guards.spec.ts:79:7 › Quotas and Cost Guards E2E Tests › Warning Mode (80% budget) - Usage notifications 
    [chromium] › tests\e2e\quotas\cost-guards.spec.ts:130:7 › Quotas and Cost Guards E2E Tests › Freeze Mode (90% budget) - Write operations disabled 
    [chromium] › tests\e2e\quotas\cost-guards.spec.ts:196:7 › Quotas and Cost Guards E2E Tests › Kill Switch (100% budget) - Service unavailable 
    [chromium] › tests\e2e\quotas\cost-guards.spec.ts:234:7 › Quotas and Cost Guards E2E Tests › Quota API - 429 responses with retry headers 
    [chromium] › tests\e2e\quotas\cost-guards.spec.ts:274:7 › Quotas and Cost Guards E2E Tests › Resource Limits - Storage, API calls, connections 
    [chromium] › tests\e2e\quotas\cost-guards.spec.ts:321:7 › Quotas and Cost Guards E2E Tests › Quota Recovery - Service restoration after limits reset 
    [chromium] › tests\e2e\quotas\cost-guards.spec.ts:366:7 › Quotas and Cost Guards E2E Tests › Budget Notifications - Progressive alerts 
    [chromium] › tests\e2e\reorder\smart-reorder.spec.ts:9:7 › Smart Reorder with Substitutions - 1 Click Budget › should complete smart reorder with substitutions in 1 click 
    [chromium] › tests\e2e\reorder\smart-reorder.spec.ts:51:7 › Smart Reorder with Substitutions - 1 Click Budget › should detect out-of-stock items and suggest alternatives 
    [chromium] › tests\e2e\reorder\smart-reorder.spec.ts:85:7 › Smart Reorder with Substitutions - 1 Click Budget › should apply smart substitution preferences 
    [chromium] › tests\e2e\reorder\smart-reorder.spec.ts:117:7 › Smart Reorder with Substitutions - 1 Click Budget › should show price comparison for substitutions 
    [chromium] › tests\e2e\reorder\smart-reorder.spec.ts:153:7 › Smart Reorder with Substitutions - 1 Click Budget › should handle complete inventory check before reorder 
    [chromium] › tests\e2e\reorder\smart-reorder.spec.ts:185:7 › Smart Reorder with Substitutions - 1 Click Budget › should maintain order history with substitution records 
    [chromium] › tests\e2e\reviews.spec.ts:9:7 › Product Reviews E2E Flow › should display existing reviews 
    [chromium] › tests\e2e\reviews.spec.ts:20:7 › Product Reviews E2E Flow › should submit a new review successfully 
    [chromium] › tests\e2e\reviews.spec.ts:38:7 › Product Reviews E2E Flow › should validate required fields 
    [chromium] › tests\e2e\reviews.spec.ts:47:7 › Product Reviews E2E Flow › should allow marking review as helpful 
    [chromium] › tests\e2e\reviews.spec.ts:69:7 › Product Reviews E2E Flow › should display average rating 
    [chromium] › tests\e2e\reviews.spec.ts:82:7 › Product Reviews E2E Flow › should filter reviews by rating 
    [chromium] › tests\e2e\reviews.spec.ts:99:7 › Product Reviews E2E Flow › should load more reviews on scroll 
    [chromium] › tests\e2e\rls\booking-system-isolation.spec.ts:9:7 › Booking System Tenant Isolation › should only show staff from current tenant 
    [chromium] › tests\e2e\rls\booking-system-isolation.spec.ts:35:7 › Booking System Tenant Isolation › should not display other tenant bookings in calendar 
    [chromium] › tests\e2e\rls\booking-system-isolation.spec.ts:57:7 › Booking System Tenant Isolation › should prevent access to other tenant booking via direct URL 
    [chromium] › tests\e2e\rls\booking-system-isolation.spec.ts:106:7 › Booking System Tenant Isolation › should isolate staff API endpoints by tenant 
    [chromium] › tests\e2e\rls\booking-system-isolation.spec.ts:129:7 › Booking System Tenant Isolation › should enforce tenant boundary in booking creation 
    [chromium] › tests\e2e\rls\booking-system-isolation.spec.ts:152:7 › Booking System Tenant Isolation › should prevent booking modifications across tenants 
    [chromium] › tests\e2e\rls\booking-system-isolation.spec.ts:175:7 › Booking System Tenant Isolation › should maintain booking isolation in shared time slots 
    [chromium] › tests\e2e\rls\product-catalog-isolation.spec.ts:9:7 › Product Catalog Tenant Isolation › should only show products from current tenant 
    [chromium] › tests\e2e\rls\product-catalog-isolation.spec.ts:32:7 › Product Catalog Tenant Isolation › should not display other tenant products in search results 
    [chromium] › tests\e2e\rls\product-catalog-isolation.spec.ts:60:7 › Product Catalog Tenant Isolation › should return 404 for cross-tenant product access via URL 
    [chromium] › tests\e2e\rls\product-catalog-isolation.spec.ts:84:7 › Product Catalog Tenant Isolation › should isolate product API responses by tenant 
    [chromium] › tests\e2e\rls\product-catalog-isolation.spec.ts:107:7 › Product Catalog Tenant Isolation › should prevent cross-tenant cart contamination 
    [chromium] › tests\e2e\rls\product-catalog-isolation.spec.ts:130:7 › Product Catalog Tenant Isolation › should enforce tenant boundary in product mutations 
    [chromium] › tests\e2e\self-healing\self-healing-validation.spec.ts:7:7 › Self-Healing Test Validation - Master Plan Implementation › Self-healing selector fallback - data-testid priority 
    [chromium] › tests\e2e\self-healing\self-healing-validation.spec.ts:46:7 › Self-Healing Test Validation - Master Plan Implementation › State-based waits vs sleep - network idle and element states 
    [chromium] › tests\e2e\self-healing\self-healing-validation.spec.ts:82:7 › Self-Healing Test Validation - Master Plan Implementation › Controlled retry logic - 1-2 retries maximum 
    [chromium] › tests\e2e\self-healing\self-healing-validation.spec.ts:141:7 › Self-Healing Test Validation - Master Plan Implementation › Click budget validation with real user flows 
    [chromium] › tests\e2e\self-healing\self-healing-validation.spec.ts:205:7 › Self-Healing Test Validation - Master Plan Implementation › Booking flow with 2-click budget validation 
    [chromium] › tests\e2e\self-healing\self-healing-validation.spec.ts:253:7 › Self-Healing Test Validation - Master Plan Implementation › Selector stability validation - no brittle selectors 
    [chromium] › tests\e2e\self-healing\self-healing-validation.spec.ts:304:7 › Self-Healing Test Validation - Master Plan Implementation › Error recovery and graceful degradation 
    [chromium] › tests\e2e\self-healing\self-healing-validation.spec.ts:350:7 › Self-Healing Test Validation - Master Plan Implementation › Performance-aware self-healing - timeout management 
    [chromium] › tests\e2e\seo\seo-optimization.spec.ts:6:7 › SEO Optimization Tests › Meta tags should be tenant-specific 
    [chromium] › tests\e2e\seo\seo-optimization.spec.ts:45:7 › SEO Optimization Tests › Canonical URLs should be correct 
    [chromium] › tests\e2e\seo\seo-optimization.spec.ts:75:7 › SEO Optimization Tests › Structured data (JSON-LD) should be present 
    [chromium] › tests\e2e\seo\seo-optimization.spec.ts:126:7 › SEO Optimization Tests › Images should have proper optimization 
    [chromium] › tests\e2e\seo\seo-optimization.spec.ts:171:7 › SEO Optimization Tests › Fallback tenant should have correct SEO handling 
    [chromium] › tests\e2e\seo\seo-optimization.spec.ts:195:7 › SEO Optimization Tests › Sitemap and robots.txt should be accessible 
    [chromium] › tests\e2e\seo\seo-optimization.spec.ts:215:7 › SEO Optimization Tests › Page load performance should meet targets 
    [chromium] › tests\e2e\seo\seo-optimization.spec.ts:262:7 › SEO Optimization Tests › Breadcrumbs should be implemented correctly 
    [chromium] › tests\e2e\social-planner\social-planner-flow.spec.ts:14:7 › Social Planner E2E Tests - Phase 1 Coverage › Social Planner - Create and schedule post (planificación sin publicar) 
    [chromium] › tests\e2e\social-planner\social-planner-flow.spec.ts:83:7 › Social Planner E2E Tests - Phase 1 Coverage › Social Planner - Duplicate and move post via drag&drop 
    [chromium] › tests\e2e\social-planner\social-planner-flow.spec.ts:120:7 › Social Planner E2E Tests - Phase 1 Coverage › Social Planner - Edit override for specific network 
    [chromium] › tests\e2e\social-planner\social-planner-flow.spec.ts:150:7 › Social Planner E2E Tests - Phase 1 Coverage › Social Planner - View modes (Mes, Semana, Día, Año) 
    [chromium] › tests\e2e\social-planner\social-planner-flow.spec.ts:184:7 › Social Planner E2E Tests - Phase 1 Coverage › Social Planner - Timezone handling (America/Mexico_City) 
    [chromium] › tests\e2e\social-planner\social-planner-flow.spec.ts:214:7 › Social Planner E2E Tests - Phase 1 Coverage › Social Planner - Self-healing selector validation 
    [chromium] › tests\e2e\subset\need-human.e2e.ts:10:7 › NEED=HUMAN E2E Validation › should trigger NEED=HUMAN when data-testid is missing 
    [chromium] › tests\e2e\subset\need-human.e2e.ts:100:7 › NEED=HUMAN E2E Validation › should validate color log output in console 
    [chromium] › tests\e2e\subset\need-human.e2e.ts:147:7 › NEED=HUMAN E2E Validation › should handle missing configuration gracefully 
    [chromium] › tests\e2e\subset\need-human.e2e.ts:179:7 › NEED=HUMAN E2E Validation › should validate API error handling 
    [chromium] › tests\e2e\subset\need-human.e2e.ts:218:7 › NEED=HUMAN Resolution Simulation › should pass after data-testid is added 
    [chromium] › tests\e2e\subset\wondernails-isolation.e2e.ts:4:7 › Wondernails - Aislamiento de Widgets › debe mostrar HeroWondernails con aislamiento completo en /t/wondernails 
    [chromium] › tests\e2e\subset\wondernails-isolation.e2e.ts:30:7 › Wondernails - Aislamiento de Widgets › NO debe mostrar estilos de Wondernails en /t/nom-nom 
    [chromium] › tests\e2e\subset\wondernails-isolation.e2e.ts:89:7 › Wondernails - Aislamiento de Widgets › debe verificar variables CSS locales en Wondernails 
    [chromium] › tests\e2e\subset\wondernails-isolation.e2e.ts:116:7 › Wondernails - Aislamiento de Widgets › debe verificar que las variables NO afectan el :root global 
    [chromium] › tests\e2e\subset\wondernails-isolation.e2e.ts:137:7 › Wondernails - Aislamiento de Widgets › debe verificar compatibilidad con prefers-reduced-motion 
    [chromium] › tests\e2e\subset\wondernails-reduced-motion.e2e.ts:4:7 › Wondernails - Reduced Motion Compliance › debe desactivar auto-rotación con prefers-reduced-motion 
    [chromium] › tests\e2e\subset\wondernails-reduced-motion.e2e.ts:25:7 › Wondernails - Reduced Motion Compliance › debe usar transiciones fade cortas en lugar de animaciones complejas 
    [chromium] › tests\e2e\subset\wondernails-reduced-motion.e2e.ts:56:7 › Wondernails - Reduced Motion Compliance › navegación manual debe usar fade corto (120-160ms) 
    [chromium] › tests\e2e\subset\wondernails-reduced-motion.e2e.ts:84:7 › Wondernails - Reduced Motion Compliance › debe eliminar efectos de parallax con reduced motion 
    [chromium] › tests\e2e\subset\wondernails-reduced-motion.e2e.ts:111:7 › Wondernails - Reduced Motion Compliance › debe eliminar efectos de blur y overshoot 
    [chromium] › tests\e2e\subset\wondernails-reduced-motion.e2e.ts:153:7 › Wondernails - Reduced Motion Compliance › debe mantener funcionalidad básica con reduced motion 
    [chromium] › tests\e2e\subset\wondernails-reduced-motion.e2e.ts:200:7 › Wondernails - Reduced Motion Compliance › debe respetar configuración del sistema operativo 
    [chromium] › tests\e2e\subset\wondernails-reduced-motion.e2e.ts:237:7 › Wondernails - Reduced Motion Compliance › debe mostrar notificación visual para usuarios con reduced motion habilitado 
    [chromium] › tests\e2e\subset\wondernails-ux-budget.e2e.ts:9:7 › Wondernails - UX Budget (Presupuesto de Clics) › CTA primario debe ser visible sin hover (0 clics) 
    [chromium] › tests\e2e\subset\wondernails-ux-budget.e2e.ts:37:7 › Wondernails - UX Budget (Presupuesto de Clics) › flujo de reserva debe completarse en máximo 3 clics 
    [chromium] › tests\e2e\subset\wondernails-ux-budget.e2e.ts:75:7 › Wondernails - UX Budget (Presupuesto de Clics) › flujo de compra debe completarse en máximo 2 clics 
    [chromium] › tests\e2e\subset\wondernails-ux-budget.e2e.ts:113:7 › Wondernails - UX Budget (Presupuesto de Clics) › flujo de "ver detalles" debe completarse en máximo 1 clic 
    [chromium] › tests\e2e\subset\wondernails-ux-budget.e2e.ts:139:7 › Wondernails - UX Budget (Presupuesto de Clics) › controles de navegación deben ser accesibles con mínima interacción 
    [chromium] › tests\e2e\subset\wondernails-ux-budget.e2e.ts:168:7 › Wondernails - UX Budget (Presupuesto de Clics) › debe medir tiempo de respuesta de interacciones críticas 
    [chromium] › tests\e2e\subset\wondernails-ux-budget.e2e.ts:202:7 › Wondernails - UX Budget (Presupuesto de Clics) › debe verificar accesibilidad de CTAs para usuarios con limitaciones motoras 
    [chromium] › tests\e2e\tenant-security.spec.ts:5:7 › Tenant Security & Isolation › Tenant fallback - unknown subdomain should redirect to zo-system 
    [chromium] › tests\e2e\tenant-security.spec.ts:26:7 › Tenant Security & Isolation › Tenant path resolution - /t/{tenant} should work 
    [chromium] › tests\e2e\tenant-security.spec.ts:37:7 › Tenant Security & Isolation › Cross-tenant data isolation - API level 
    [chromium] › tests\e2e\tenant-security.spec.ts:66:7 › Tenant Security & Isolation › RLS enforcement - database level 
    [chromium] › tests\e2e\tenant-security.spec.ts:105:7 › Tenant Security & Isolation › Rate limiting - per tenant enforcement 
    [chromium] › tests\e2e\tenant-security.spec.ts:128:7 › Tenant Security & Isolation › Tenant branding - should apply correct theme 
    [chromium] › tests\e2e\tenant-security.spec.ts:154:7 › Tenant Security & Isolation › Tenant-specific content - services vs products 
    [chromium] › tests\e2e\tenant-security.spec.ts:172:7 › Tenant Security & Isolation › Contact information - per tenant 
    [chromium] › tests\e2e\tenant-security.spec.ts:186:7 › Tenant Security & Isolation › URL security - no tenant leakage in URLs 
    [chromium] › tests\e2e\tenant-security.spec.ts:201:7 › Tenant Security & Isolation › Session isolation - tenant switching 
    [chromium] › tests\e2e\ux\click-budget.spec.ts:4:7 › Click Budget Tests - UX Optimization › Purchase Flow - should complete in ≤3 clicks 
    [chromium] › tests\e2e\ux\click-budget.spec.ts:47:7 › Click Budget Tests - UX Optimization › Booking Flow - should complete in ≤2 clicks 
    [chromium] › tests\e2e\ux\click-budget.spec.ts:83:7 › Click Budget Tests - UX Optimization › Reorder Flow - should complete in ≤1 click 
    [chromium] › tests\e2e\ux\click-budget.spec.ts:112:7 › Click Budget Tests - UX Optimization › Mobile Touch Targets - should meet 44px minimum 
    [chromium] › tests\e2e\ux\click-budget.spec.ts:139:7 › Click Budget Tests - UX Optimization › Command Palette - should open with Cmd+K 
    [chromium] › tests\e2e\ux\click-budget.spec.ts:155:7 › Click Budget Tests - UX Optimization › Quick Actions Dock - should show role-appropriate actions 
    [chromium] › tests\e2e\ux\click-budget.spec.ts:179:7 › Click Budget Tests - UX Optimization › Keyboard Navigation - should support full keyboard accessibility 
    [chromium] › tests\e2e\ux\click-budget.spec.ts:217:7 › Click Budget Tests - UX Optimization › Admin Actions - should complete in ≤2 clicks 
  8 skipped
  50 passed (5.3m)

[36m  Serving HTML report at http://localhost:9323. Press Ctrl+C to quit.[39m
